Archive member included to satisfy reference by file (symbol)

c:/program files (x86)/gnu tools arm embedded/7 2017-q4-major/bin/../lib/gcc/arm-none-eabi/7.2.1/../../../../arm-none-eabi/lib/thumb/v7e-m/fpv4-sp/hard\libc_nano.a(lib_a-errno.o)
                              build/syscalls.o (__errno)
c:/program files (x86)/gnu tools arm embedded/7 2017-q4-major/bin/../lib/gcc/arm-none-eabi/7.2.1/../../../../arm-none-eabi/lib/thumb/v7e-m/fpv4-sp/hard\libc_nano.a(lib_a-exit.o)
                              c:/program files (x86)/gnu tools arm embedded/7 2017-q4-major/bin/../lib/gcc/arm-none-eabi/7.2.1/../../../../arm-none-eabi/lib/thumb/v7e-m/fpv4-sp/hard/crt0.o (exit)
c:/program files (x86)/gnu tools arm embedded/7 2017-q4-major/bin/../lib/gcc/arm-none-eabi/7.2.1/../../../../arm-none-eabi/lib/thumb/v7e-m/fpv4-sp/hard\libc_nano.a(lib_a-impure.o)
                              c:/program files (x86)/gnu tools arm embedded/7 2017-q4-major/bin/../lib/gcc/arm-none-eabi/7.2.1/../../../../arm-none-eabi/lib/thumb/v7e-m/fpv4-sp/hard\libc_nano.a(lib_a-exit.o) (_global_impure_ptr)
c:/program files (x86)/gnu tools arm embedded/7 2017-q4-major/bin/../lib/gcc/arm-none-eabi/7.2.1/../../../../arm-none-eabi/lib/thumb/v7e-m/fpv4-sp/hard\libc_nano.a(lib_a-init.o)
                              c:/program files (x86)/gnu tools arm embedded/7 2017-q4-major/bin/../lib/gcc/arm-none-eabi/7.2.1/../../../../arm-none-eabi/lib/thumb/v7e-m/fpv4-sp/hard/crt0.o (__libc_init_array)
c:/program files (x86)/gnu tools arm embedded/7 2017-q4-major/bin/../lib/gcc/arm-none-eabi/7.2.1/../../../../arm-none-eabi/lib/thumb/v7e-m/fpv4-sp/hard\libc_nano.a(lib_a-memset.o)
                              c:/program files (x86)/gnu tools arm embedded/7 2017-q4-major/bin/../lib/gcc/arm-none-eabi/7.2.1/../../../../arm-none-eabi/lib/thumb/v7e-m/fpv4-sp/hard/crt0.o (memset)
c:/program files (x86)/gnu tools arm embedded/7 2017-q4-major/bin/../lib/gcc/arm-none-eabi/7.2.1/../../../../arm-none-eabi/lib/thumb/v7e-m/fpv4-sp/hard\libc_nano.a(lib_a-nano-vfprintf_float.o)
                              (_printf_float)
c:/program files (x86)/gnu tools arm embedded/7 2017-q4-major/bin/../lib/gcc/arm-none-eabi/7.2.1/../../../../arm-none-eabi/lib/thumb/v7e-m/fpv4-sp/hard\libc_nano.a(lib_a-nano-vfprintf_i.o)
                              c:/program files (x86)/gnu tools arm embedded/7 2017-q4-major/bin/../lib/gcc/arm-none-eabi/7.2.1/../../../../arm-none-eabi/lib/thumb/v7e-m/fpv4-sp/hard\libc_nano.a(lib_a-nano-vfprintf_float.o) (_printf_common)
c:/program files (x86)/gnu tools arm embedded/7 2017-q4-major/bin/../lib/gcc/arm-none-eabi/7.2.1/../../../../arm-none-eabi/lib/thumb/v7e-m/fpv4-sp/hard\libc_nano.a(lib_a-printf.o)
                              build/main.o (printf)
c:/program files (x86)/gnu tools arm embedded/7 2017-q4-major/bin/../lib/gcc/arm-none-eabi/7.2.1/../../../../arm-none-eabi/lib/thumb/v7e-m/fpv4-sp/hard\libc_nano.a(lib_a-setbuf.o)
                              build/main.o (setbuf)
c:/program files (x86)/gnu tools arm embedded/7 2017-q4-major/bin/../lib/gcc/arm-none-eabi/7.2.1/../../../../arm-none-eabi/lib/thumb/v7e-m/fpv4-sp/hard\libc_nano.a(lib_a-setvbuf.o)
                              c:/program files (x86)/gnu tools arm embedded/7 2017-q4-major/bin/../lib/gcc/arm-none-eabi/7.2.1/../../../../arm-none-eabi/lib/thumb/v7e-m/fpv4-sp/hard\libc_nano.a(lib_a-setbuf.o) (setvbuf)
c:/program files (x86)/gnu tools arm embedded/7 2017-q4-major/bin/../lib/gcc/arm-none-eabi/7.2.1/../../../../arm-none-eabi/lib/thumb/v7e-m/fpv4-sp/hard\libc_nano.a(lib_a-strlen.o)
                              c:/program files (x86)/gnu tools arm embedded/7 2017-q4-major/bin/../lib/gcc/arm-none-eabi/7.2.1/../../../../arm-none-eabi/lib/thumb/v7e-m/fpv4-sp/hard\libc_nano.a(lib_a-nano-vfprintf_float.o) (strlen)
c:/program files (x86)/gnu tools arm embedded/7 2017-q4-major/bin/../lib/gcc/arm-none-eabi/7.2.1/../../../../arm-none-eabi/lib/thumb/v7e-m/fpv4-sp/hard\libc_nano.a(lib_a-dtoa.o)
                              c:/program files (x86)/gnu tools arm embedded/7 2017-q4-major/bin/../lib/gcc/arm-none-eabi/7.2.1/../../../../arm-none-eabi/lib/thumb/v7e-m/fpv4-sp/hard\libc_nano.a(lib_a-nano-vfprintf_float.o) (_dtoa_r)
c:/program files (x86)/gnu tools arm embedded/7 2017-q4-major/bin/../lib/gcc/arm-none-eabi/7.2.1/../../../../arm-none-eabi/lib/thumb/v7e-m/fpv4-sp/hard\libc_nano.a(lib_a-fflush.o)
                              c:/program files (x86)/gnu tools arm embedded/7 2017-q4-major/bin/../lib/gcc/arm-none-eabi/7.2.1/../../../../arm-none-eabi/lib/thumb/v7e-m/fpv4-sp/hard\libc_nano.a(lib_a-setvbuf.o) (_fflush_r)
c:/program files (x86)/gnu tools arm embedded/7 2017-q4-major/bin/../lib/gcc/arm-none-eabi/7.2.1/../../../../arm-none-eabi/lib/thumb/v7e-m/fpv4-sp/hard\libc_nano.a(lib_a-findfp.o)
[...]
Memory Configuration

Name             Origin             Length             Attributes
RAM              0x20000000         0x00020000         xrw
CCMRAM           0x10000000         0x00010000         rw
FLASH            0x08000000         0x00100000         xr
*default*        0x00000000         0xffffffff

Linker script and memory map

LOAD c:/program files (x86)/gnu tools arm embedded/7 2017-q4-major/bin/../lib/gcc/arm-none-eabi/7.2.1/thumb/v7e-m/fpv4-sp/hard/crti.o
LOAD c:/program files (x86)/gnu tools arm embedded/7 2017-q4-major/bin/../lib/gcc/arm-none-eabi/7.2.1/thumb/v7e-m/fpv4-sp/hard/crtbegin.o
LOAD c:/program files (x86)/gnu tools arm embedded/7 2017-q4-major/bin/../lib/gcc/arm-none-eabi/7.2.1/../../../../arm-none-eabi/lib/thumb/v7e-m/fpv4-sp/hard/crt0.o
LOAD build/stm32f4xx_hal_rcc_ex.o
LOAD build/stm32f4xx_hal_pwr.o
LOAD build/stm32f4xx_hal_dma_ex.o
LOAD build/stm32f4xx_hal_adc_ex.o
LOAD build/stm32f4xx_hal.o
LOAD build/system_stm32f4xx.o
LOAD build/stm32f4xx_hal_flash_ex.o
LOAD build/stm32f4xx_hal_gpio.o
LOAD build/adc.o
LOAD build/stm32f4xx_it.o
LOAD build/stm32f4xx_hal_tim_ex.o
LOAD build/gpio.o
LOAD build/stm32f4xx_hal_pwr_ex.o
LOAD build/stm32f4xx_hal_spi.o
LOAD build/stm32f4xx_hal_rcc.o
LOAD build/stm32f4xx_hal_flash.o
LOAD build/main.o
LOAD build/usart.o
LOAD build/stm32f4xx_hal_flash_ramfunc.o
LOAD build/stm32f4xx_hal_uart.o
LOAD build/tim.o
LOAD build/stm32f4xx_hal_cortex.o
LOAD build/stm32f4xx_hal_adc.o
LOAD build/stm32f4xx_hal_msp.o
LOAD build/stm32f4xx_hal_dma.o
LOAD build/stm32f4xx_hal_tim.o
LOAD build/spi.o
LOAD build/syscalls.o
LOAD build/global.o
LOAD build/control.o
LOAD build/startup_stm32f405xx.o
LOAD c:/program files (x86)/gnu tools arm embedded/7 2017-q4-major/bin/../lib/gcc/arm-none-eabi/7.2.1/../../../../arm-none-eabi/lib/thumb/v7e-m/fpv4-sp/hard\libc_nano.a
LOAD c:/program files (x86)/gnu tools arm embedded/7 2017-q4-major/bin/../lib/gcc/arm-none-eabi/7.2.1/../../../../arm-none-eabi/lib/thumb/v7e-m/fpv4-sp/hard\libm.a
LOAD c:/program files (x86)/gnu tools arm embedded/7 2017-q4-major/bin/../lib/gcc/arm-none-eabi/7.2.1/../../../../arm-none-eabi/lib/thumb/v7e-m/fpv4-sp/hard\libnosys.a
LOAD Drivers/CMSIS/Lib/GCC/\libarm_cortexM4lf_math.a
START GROUP
LOAD c:/program files (x86)/gnu tools arm embedded/7 2017-q4-major/bin/../lib/gcc/arm-none-eabi/7.2.1/thumb/v7e-m/fpv4-sp/hard\libgcc.a
LOAD c:/program files (x86)/gnu tools arm embedded/7 2017-q4-major/bin/../lib/gcc/arm-none-eabi/7.2.1/../../../../arm-none-eabi/lib/thumb/v7e-m/fpv4-sp/hard\libc_nano.a
END GROUP
START GROUP
LOAD c:/program files (x86)/gnu tools arm embedded/7 2017-q4-major/bin/../lib/gcc/arm-none-eabi/7.2.1/thumb/v7e-m/fpv4-sp/hard\libgcc.a
LOAD c:/program files (x86)/gnu tools arm embedded/7 2017-q4-major/bin/../lib/gcc/arm-none-eabi/7.2.1/../../../../arm-none-eabi/lib/thumb/v7e-m/fpv4-sp/hard\libc_nano.a
END GROUP
LOAD c:/program files (x86)/gnu tools arm embedded/7 2017-q4-major/bin/../lib/gcc/arm-none-eabi/7.2.1/thumb/v7e-m/fpv4-sp/hard/crtend.o
LOAD c:/program files (x86)/gnu tools arm embedded/7 2017-q4-major/bin/../lib/gcc/arm-none-eabi/7.2.1/thumb/v7e-m/fpv4-sp/hard/crtn.o
                0x20020000                _estack = 0x20020000
                0x00000200                _Min_Heap_Size = 0x200
                0x00000400                _Min_Stack_Size = 0x400

.isr_vector     0x08000000      0x188
                0x08000000                . = ALIGN (0x4)
 *(.isr_vector)
 .isr_vector    0x08000000      0x188 build/startup_stm32f405xx.o
                0x08000000                g_pfnVectors
                0x08000188                . = ALIGN (0x4)

.text           0x08000190     0x7190
                0x08000190                . = ALIGN (0x4)
 *(.text)
 .text          0x08000190       0x40 c:/program files (x86)/gnu tools arm embedded/7 2017-q4-major/bin/../lib/gcc/arm-none-eabi/7.2.1/thumb/v7e-m/fpv4-sp/hard/crtbegin.o
 .text          0x080001d0       0x10 c:/program files (x86)/gnu tools arm embedded/7 2017-q4-major/bin/../lib/gcc/arm-none-eabi/7.2.1/../../../../arm-none-eabi/lib/thumb/v7e-m/fpv4-sp/hard\libc_nano.a(lib_a-strlen.o)
                0x080001d0                strlen
 .text          0x080001e0       0xa0 c:/program files (x86)/gnu tools arm embedded/7 2017-q4-major/bin/../lib/gcc/arm-none-eabi/7.2.1/../../../../arm-none-eabi/lib/thumb/v7e-m/fpv4-sp/hard\libc_nano.a(lib_a-memchr.o)
                0x080001e0                memchr
 .text          0x08000280      0x378 c:/program files (x86)/gnu tools arm embedded/7 2017-q4-major/bin/../lib/gcc/arm-none-eabi/7.2.1/thumb/v7e-m/fpv4-sp/hard\libgcc.a(_arm_addsubdf3.o)
                0x08000280                __aeabi_drsub
                0x08000288                __aeabi_dsub
                0x08000288                __subdf3
                0x0800028c                __aeabi_dadd
                0x0800028c                __adddf3
                0x08000504                __floatunsidf
                0x08000504                __aeabi_ui2d
                0x08000524                __floatsidf
                0x08000524                __aeabi_i2d
                0x08000548                __aeabi_f2d
                0x08000548                __extendsfdf2
                0x0800058c                __floatundidf
                0x0800058c                __aeabi_ul2d
                0x0800059c                __floatdidf
                0x0800059c                __aeabi_l2d
 .text          0x080005f8      0x424 c:/program files (x86)/gnu tools arm embedded/7 2017-q4-major/bin/../lib/gcc/arm-none-eabi/7.2.1/thumb/v7e-m/fpv4-sp/hard\libgcc.a(_arm_muldivdf3.o)
                0x080005f8                __aeabi_dmul
                0x080005f8                __muldf3
                0x0800084c                __divdf3
                0x0800084c                __aeabi_ddiv
 .text          0x08000a1c      0x110 c:/program files (x86)/gnu tools arm embedded/7 2017-q4-major/bin/../lib/gcc/arm-none-eabi/7.2.1/thumb/v7e-m/fpv4-sp/hard\libgcc.a(_arm_cmpdf2.o)
                0x08000a1c                __gtdf2
                0x08000a1c                __gedf2
                0x08000a24                __ltdf2
                0x08000a24                __ledf2
                0x08000a2c                __nedf2
                0x08000a2c                __eqdf2
                0x08000a2c                __cmpdf2
                0x08000aa8                __aeabi_cdrcmple
                0x08000ab8                __aeabi_cdcmpeq
                0x08000ab8                __aeabi_cdcmple
                0x08000ac8                __aeabi_dcmpeq
                0x08000adc                __aeabi_dcmplt
                0x08000af0                __aeabi_dcmple
                0x08000b04                __aeabi_dcmpge
                0x08000b18                __aeabi_dcmpgt
 .text          0x08000b2c       0x2c c:/program files (x86)/gnu tools arm embedded/7 2017-q4-major/bin/../lib/gcc/arm-none-eabi/7.2.1/thumb/v7e-m/fpv4-sp/hard\libgcc.a(_arm_unorddf2.o)
                0x08000b2c                __unorddf2
                0x08000b2c                __aeabi_dcmpun
 .text          0x08000b58       0x50 c:/program files (x86)/gnu tools arm embedded/7 2017-q4-major/bin/../lib/gcc/arm-none-eabi/7.2.1/thumb/v7e-m/fpv4-sp/hard\libgcc.a(_arm_fixdfsi.o)
                0x08000b58                __aeabi_d2iz
                0x08000b58                __fixdfsi
 .text          0x08000ba8       0xa0 c:/program files (x86)/gnu tools arm embedded/7 2017-q4-major/bin/../lib/gcc/arm-none-eabi/7.2.1/thumb/v7e-m/fpv4-sp/hard\libgcc.a(_arm_truncdfsf2.o)
                0x08000ba8                __truncdfsf2
                0x08000ba8                __aeabi_d2f
 .text          0x08000c48       0x30 c:/program files (x86)/gnu tools arm embedded/7 2017-q4-major/bin/../lib/gcc/arm-none-eabi/7.2.1/thumb/v7e-m/fpv4-sp/hard\libgcc.a(_aeabi_uldivmod.o)
                0x08000c48                __aeabi_uldivmod
 .text          0x08000c78      0x2cc c:/program files (x86)/gnu tools arm embedded/7 2017-q4-major/bin/../lib/gcc/arm-none-eabi/7.2.1/thumb/v7e-m/fpv4-sp/hard\libgcc.a(_udivmoddi4.o)
                0x08000c78                __udivmoddi4
 .text          0x08000f44        0x4 c:/program files (x86)/gnu tools arm embedded/7 2017-q4-major/bin/../lib/gcc/arm-none-eabi/7.2.1/thumb/v7e-m/fpv4-sp/hard\libgcc.a(_dvmd_tls.o)
                0x08000f44                __aeabi_idiv0
                0x08000f44                __aeabi_ldiv0
 *(.text*)
 .text.HAL_InitTick
                0x08000f48       0x4c build/stm32f4xx_hal.o
                0x08000f48                HAL_InitTick
 .text.HAL_Init
                0x08000f94       0x34 build/stm32f4xx_hal.o
                0x08000f94                HAL_Init
 .text.HAL_IncTick
                0x08000fc8       0x18 build/stm32f4xx_hal.o
                0x08000fc8                HAL_IncTick
 .text.HAL_GetTick
                0x08000fe0        0xc build/stm32f4xx_hal.o
                0x08000fe0                HAL_GetTick
 .text.HAL_Delay
                0x08000fec       0x28 build/stm32f4xx_hal.o
                0x08000fec                HAL_Delay
 .text.SystemInit
                0x08001014       0x4c build/system_stm32f4xx.o
                0x08001014                SystemInit
 .text.HAL_GPIO_Init
                0x08001060      0x1c8 build/stm32f4xx_hal_gpio.o
                0x08001060                HAL_GPIO_Init
 .text.HAL_GPIO_WritePin
                0x08001228        0xc build/stm32f4xx_hal_gpio.o
                0x08001228                HAL_GPIO_WritePin
 .text.MX_ADC1_Init
                0x08001234       0x70 build/adc.o
                0x08001234                MX_ADC1_Init
 .text.MX_ADC2_Init
                0x080012a4       0x70 build/adc.o
                0x080012a4                MX_ADC2_Init
 .text.MX_ADC3_Init
                0x08001314       0x70 build/adc.o
                0x08001314                MX_ADC3_Init
 .text.HAL_ADC_MspInit
                0x08001384       0xb8 build/adc.o
                0x08001384                HAL_ADC_MspInit
 .text.update_batt_date
                0x0800143c       0x4c build/adc.o
                0x0800143c                update_batt_date
 .text.update_fr_sen_on
                0x08001488       0x80 build/adc.o
                0x08001488                update_fr_sen_on
 .text.update_side_sen_on
                0x08001508       0x7c build/adc.o
                0x08001508                update_side_sen_on
 .text.update_fr_sen_off
                0x08001584       0x80 build/adc.o
                0x08001584                update_fr_sen_off
 .text.update_side_sen_off
                0x08001604       0x7c build/adc.o
                0x08001604                update_side_sen_off
 .text.update_wall
                0x08001680       0xd8 build/adc.o
                0x08001680                update_wall
 .text.NMI_Handler
                0x08001758        0x2 build/stm32f4xx_it.o
                0x08001758                NMI_Handler
 .text.HardFault_Handler
                0x0800175a        0x2 build/stm32f4xx_it.o
                0x0800175a                HardFault_Handler
 .text.MemManage_Handler
                0x0800175c        0x2 build/stm32f4xx_it.o
                0x0800175c                MemManage_Handler
 .text.BusFault_Handler
                0x0800175e        0x2 build/stm32f4xx_it.o
                0x0800175e                BusFault_Handler
 .text.UsageFault_Handler
                0x08001760        0x2 build/stm32f4xx_it.o
                0x08001760                UsageFault_Handler
 .text.SVC_Handler
                0x08001762        0x2 build/stm32f4xx_it.o
                0x08001762                SVC_Handler
 .text.DebugMon_Handler
                0x08001764        0x2 build/stm32f4xx_it.o
                0x08001764                DebugMon_Handler
 .text.PendSV_Handler
                0x08001766        0x2 build/stm32f4xx_it.o
                0x08001766                PendSV_Handler
 .text.SysTick_Handler
                0x08001768      0x1e0 build/stm32f4xx_it.o
                0x08001768                SysTick_Handler
 .text.TIM5_IRQHandler
                0x08001948       0x78 build/stm32f4xx_it.o
                0x08001948                TIM5_IRQHandler
 .text.HAL_TIMEx_MasterConfigSynchronization
                0x080019c0       0x52 build/stm32f4xx_hal_tim_ex.o
                0x080019c0                HAL_TIMEx_MasterConfigSynchronization
 .text.HAL_TIMEx_ConfigBreakDeadTime
                0x08001a12       0x58 build/stm32f4xx_hal_tim_ex.o
                0x08001a12                HAL_TIMEx_ConfigBreakDeadTime
 .text.HAL_TIMEx_CommutationCallback
                0x08001a6a        0x2 build/stm32f4xx_hal_tim_ex.o
                0x08001a6a                HAL_TIMEx_CommutationCallback
 .text.HAL_TIMEx_BreakCallback
                0x08001a6c        0x2 build/stm32f4xx_hal_tim_ex.o
                0x08001a6c                HAL_TIMEx_BreakCallback
 *fill*         0x08001a6e        0x2 
 .text.MX_GPIO_Init
                0x08001a70       0xc4 build/gpio.o
                0x08001a70                MX_GPIO_Init
 .text.All_LED_ON
                0x08001b34       0x38 build/gpio.o
                0x08001b34                All_LED_ON
 .text.All_LED_OFF
                0x08001b6c       0x38 build/gpio.o
                0x08001b6c                All_LED_OFF
 .text.All_IR_OFF
                0x08001ba4       0x34 build/gpio.o
                0x08001ba4                All_IR_OFF
 .text.IR_Contoroll
                0x08001bd8       0x90 build/gpio.o
                0x08001bd8                IR_Contoroll
 .text.SPI_WaitFlagStateUntilTimeout
                0x08001c68       0x96 build/stm32f4xx_hal_spi.o
 .text.SPI_CheckFlag_BSY
                0x08001cfe       0x28 build/stm32f4xx_hal_spi.o
 .text.HAL_SPI_Init
                0x08001d26       0x80 build/stm32f4xx_hal_spi.o
                0x08001d26                HAL_SPI_Init
 .text.HAL_SPI_Transmit
                0x08001da6      0x1a6 build/stm32f4xx_hal_spi.o
                0x08001da6                HAL_SPI_Transmit
 .text.HAL_SPI_TransmitReceive
                0x08001f4c      0x238 build/stm32f4xx_hal_spi.o
                0x08001f4c                HAL_SPI_TransmitReceive
 .text.HAL_SPI_Receive
                0x08002184      0x168 build/stm32f4xx_hal_spi.o
                0x08002184                HAL_SPI_Receive
 .text.HAL_RCC_OscConfig
                0x080022ec      0x398 build/stm32f4xx_hal_rcc.o
                0x080022ec                HAL_RCC_OscConfig
 .text.HAL_RCC_GetSysClockFreq
                0x08002684       0xa8 build/stm32f4xx_hal_rcc.o
                0x08002684                HAL_RCC_GetSysClockFreq
 .text.HAL_RCC_ClockConfig
                0x0800272c      0x158 build/stm32f4xx_hal_rcc.o
                0x0800272c                HAL_RCC_ClockConfig
 .text.HAL_RCC_GetHCLKFreq
                0x08002884        0xc build/stm32f4xx_hal_rcc.o
                0x08002884                HAL_RCC_GetHCLKFreq
 .text.HAL_RCC_GetPCLK1Freq
                0x08002890       0x20 build/stm32f4xx_hal_rcc.o
                0x08002890                HAL_RCC_GetPCLK1Freq
 .text.HAL_RCC_GetPCLK2Freq
                0x080028b0       0x20 build/stm32f4xx_hal_rcc.o
                0x080028b0                HAL_RCC_GetPCLK2Freq
 .text.__io_putchar
                0x080028d0       0x20 build/main.o
                0x080028d0                __io_putchar
 .text.Batt_Check
                0x080028f0       0xa0 build/main.o
                0x080028f0                Batt_Check
 .text._Error_Handler
                0x08002990        0x2 build/main.o
                0x08002990                _Error_Handler
 *fill*         0x08002992        0x2 
 .text.SystemClock_Config
                0x08002994       0xc0 build/main.o
                0x08002994                SystemClock_Config
 .text.main     0x08002a54       0xac build/main.o
                0x08002a54                main
 .text.MX_USART3_UART_Init
                0x08002b00       0x3c build/usart.o
                0x08002b00                MX_USART3_UART_Init
 .text.HAL_UART_MspInit
                0x08002b3c       0x58 build/usart.o
                0x08002b3c                HAL_UART_MspInit
 .text.UART_SetConfig
                0x08002b94      0x334 build/stm32f4xx_hal_uart.o
 .text.UART_WaitOnFlagUntilTimeout
                0x08002ec8       0x62 build/stm32f4xx_hal_uart.o
 .text.HAL_UART_Init
                0x08002f2a       0x5e build/stm32f4xx_hal_uart.o
                0x08002f2a                HAL_UART_Init
 .text.HAL_UART_Transmit
                0x08002f88       0xe0 build/stm32f4xx_hal_uart.o
                0x08002f88                HAL_UART_Transmit
 .text.MX_TIM3_Init
                0x08003068       0x6c build/tim.o
                0x08003068                MX_TIM3_Init
 .text.MX_TIM4_Init
                0x080030d4       0x6c build/tim.o
                0x080030d4                MX_TIM4_Init
 .text.MX_TIM5_Init
                0x08003140       0x74 build/tim.o
                0x08003140                MX_TIM5_Init
 .text.HAL_TIM_PWM_MspInit
                0x080031b4       0x50 build/tim.o
                0x080031b4                HAL_TIM_PWM_MspInit
 .text.HAL_TIM_Encoder_MspInit
                0x08003204       0x8c build/tim.o
                0x08003204                HAL_TIM_Encoder_MspInit
 .text.HAL_TIM_Base_MspInit
                0x08003290       0x40 build/tim.o
                0x08003290                HAL_TIM_Base_MspInit
 .text.HAL_TIM_MspPostInit
                0x080032d0       0x5c build/tim.o
                0x080032d0                HAL_TIM_MspPostInit
 .text.MX_TIM1_Init
                0x0800332c       0xf8 build/tim.o
                0x0800332c                MX_TIM1_Init
 .text.MX_TIM2_Init
                0x08003424       0x7c build/tim.o
                0x08003424                MX_TIM2_Init
 .text.Buzzer_pwm
                0x080034a0       0x7c build/tim.o
                0x080034a0                Buzzer_pwm
 .text.Motor_pwm
                0x0800351c      0x1a0 build/tim.o
                0x0800351c                Motor_pwm
 .text.update_encoder
                0x080036bc       0xbc build/tim.o
                0x080036bc                update_encoder
 .text.HAL_NVIC_SetPriorityGrouping
                0x08003778       0x24 build/stm32f4xx_hal_cortex.o
                0x08003778                HAL_NVIC_SetPriorityGrouping
 .text.HAL_NVIC_SetPriority
                0x0800379c       0x68 build/stm32f4xx_hal_cortex.o
                0x0800379c                HAL_NVIC_SetPriority
 .text.HAL_NVIC_EnableIRQ
                0x08003804       0x18 build/stm32f4xx_hal_cortex.o
                0x08003804                HAL_NVIC_EnableIRQ
 .text.HAL_SYSTICK_Config
                0x0800381c       0x2c build/stm32f4xx_hal_cortex.o
                0x0800381c                HAL_SYSTICK_Config
 .text.HAL_SYSTICK_CLKSourceConfig
                0x08003848       0x20 build/stm32f4xx_hal_cortex.o
                0x08003848                HAL_SYSTICK_CLKSourceConfig
 .text.HAL_SYSTICK_Callback
                0x08003868        0x2 build/stm32f4xx_hal_cortex.o
                0x08003868                HAL_SYSTICK_Callback
 .text.HAL_SYSTICK_IRQHandler
                0x0800386a        0x8 build/stm32f4xx_hal_cortex.o
                0x0800386a                HAL_SYSTICK_IRQHandler
 *fill*         0x08003872        0x2 
 .text.ADC_Init
                0x08003874      0x130 build/stm32f4xx_hal_adc.o
 .text.HAL_ADC_Init
                0x080039a4       0x54 build/stm32f4xx_hal_adc.o
                0x080039a4                HAL_ADC_Init
 .text.HAL_ADC_Start
                0x080039f8       0xf8 build/stm32f4xx_hal_adc.o
                0x080039f8                HAL_ADC_Start
 .text.HAL_ADC_Stop
                0x08003af0       0x40 build/stm32f4xx_hal_adc.o
                0x08003af0                HAL_ADC_Stop
 .text.HAL_ADC_PollForConversion
                0x08003b30       0xb6 build/stm32f4xx_hal_adc.o
                0x08003b30                HAL_ADC_PollForConversion
 .text.HAL_ADC_GetValue
                0x08003be6        0x6 build/stm32f4xx_hal_adc.o
                0x08003be6                HAL_ADC_GetValue
 .text.HAL_ADC_ConfigChannel
                0x08003bec      0x190 build/stm32f4xx_hal_adc.o
                0x08003bec                HAL_ADC_ConfigChannel
 .text.HAL_MspInit
                0x08003d7c       0x5e build/stm32f4xx_hal_msp.o
                0x08003d7c                HAL_MspInit
 *fill*         0x08003dda        0x2 
 .text.TIM_OC1_SetConfig
                0x08003ddc       0x5c build/stm32f4xx_hal_tim.o
 .text.TIM_OC3_SetConfig
                0x08003e38       0x60 build/stm32f4xx_hal_tim.o
 .text.TIM_OC4_SetConfig
                0x08003e98       0x50 build/stm32f4xx_hal_tim.o
 .text.TIM_TI1_ConfigInputStage
                0x08003ee8       0x26 build/stm32f4xx_hal_tim.o
 .text.TIM_TI2_ConfigInputStage
                0x08003f0e       0x28 build/stm32f4xx_hal_tim.o
 .text.TIM_ITRx_SetConfig
                0x08003f36       0x10 build/stm32f4xx_hal_tim.o
 .text.TIM_ETR_SetConfig
                0x08003f46       0x18 build/stm32f4xx_hal_tim.o
 .text.HAL_TIM_Base_Start_IT
                0x08003f5e       0x18 build/stm32f4xx_hal_tim.o
                0x08003f5e                HAL_TIM_Base_Start_IT
 .text.HAL_TIM_ConfigClockSource
                0x08003f76      0x108 build/stm32f4xx_hal_tim.o
                0x08003f76                HAL_TIM_ConfigClockSource
 .text.HAL_TIM_PeriodElapsedCallback
                0x0800407e        0x2 build/stm32f4xx_hal_tim.o
                0x0800407e                HAL_TIM_PeriodElapsedCallback
 .text.HAL_TIM_OC_DelayElapsedCallback
                0x08004080        0x2 build/stm32f4xx_hal_tim.o
                0x08004080                HAL_TIM_OC_DelayElapsedCallback
 .text.HAL_TIM_IC_CaptureCallback
                0x08004082        0x2 build/stm32f4xx_hal_tim.o
                0x08004082                HAL_TIM_IC_CaptureCallback
 .text.HAL_TIM_PWM_PulseFinishedCallback
                0x08004084        0x2 build/stm32f4xx_hal_tim.o
                0x08004084                HAL_TIM_PWM_PulseFinishedCallback
 .text.HAL_TIM_TriggerCallback
                0x08004086        0x2 build/stm32f4xx_hal_tim.o
                0x08004086                HAL_TIM_TriggerCallback
 .text.HAL_TIM_IRQHandler
                0x08004088      0x17a build/stm32f4xx_hal_tim.o
                0x08004088                HAL_TIM_IRQHandler
 *fill*         0x08004202        0x2 
 .text.TIM_Base_SetConfig
                0x08004204       0xc0 build/stm32f4xx_hal_tim.o
                0x08004204                TIM_Base_SetConfig
 .text.HAL_TIM_Base_Init
                0x080042c4       0x32 build/stm32f4xx_hal_tim.o
                0x080042c4                HAL_TIM_Base_Init
 .text.HAL_TIM_PWM_Init
                0x080042f6       0x32 build/stm32f4xx_hal_tim.o
                0x080042f6                HAL_TIM_PWM_Init
 .text.HAL_TIM_Encoder_Init
                0x08004328       0x98 build/stm32f4xx_hal_tim.o
                0x08004328                HAL_TIM_Encoder_Init
 .text.TIM_OC2_SetConfig
                0x080043c0       0x64 build/stm32f4xx_hal_tim.o
                0x080043c0                TIM_OC2_SetConfig
 .text.HAL_TIM_PWM_ConfigChannel
                0x08004424       0xdc build/stm32f4xx_hal_tim.o
                0x08004424                HAL_TIM_PWM_ConfigChannel
 .text.TIM_CCxChannelCmd
                0x08004500       0x1e build/stm32f4xx_hal_tim.o
                0x08004500                TIM_CCxChannelCmd
 *fill*         0x0800451e        0x2 
 .text.HAL_TIM_PWM_Start
                0x08004520       0x38 build/stm32f4xx_hal_tim.o
                0x08004520                HAL_TIM_PWM_Start
 .text.MX_SPI2_Init
                0x08004558       0x48 build/spi.o
                0x08004558                MX_SPI2_Init
 .text.HAL_SPI_MspInit
                0x080045a0       0x54 build/spi.o
                0x080045a0                HAL_SPI_MspInit
 .text.read_byte
                0x080045f4       0x54 build/spi.o
                0x080045f4                read_byte
 .text.read_shift_byte
                0x08004648       0x5c build/spi.o
                0x08004648                read_shift_byte
 .text.write_byte
                0x080046a4       0x54 build/spi.o
                0x080046a4                write_byte
 .text.set_mpu6500
                0x080046f8       0x44 build/spi.o
                0x080046f8                set_mpu6500
 *fill*         0x0800473c        0x4 
 .text.get_gyro
                0x08004740       0x54 build/spi.o
                0x08004740                get_gyro
 .text.gyro_offset_calc_reset
                0x08004794       0x1c build/spi.o
                0x08004794                gyro_offset_calc_reset
 .text.gyro_offset_calc
                0x080047b0       0x8c build/spi.o
                0x080047b0                gyro_offset_calc
 .text._read    0x0800483c       0x1c build/syscalls.o
                0x0800483c                _read
 .text._write   0x08004858       0x1c build/syscalls.o
                0x08004858                _write
 .text._sbrk    0x08004874       0x3c build/syscalls.o
                0x08004874                _sbrk
 .text._close   0x080048b0        0x6 build/syscalls.o
                0x080048b0                _close
 .text._fstat   0x080048b6        0xa build/syscalls.o
                0x080048b6                _fstat
 .text._isatty  0x080048c0        0x4 build/syscalls.o
                0x080048c0                _isatty
 .text._lseek   0x080048c4        0x4 build/syscalls.o
                0x080048c4                _lseek
 .text.PID_value
                0x080048c8       0x98 build/control.o
                0x080048c8                PID_value
 .text.Calculate_Parameter
                0x08004960       0x98 build/control.o
                0x08004960                Calculate_Parameter
 .text.straight_fb
                0x080049f8       0xa4 build/control.o
                0x080049f8                straight_fb
 .text.Reset_Handler
                0x08004a9c       0x50 build/startup_stm32f405xx.o
                0x08004a9c                Reset_Handler
 .text.Default_Handler
                0x08004aec        0x2 build/startup_stm32f405xx.o
                0x08004aec                RTC_Alarm_IRQHandler
                0x08004aec                HASH_RNG_IRQHandler
                0x08004aec                EXTI2_IRQHandler
                0x08004aec                TIM8_CC_IRQHandler
                0x08004aec                TIM1_CC_IRQHandler
                0x08004aec                DMA2_Stream5_IRQHandler
                0x08004aec                DMA1_Stream5_IRQHandler
                0x08004aec                PVD_IRQHandler
                0x08004aec                SDIO_IRQHandler
                0x08004aec                TAMP_STAMP_IRQHandler
                0x08004aec                CAN2_RX1_IRQHandler
                0x08004aec                EXTI3_IRQHandler
                0x08004aec                TIM8_TRG_COM_TIM14_IRQHandler
                0x08004aec                TIM1_UP_TIM10_IRQHandler
                0x08004aec                TIM8_UP_TIM13_IRQHandler
                0x08004aec                I2C3_ER_IRQHandler
                0x08004aec                EXTI0_IRQHandler
                0x08004aec                I2C2_EV_IRQHandler
                0x08004aec                DMA1_Stream2_IRQHandler
                0x08004aec                CAN1_RX0_IRQHandler
                0x08004aec                FPU_IRQHandler
                0x08004aec                OTG_HS_WKUP_IRQHandler
                0x08004aec                CAN2_SCE_IRQHandler
                0x08004aec                DMA2_Stream2_IRQHandler
                0x08004aec                SPI1_IRQHandler
                0x08004aec                TIM6_DAC_IRQHandler
                0x08004aec                TIM1_BRK_TIM9_IRQHandler
                0x08004aec                CAN2_RX0_IRQHandler
                0x08004aec                DMA2_Stream3_IRQHandler
                0x08004aec                USART6_IRQHandler
                0x08004aec                USART3_IRQHandler
                0x08004aec                CAN1_RX1_IRQHandler
                0x08004aec                UART5_IRQHandler
                0x08004aec                DMA2_Stream0_IRQHandler
                0x08004aec                TIM4_IRQHandler
                0x08004aec                I2C1_EV_IRQHandler
                0x08004aec                DMA1_Stream6_IRQHandler
                0x08004aec                DMA1_Stream1_IRQHandler
                0x08004aec                UART4_IRQHandler
                0x08004aec                TIM3_IRQHandler
                0x08004aec                RCC_IRQHandler
                0x08004aec                TIM8_BRK_TIM12_IRQHandler
                0x08004aec                Default_Handler
                0x08004aec                EXTI15_10_IRQHandler
                0x08004aec                ADC_IRQHandler
                0x08004aec                DMA1_Stream7_IRQHandler
                0x08004aec                TIM7_IRQHandler
                0x08004aec                CAN2_TX_IRQHandler
                0x08004aec                DMA2_Stream7_IRQHandler
                0x08004aec                I2C3_EV_IRQHandler
                0x08004aec                EXTI9_5_IRQHandler
                0x08004aec                RTC_WKUP_IRQHandler
                0x08004aec                SPI2_IRQHandler
                0x08004aec                OTG_HS_EP1_IN_IRQHandler
                0x08004aec                DMA1_Stream0_IRQHandler
                0x08004aec                CAN1_TX_IRQHandler
                0x08004aec                EXTI4_IRQHandler
                0x08004aec                FSMC_IRQHandler
                0x08004aec                OTG_HS_EP1_OUT_IRQHandler
                0x08004aec                WWDG_IRQHandler
                0x08004aec                TIM2_IRQHandler
                0x08004aec                OTG_FS_WKUP_IRQHandler
                0x08004aec                TIM1_TRG_COM_TIM11_IRQHandler
                0x08004aec                OTG_HS_IRQHandler
                0x08004aec                EXTI1_IRQHandler
                0x08004aec                USART2_IRQHandler
                0x08004aec                I2C2_ER_IRQHandler
                0x08004aec                DMA2_Stream1_IRQHandler
                0x08004aec                CAN1_SCE_IRQHandler
                0x08004aec                FLASH_IRQHandler
                0x08004aec                DMA2_Stream4_IRQHandler
                0x08004aec                USART1_IRQHandler
                0x08004aec                OTG_FS_IRQHandler
                0x08004aec                SPI3_IRQHandler
                0x08004aec                DMA1_Stream4_IRQHandler
                0x08004aec                I2C1_ER_IRQHandler
                0x08004aec                DMA2_Stream6_IRQHandler
                0x08004aec                DMA1_Stream3_IRQHandler
 *fill*         0x08004aee        0x2 
 .text.__errno  0x08004af0        0xc c:/program files (x86)/gnu tools arm embedded/7 2017-q4-major/bin/../lib/gcc/arm-none-eabi/7.2.1/../../../../arm-none-eabi/lib/thumb/v7e-m/fpv4-sp/hard\libc_nano.a(lib_a-errno.o)
                0x08004af0                __errno
 .text.__libc_init_array
                0x08004afc       0x48 c:/program files (x86)/gnu tools arm embedded/7 2017-q4-major/bin/../lib/gcc/arm-none-eabi/7.2.1/../../../../arm-none-eabi/lib/thumb/v7e-m/fpv4-sp/hard\libc_nano.a(lib_a-init.o)
                0x08004afc                __libc_init_array
 .text.memset   0x08004b44       0x10 c:/program files (x86)/gnu tools arm embedded/7 2017-q4-major/bin/../lib/gcc/arm-none-eabi/7.2.1/../../../../arm-none-eabi/lib/thumb/v7e-m/fpv4-sp/hard\libc_nano.a(lib_a-memset.o)
                0x08004b44                memset
 .text.__cvt    0x08004b54       0xc2 c:/program files (x86)/gnu tools arm embedded/7 2017-q4-major/bin/../lib/gcc/arm-none-eabi/7.2.1/../../../../arm-none-eabi/lib/thumb/v7e-m/fpv4-sp/hard\libc_nano.a(lib_a-nano-vfprintf_float.o)
                0x08004b54                __cvt
 .text.__exponent
                0x08004c16       0x66 c:/program files (x86)/gnu tools arm embedded/7 2017-q4-major/bin/../lib/gcc/arm-none-eabi/7.2.1/../../../../arm-none-eabi/lib/thumb/v7e-m/fpv4-sp/hard\libc_nano.a(lib_a-nano-vfprintf_float.o)
                0x08004c16                __exponent
 .text._printf_float
                0x08004c7c      0x480 c:/program files (x86)/gnu tools arm embedded/7 2017-q4-major/bin/../lib/gcc/arm-none-eabi/7.2.1/../../../../arm-none-eabi/lib/thumb/v7e-m/fpv4-sp/hard\libc_nano.a(lib_a-nano-vfprintf_float.o)
                0x08004c7c                _printf_float
 .text._printf_common
                0x080050fc       0xea c:/program files (x86)/gnu tools arm embedded/7 2017-q4-major/bin/../lib/gcc/arm-none-eabi/7.2.1/../../../../arm-none-eabi/lib/thumb/v7e-m/fpv4-sp/hard\libc_nano.a(lib_a-nano-vfprintf_i.o)
                0x080050fc                _printf_common
 *fill*         0x080051e6        0x2 
 .text._printf_i
                0x080051e8      0x224 c:/program files (x86)/gnu tools arm embedded/7 2017-q4-major/bin/../lib/gcc/arm-none-eabi/7.2.1/../../../../arm-none-eabi/lib/thumb/v7e-m/fpv4-sp/hard\libc_nano.a(lib_a-nano-vfprintf_i.o)
                0x080051e8                _printf_i
 .text.printf   0x0800540c       0x30 c:/program files (x86)/gnu tools arm embedded/7 2017-q4-major/bin/../lib/gcc/arm-none-eabi/7.2.1/../../../../arm-none-eabi/lib/thumb/v7e-m/fpv4-sp/hard\libc_nano.a(lib_a-printf.o)
                0x0800540c                iprintf
                0x0800540c                printf
 .text.setbuf   0x0800543c       0x10 c:/program files (x86)/gnu tools arm embedded/7 2017-q4-major/bin/../lib/gcc/arm-none-eabi/7.2.1/../../../../arm-none-eabi/lib/thumb/v7e-m/fpv4-sp/hard\libc_nano.a(lib_a-setbuf.o)
                0x0800543c                setbuf
 .text.setvbuf  0x0800544c      0x15c c:/program files (x86)/gnu tools arm embedded/7 2017-q4-major/bin/../lib/gcc/arm-none-eabi/7.2.1/../../../../arm-none-eabi/lib/thumb/v7e-m/fpv4-sp/hard\libc_nano.a(lib_a-setvbuf.o)
                0x0800544c                setvbuf
 .text.quorem   0x080055a8      0x118 c:/program files (x86)/gnu tools arm embedded/7 2017-q4-major/bin/../lib/gcc/arm-none-eabi/7.2.1/../../../../arm-none-eabi/lib/thumb/v7e-m/fpv4-sp/hard\libc_nano.a(lib_a-dtoa.o)
 .text._dtoa_r  0x080056c0      0xb70 c:/program files (x86)/gnu tools arm embedded/7 2017-q4-major/bin/../lib/gcc/arm-none-eabi/7.2.1/../../../../arm-none-eabi/lib/thumb/v7e-m/fpv4-sp/hard\libc_nano.a(lib_a-dtoa.o)
                0x080056c0                _dtoa_r
 .text.__sflush_r
                0x08006230      0x10c c:/program files (x86)/gnu tools arm embedded/7 2017-q4-major/bin/../lib/gcc/arm-none-eabi/7.2.1/../../../../arm-none-eabi/lib/thumb/v7e-m/fpv4-sp/hard\libc_nano.a(lib_a-fflush.o)
                0x08006230                __sflush_r
 .text._fflush_r
                0x0800633c       0x54 c:/program files (x86)/gnu tools arm embedded/7 2017-q4-major/bin/../lib/gcc/arm-none-eabi/7.2.1/../../../../arm-none-eabi/lib/thumb/v7e-m/fpv4-sp/hard\libc_nano.a(lib_a-fflush.o)
                0x0800633c                _fflush_r
 .text.std      0x08006390       0x48 c:/program files (x86)/gnu tools arm embedded/7 2017-q4-major/bin/../lib/gcc/arm-none-eabi/7.2.1/../../../../arm-none-eabi/lib/thumb/v7e-m/fpv4-sp/hard\libc_nano.a(lib_a-findfp.o)
 .text._cleanup_r
                0x080063d8        0xc c:/program files (x86)/gnu tools arm embedded/7 2017-q4-major/bin/../lib/gcc/arm-none-eabi/7.2.1/../../../../arm-none-eabi/lib/thumb/v7e-m/fpv4-sp/hard\libc_nano.a(lib_a-findfp.o)
                0x080063d8                _cleanup_r
 .text.__sfmoreglue
                0x080063e4       0x2c c:/program files (x86)/gnu tools arm embedded/7 2017-q4-major/bin/../lib/gcc/arm-none-eabi/7.2.1/../../../../arm-none-eabi/lib/thumb/v7e-m/fpv4-sp/hard\libc_nano.a(lib_a-findfp.o)
                0x080063e4                __sfmoreglue
 .text.__sinit  0x08006410       0x60 c:/program files (x86)/gnu tools arm embedded/7 2017-q4-major/bin/../lib/gcc/arm-none-eabi/7.2.1/../../../../arm-none-eabi/lib/thumb/v7e-m/fpv4-sp/hard\libc_nano.a(lib_a-findfp.o)
                0x08006410                __sinit
 .text.__sfp    0x08006470       0x78 c:/program files (x86)/gnu tools arm embedded/7 2017-q4-major/bin/../lib/gcc/arm-none-eabi/7.2.1/../../../../arm-none-eabi/lib/thumb/v7e-m/fpv4-sp/hard\libc_nano.a(lib_a-findfp.o)
                0x08006470                __sfp
 .text._fwalk_reent
                0x080064e8       0x3c c:/program files (x86)/gnu tools arm embedded/7 2017-q4-major/bin/../lib/gcc/arm-none-eabi/7.2.1/../../../../arm-none-eabi/lib/thumb/v7e-m/fpv4-sp/hard\libc_nano.a(lib_a-fwalk.o)
                0x080064e8                _fwalk_reent
 .text._localeconv_r
                0x08006524       0x1c c:/program files (x86)/gnu tools arm embedded/7 2017-q4-major/bin/../lib/gcc/arm-none-eabi/7.2.1/../../../../arm-none-eabi/lib/thumb/v7e-m/fpv4-sp/hard\libc_nano.a(lib_a-localeconv.o)
                0x08006524                _localeconv_r
 .text.__swhatbuf_r
                0x08006540       0x48 c:/program files (x86)/gnu tools arm embedded/7 2017-q4-major/bin/../lib/gcc/arm-none-eabi/7.2.1/../../../../arm-none-eabi/lib/thumb/v7e-m/fpv4-sp/hard\libc_nano.a(lib_a-makebuf.o)
                0x08006540                __swhatbuf_r
 .text.__smakebuf_r
                0x08006588       0x80 c:/program files (x86)/gnu tools arm embedded/7 2017-q4-major/bin/../lib/gcc/arm-none-eabi/7.2.1/../../../../arm-none-eabi/lib/thumb/v7e-m/fpv4-sp/hard\libc_nano.a(lib_a-makebuf.o)
                0x08006588                __smakebuf_r
 .text.malloc   0x08006608       0x10 c:/program files (x86)/gnu tools arm embedded/7 2017-q4-major/bin/../lib/gcc/arm-none-eabi/7.2.1/../../../../arm-none-eabi/lib/thumb/v7e-m/fpv4-sp/hard\libc_nano.a(lib_a-malloc.o)
                0x08006608                malloc
 .text.memcpy   0x08006618       0x16 c:/program files (x86)/gnu tools arm embedded/7 2017-q4-major/bin/../lib/gcc/arm-none-eabi/7.2.1/../../../../arm-none-eabi/lib/thumb/v7e-m/fpv4-sp/hard\libc_nano.a(lib_a-memcpy-stub.o)
                0x08006618                memcpy
 .text._Balloc  0x0800662e       0x68 c:/program files (x86)/gnu tools arm embedded/7 2017-q4-major/bin/../lib/gcc/arm-none-eabi/7.2.1/../../../../arm-none-eabi/lib/thumb/v7e-m/fpv4-sp/hard\libc_nano.a(lib_a-mprec.o)
                0x0800662e                _Balloc
 .text._Bfree   0x08006696       0x2e c:/program files (x86)/gnu tools arm embedded/7 2017-q4-major/bin/../lib/gcc/arm-none-eabi/7.2.1/../../../../arm-none-eabi/lib/thumb/v7e-m/fpv4-sp/hard\libc_nano.a(lib_a-mprec.o)
                0x08006696                _Bfree
 .text.__multadd
                0x080066c4       0x76 c:/program files (x86)/gnu tools arm embedded/7 2017-q4-major/bin/../lib/gcc/arm-none-eabi/7.2.1/../../../../arm-none-eabi/lib/thumb/v7e-m/fpv4-sp/hard\libc_nano.a(lib_a-mprec.o)
                0x080066c4                __multadd
 .text.__hi0bits
                0x0800673a       0x3e c:/program files (x86)/gnu tools arm embedded/7 2017-q4-major/bin/../lib/gcc/arm-none-eabi/7.2.1/../../../../arm-none-eabi/lib/thumb/v7e-m/fpv4-sp/hard\libc_nano.a(lib_a-mprec.o)
                0x0800673a                __hi0bits
 .text.__lo0bits
                0x08006778       0x5e c:/program files (x86)/gnu tools arm embedded/7 2017-q4-major/bin/../lib/gcc/arm-none-eabi/7.2.1/../../../../arm-none-eabi/lib/thumb/v7e-m/fpv4-sp/hard\libc_nano.a(lib_a-mprec.o)
                0x08006778                __lo0bits
 .text.__i2b    0x080067d6       0x12 c:/program files (x86)/gnu tools arm embedded/7 2017-q4-major/bin/../lib/gcc/arm-none-eabi/7.2.1/../../../../arm-none-eabi/lib/thumb/v7e-m/fpv4-sp/hard\libc_nano.a(lib_a-mprec.o)
                0x080067d6                __i2b
 .text.__multiply
                0x080067e8      0x12c c:/program files (x86)/gnu tools arm embedded/7 2017-q4-major/bin/../lib/gcc/arm-none-eabi/7.2.1/../../../../arm-none-eabi/lib/thumb/v7e-m/fpv4-sp/hard\libc_nano.a(lib_a-mprec.o)
                0x080067e8                __multiply
 .text.__pow5mult
                0x08006914       0x9c c:/program files (x86)/gnu tools arm embedded/7 2017-q4-major/bin/../lib/gcc/arm-none-eabi/7.2.1/../../../../arm-none-eabi/lib/thumb/v7e-m/fpv4-sp/hard\libc_nano.a(lib_a-mprec.o)
                0x08006914                __pow5mult
 .text.__lshift
                0x080069b0       0xa8 c:/program files (x86)/gnu tools arm embedded/7 2017-q4-major/bin/../lib/gcc/arm-none-eabi/7.2.1/../../../../arm-none-eabi/lib/thumb/v7e-m/fpv4-sp/hard\libc_nano.a(lib_a-mprec.o)
                0x080069b0                __lshift
 .text.__mcmp   0x08006a58       0x34 c:/program files (x86)/gnu tools arm embedded/7 2017-q4-major/bin/../lib/gcc/arm-none-eabi/7.2.1/../../../../arm-none-eabi/lib/thumb/v7e-m/fpv4-sp/hard\libc_nano.a(lib_a-mprec.o)
                0x08006a58                __mcmp
 .text.__mdiff  0x08006a8c       0xba c:/program files (x86)/gnu tools arm embedded/7 2017-q4-major/bin/../lib/gcc/arm-none-eabi/7.2.1/../../../../arm-none-eabi/lib/thumb/v7e-m/fpv4-sp/hard\libc_nano.a(lib_a-mprec.o)
                0x08006a8c                __mdiff
 .text.__d2b    0x08006b46       0x9e c:/program files (x86)/gnu tools arm embedded/7 2017-q4-major/bin/../lib/gcc/arm-none-eabi/7.2.1/../../../../arm-none-eabi/lib/thumb/v7e-m/fpv4-sp/hard\libc_nano.a(lib_a-mprec.o)
                0x08006b46                __d2b
 .text._calloc_r
                0x08006be4       0x1c c:/program files (x86)/gnu tools arm embedded/7 2017-q4-major/bin/../lib/gcc/arm-none-eabi/7.2.1/../../../../arm-none-eabi/lib/thumb/v7e-m/fpv4-sp/hard\libc_nano.a(lib_a-nano-callocr.o)
                0x08006be4                _calloc_r
 .text._free_r  0x08006c00       0x9c c:/program files (x86)/gnu tools arm embedded/7 2017-q4-major/bin/../lib/gcc/arm-none-eabi/7.2.1/../../../../arm-none-eabi/lib/thumb/v7e-m/fpv4-sp/hard\libc_nano.a(lib_a-nano-freer.o)
                0x08006c00                _free_r
 .text._malloc_r
                0x08006c9c       0xb4 c:/program files (x86)/gnu tools arm embedded/7 2017-q4-major/bin/../lib/gcc/arm-none-eabi/7.2.1/../../../../arm-none-eabi/lib/thumb/v7e-m/fpv4-sp/hard\libc_nano.a(lib_a-nano-mallocr.o)
                0x08006c9c                _malloc_r
 .text.__sfputc_r
                0x08006d50       0x2e c:/program files (x86)/gnu tools arm embedded/7 2017-q4-major/bin/../lib/gcc/arm-none-eabi/7.2.1/../../../../arm-none-eabi/lib/thumb/v7e-m/fpv4-sp/hard\libc_nano.a(lib_a-nano-vfprintf.o)
 .text.__sfputs_r
                0x08006d7e       0x24 c:/program files (x86)/gnu tools arm embedded/7 2017-q4-major/bin/../lib/gcc/arm-none-eabi/7.2.1/../../../../arm-none-eabi/lib/thumb/v7e-m/fpv4-sp/hard\libc_nano.a(lib_a-nano-vfprintf.o)
                0x08006d7e                __sfputs_r
 *fill*         0x08006da2        0x2 
 .text._vfprintf_r
                0x08006da4      0x228 c:/program files (x86)/gnu tools arm embedded/7 2017-q4-major/bin/../lib/gcc/arm-none-eabi/7.2.1/../../../../arm-none-eabi/lib/thumb/v7e-m/fpv4-sp/hard\libc_nano.a(lib_a-nano-vfprintf.o)
                0x08006da4                _vfprintf_r
                0x08006da4                _vfiprintf_r
 .text._sbrk_r  0x08006fcc       0x20 c:/program files (x86)/gnu tools arm embedded/7 2017-q4-major/bin/../lib/gcc/arm-none-eabi/7.2.1/../../../../arm-none-eabi/lib/thumb/v7e-m/fpv4-sp/hard\libc_nano.a(lib_a-sbrkr.o)
                0x08006fcc                _sbrk_r
 .text.__sread  0x08006fec       0x22 c:/program files (x86)/gnu tools arm embedded/7 2017-q4-major/bin/../lib/gcc/arm-none-eabi/7.2.1/../../../../arm-none-eabi/lib/thumb/v7e-m/fpv4-sp/hard\libc_nano.a(lib_a-stdio.o)
                0x08006fec                __sread
 .text.__swrite
                0x0800700e       0x38 c:/program files (x86)/gnu tools arm embedded/7 2017-q4-major/bin/../lib/gcc/arm-none-eabi/7.2.1/../../../../arm-none-eabi/lib/thumb/v7e-m/fpv4-sp/hard\libc_nano.a(lib_a-stdio.o)
                0x0800700e                __swrite
 .text.__sseek  0x08007046       0x24 c:/program files (x86)/gnu tools arm embedded/7 2017-q4-major/bin/../lib/gcc/arm-none-eabi/7.2.1/../../../../arm-none-eabi/lib/thumb/v7e-m/fpv4-sp/hard\libc_nano.a(lib_a-stdio.o)
                0x08007046                __sseek
 .text.__sclose
                0x0800706a        0x8 c:/program files (x86)/gnu tools arm embedded/7 2017-q4-major/bin/../lib/gcc/arm-none-eabi/7.2.1/../../../../arm-none-eabi/lib/thumb/v7e-m/fpv4-sp/hard\libc_nano.a(lib_a-stdio.o)
                0x0800706a                __sclose
 *fill*         0x08007072        0x2 
 .text.__swbuf_r
                0x08007074       0xa4 c:/program files (x86)/gnu tools arm embedded/7 2017-q4-major/bin/../lib/gcc/arm-none-eabi/7.2.1/../../../../arm-none-eabi/lib/thumb/v7e-m/fpv4-sp/hard\libc_nano.a(lib_a-wbuf.o)
                0x08007074                __swbuf_r
 .text._write_r
                0x08007118       0x24 c:/program files (x86)/gnu tools arm embedded/7 2017-q4-major/bin/../lib/gcc/arm-none-eabi/7.2.1/../../../../arm-none-eabi/lib/thumb/v7e-m/fpv4-sp/hard\libc_nano.a(lib_a-writer.o)
                0x08007118                _write_r
 .text.__swsetup_r
                0x0800713c       0xdc c:/program files (x86)/gnu tools arm embedded/7 2017-q4-major/bin/../lib/gcc/arm-none-eabi/7.2.1/../../../../arm-none-eabi/lib/thumb/v7e-m/fpv4-sp/hard\libc_nano.a(lib_a-wsetup.o)
                0x0800713c                __swsetup_r
 .text._close_r
                0x08007218       0x20 c:/program files (x86)/gnu tools arm embedded/7 2017-q4-major/bin/../lib/gcc/arm-none-eabi/7.2.1/../../../../arm-none-eabi/lib/thumb/v7e-m/fpv4-sp/hard\libc_nano.a(lib_a-closer.o)
                0x08007218                _close_r
 .text._fstat_r
                0x08007238       0x24 c:/program files (x86)/gnu tools arm embedded/7 2017-q4-major/bin/../lib/gcc/arm-none-eabi/7.2.1/../../../../arm-none-eabi/lib/thumb/v7e-m/fpv4-sp/hard\libc_nano.a(lib_a-fstatr.o)
                0x08007238                _fstat_r
 .text._isatty_r
                0x0800725c       0x20 c:/program files (x86)/gnu tools arm embedded/7 2017-q4-major/bin/../lib/gcc/arm-none-eabi/7.2.1/../../../../arm-none-eabi/lib/thumb/v7e-m/fpv4-sp/hard\libc_nano.a(lib_a-isattyr.o)
                0x0800725c                _isatty_r
 .text._lseek_r
                0x0800727c       0x24 c:/program files (x86)/gnu tools arm embedded/7 2017-q4-major/bin/../lib/gcc/arm-none-eabi/7.2.1/../../../../arm-none-eabi/lib/thumb/v7e-m/fpv4-sp/hard\libc_nano.a(lib_a-lseekr.o)
                0x0800727c                _lseek_r
 .text.__ascii_mbtowc
                0x080072a0       0x24 c:/program files (x86)/gnu tools arm embedded/7 2017-q4-major/bin/../lib/gcc/arm-none-eabi/7.2.1/../../../../arm-none-eabi/lib/thumb/v7e-m/fpv4-sp/hard\libc_nano.a(lib_a-mbtowc_r.o)
                0x080072a0                __ascii_mbtowc
 .text.__malloc_lock
                0x080072c4        0x2 c:/program files (x86)/gnu tools arm embedded/7 2017-q4-major/bin/../lib/gcc/arm-none-eabi/7.2.1/../../../../arm-none-eabi/lib/thumb/v7e-m/fpv4-sp/hard\libc_nano.a(lib_a-mlock.o)
                0x080072c4                __malloc_lock
 .text.__malloc_unlock
                0x080072c6        0x2 c:/program files (x86)/gnu tools arm embedded/7 2017-q4-major/bin/../lib/gcc/arm-none-eabi/7.2.1/../../../../arm-none-eabi/lib/thumb/v7e-m/fpv4-sp/hard\libc_nano.a(lib_a-mlock.o)
                0x080072c6                __malloc_unlock
 .text._read_r  0x080072c8       0x24 c:/program files (x86)/gnu tools arm embedded/7 2017-q4-major/bin/../lib/gcc/arm-none-eabi/7.2.1/../../../../arm-none-eabi/lib/thumb/v7e-m/fpv4-sp/hard\libc_nano.a(lib_a-readr.o)
                0x080072c8                _read_r
 .text.__ascii_wctomb
                0x080072ec       0x1a c:/program files (x86)/gnu tools arm embedded/7 2017-q4-major/bin/../lib/gcc/arm-none-eabi/7.2.1/../../../../arm-none-eabi/lib/thumb/v7e-m/fpv4-sp/hard\libc_nano.a(lib_a-wctomb_r.o)
                0x080072ec                __ascii_wctomb
 *(.glue_7)
 .glue_7        0x08007306        0x0 linker stubs
 *(.glue_7t)
 .glue_7t       0x08007306        0x0 linker stubs
 *(.eh_frame)
 *fill*         0x08007306        0x2 
 .eh_frame      0x08007308        0x0 c:/program files (x86)/gnu tools arm embedded/7 2017-q4-major/bin/../lib/gcc/arm-none-eabi/7.2.1/thumb/v7e-m/fpv4-sp/hard/crtbegin.o
 *(.init)
 .init          0x08007308        0x4 c:/program files (x86)/gnu tools arm embedded/7 2017-q4-major/bin/../lib/gcc/arm-none-eabi/7.2.1/thumb/v7e-m/fpv4-sp/hard/crti.o
                0x08007308                _init
 .init          0x0800730c        0x8 c:/program files (x86)/gnu tools arm embedded/7 2017-q4-major/bin/../lib/gcc/arm-none-eabi/7.2.1/thumb/v7e-m/fpv4-sp/hard/crtn.o
 *(.fini)
 .fini          0x08007314        0x4 c:/program files (x86)/gnu tools arm embedded/7 2017-q4-major/bin/../lib/gcc/arm-none-eabi/7.2.1/thumb/v7e-m/fpv4-sp/hard/crti.o
                0x08007314                _fini
 .fini          0x08007318        0x8 c:/program files (x86)/gnu tools arm embedded/7 2017-q4-major/bin/../lib/gcc/arm-none-eabi/7.2.1/thumb/v7e-m/fpv4-sp/hard/crtn.o
                0x08007320                . = ALIGN (0x4)
                0x08007320                _etext = .

.vfp11_veneer   0x08007320        0x0
 .vfp11_veneer  0x08007320        0x0 linker stubs

.v4_bx          0x08007320        0x0
 .v4_bx         0x08007320        0x0 linker stubs

.iplt           0x08007320        0x0
 .iplt          0x08007320        0x0 c:/program files (x86)/gnu tools arm embedded/7 2017-q4-major/bin/../lib/gcc/arm-none-eabi/7.2.1/thumb/v7e-m/fpv4-sp/hard/crtbegin.o

.rodata         0x08007320      0x330
                0x08007320                . = ALIGN (0x4)
 *(.rodata)
 *(.rodata*)
 .rodata.AHBPrescTable
                0x08007320       0x10 build/system_stm32f4xx.o
                0x08007320                AHBPrescTable
 .rodata.APBPrescTable
                0x08007330        0x8 build/system_stm32f4xx.o
                0x08007330                APBPrescTable
 .rodata.MX_ADC1_Init.str1.4
                0x08007338        0xa build/adc.o
 *fill*         0x08007342        0x2 
 .rodata.Batt_Check.str1.4
                0x08007344        0xc build/main.o
 .rodata.SystemClock_Config.str1.4
                0x08007350        0xb build/main.o
 *fill*         0x0800735b        0x1 
 .rodata.MX_USART3_UART_Init.str1.4
                0x0800735c        0xc build/usart.o
 .rodata.MX_TIM3_Init.str1.4
                0x08007368        0xa build/tim.o
 *fill*         0x08007372        0x2 
 .rodata.MX_SPI2_Init.str1.4
                0x08007374        0xa build/spi.o
 *fill*         0x0800737e        0x2 
 .rodata.set_mpu6500.str1.4
                0x08007380       0x10 build/spi.o
                                  0xe (size before relaxing)
 .rodata._global_impure_ptr
                0x08007390        0x4 c:/program files (x86)/gnu tools arm embedded/7 2017-q4-major/bin/../lib/gcc/arm-none-eabi/7.2.1/../../../../arm-none-eabi/lib/thumb/v7e-m/fpv4-sp/hard\libc_nano.a(lib_a-impure.o)
                0x08007390                _global_impure_ptr
 .rodata._printf_float.str1.1
                0x08007394       0x12 c:/program files (x86)/gnu tools arm embedded/7 2017-q4-major/bin/../lib/gcc/arm-none-eabi/7.2.1/../../../../arm-none-eabi/lib/thumb/v7e-m/fpv4-sp/hard\libc_nano.a(lib_a-nano-vfprintf_float.o)
 .rodata._printf_i.str1.1
                0x080073a6       0x22 c:/program files (x86)/gnu tools arm embedded/7 2017-q4-major/bin/../lib/gcc/arm-none-eabi/7.2.1/../../../../arm-none-eabi/lib/thumb/v7e-m/fpv4-sp/hard\libc_nano.a(lib_a-nano-vfprintf_i.o)
 .rodata._dtoa_r.str1.1
                0x080073c8        0xd c:/program files (x86)/gnu tools arm embedded/7 2017-q4-major/bin/../lib/gcc/arm-none-eabi/7.2.1/../../../../arm-none-eabi/lib/thumb/v7e-m/fpv4-sp/hard\libc_nano.a(lib_a-dtoa.o)
                                  0xf (size before relaxing)
 *fill*         0x080073d5        0x3 
 .rodata.__sf_fake_stderr
                0x080073d8       0x20 c:/program files (x86)/gnu tools arm embedded/7 2017-q4-major/bin/../lib/gcc/arm-none-eabi/7.2.1/../../../../arm-none-eabi/lib/thumb/v7e-m/fpv4-sp/hard\libc_nano.a(lib_a-findfp.o)
                0x080073d8                __sf_fake_stderr
 .rodata.__sf_fake_stdin
                0x080073f8       0x20 c:/program files (x86)/gnu tools arm embedded/7 2017-q4-major/bin/../lib/gcc/arm-none-eabi/7.2.1/../../../../arm-none-eabi/lib/thumb/v7e-m/fpv4-sp/hard\libc_nano.a(lib_a-findfp.o)
                0x080073f8                __sf_fake_stdin
 .rodata.__sf_fake_stdout
                0x08007418       0x20 c:/program files (x86)/gnu tools arm embedded/7 2017-q4-major/bin/../lib/gcc/arm-none-eabi/7.2.1/../../../../arm-none-eabi/lib/thumb/v7e-m/fpv4-sp/hard\libc_nano.a(lib_a-findfp.o)
                0x08007418                __sf_fake_stdout
 .rodata.__mprec_bigtens
                0x08007438       0x28 c:/program files (x86)/gnu tools arm embedded/7 2017-q4-major/bin/../lib/gcc/arm-none-eabi/7.2.1/../../../../arm-none-eabi/lib/thumb/v7e-m/fpv4-sp/hard\libc_nano.a(lib_a-mprec.o)
                0x08007438                __mprec_bigtens
 .rodata.__mprec_tens
                0x08007460       0xc8 c:/program files (x86)/gnu tools arm embedded/7 2017-q4-major/bin/../lib/gcc/arm-none-eabi/7.2.1/../../../../arm-none-eabi/lib/thumb/v7e-m/fpv4-sp/hard\libc_nano.a(lib_a-mprec.o)
                0x08007460                __mprec_tens
 .rodata.p05.7359
                0x08007528        0xc c:/program files (x86)/gnu tools arm embedded/7 2017-q4-major/bin/../lib/gcc/arm-none-eabi/7.2.1/../../../../arm-none-eabi/lib/thumb/v7e-m/fpv4-sp/hard\libc_nano.a(lib_a-mprec.o)
 .rodata._vfprintf_r.str1.1
                0x08007534       0x11 c:/program files (x86)/gnu tools arm embedded/7 2017-q4-major/bin/../lib/gcc/arm-none-eabi/7.2.1/../../../../arm-none-eabi/lib/thumb/v7e-m/fpv4-sp/hard\libc_nano.a(lib_a-nano-vfprintf.o)
 .rodata._setlocale_r.str1.1
                0x08007545        0x8 c:/program files (x86)/gnu tools arm embedded/7 2017-q4-major/bin/../lib/gcc/arm-none-eabi/7.2.1/../../../../arm-none-eabi/lib/thumb/v7e-m/fpv4-sp/hard\libc_nano.a(lib_a-locale.o)
                                  0x9 (size before relaxing)
 .rodata.str1.1
                0x0800754d        0x2 c:/program files (x86)/gnu tools arm embedded/7 2017-q4-major/bin/../lib/gcc/arm-none-eabi/7.2.1/../../../../arm-none-eabi/lib/thumb/v7e-m/fpv4-sp/hard\libc_nano.a(lib_a-locale.o)
 .rodata._ctype_
                0x0800754f      0x101 c:/program files (x86)/gnu tools arm embedded/7 2017-q4-major/bin/../lib/gcc/arm-none-eabi/7.2.1/../../../../arm-none-eabi/lib/thumb/v7e-m/fpv4-sp/hard\libc_nano.a(lib_a-ctype_.o)
                0x0800754f                _ctype_
                0x08007650                . = ALIGN (0x4)

.ARM.extab
 *(.ARM.extab* .gnu.linkonce.armextab.*)

.ARM            0x08007650        0x8
                0x08007650                __exidx_start = .
 *(.ARM.exidx*)
 .ARM.exidx     0x08007650        0x8 c:/program files (x86)/gnu tools arm embedded/7 2017-q4-major/bin/../lib/gcc/arm-none-eabi/7.2.1/thumb/v7e-m/fpv4-sp/hard\libgcc.a(_udivmoddi4.o)
                0x08007658                __exidx_end = .

.rel.dyn        0x08007658        0x0
 .rel.iplt      0x08007658        0x0 c:/program files (x86)/gnu tools arm embedded/7 2017-q4-major/bin/../lib/gcc/arm-none-eabi/7.2.1/thumb/v7e-m/fpv4-sp/hard/crtbegin.o

.preinit_array  0x08007658        0x0
                0x08007658                PROVIDE (__preinit_array_start, .)
 *(.preinit_array*)
                0x08007658                PROVIDE (__preinit_array_end, .)

.init_array     0x08007658        0x4
                0x08007658                PROVIDE (__init_array_start, .)
 *(SORT_BY_NAME(.init_array.*))
 *(.init_array*)
 .init_array    0x08007658        0x4 c:/program files (x86)/gnu tools arm embedded/7 2017-q4-major/bin/../lib/gcc/arm-none-eabi/7.2.1/thumb/v7e-m/fpv4-sp/hard/crtbegin.o
                0x0800765c                PROVIDE (__init_array_end, .)

.fini_array     0x0800765c        0x4
                [!provide]                PROVIDE (__fini_array_start, .)
 *(SORT_BY_NAME(.fini_array.*))
 *(.fini_array*)
 .fini_array    0x0800765c        0x4 c:/program files (x86)/gnu tools arm embedded/7 2017-q4-major/bin/../lib/gcc/arm-none-eabi/7.2.1/thumb/v7e-m/fpv4-sp/hard/crtbegin.o
                [!provide]                PROVIDE (__fini_array_end, .)
                0x08007660                _sidata = LOADADDR (.data)

.data           0x20000000      0x1dc load address 0x08007660
                0x20000000                . = ALIGN (0x4)
                0x20000000                _sdata = .
 *(.data)
 *(.data*)
 .data.uwTickFreq
                0x20000000        0x1 build/stm32f4xx_hal.o
                0x20000000                uwTickFreq
 *fill*         0x20000001        0x3 
 .data.uwTickPrio
                0x20000004        0x4 build/stm32f4xx_hal.o
                0x20000004                uwTickPrio
 .data.SystemCoreClock
                0x20000008        0x4 build/system_stm32f4xx.o
                0x20000008                SystemCoreClock
 .data._impure_ptr
                0x2000000c        0x4 c:/program files (x86)/gnu tools arm embedded/7 2017-q4-major/bin/../lib/gcc/arm-none-eabi/7.2.1/../../../../arm-none-eabi/lib/thumb/v7e-m/fpv4-sp/hard\libc_nano.a(lib_a-impure.o)
                0x2000000c                _impure_ptr
 .data.impure_data
                0x20000010       0x60 c:/program files (x86)/gnu tools arm embedded/7 2017-q4-major/bin/../lib/gcc/arm-none-eabi/7.2.1/../../../../arm-none-eabi/lib/thumb/v7e-m/fpv4-sp/hard\libc_nano.a(lib_a-impure.o)
 .data.__global_locale
                0x20000070      0x16c c:/program files (x86)/gnu tools arm embedded/7 2017-q4-major/bin/../lib/gcc/arm-none-eabi/7.2.1/../../../../arm-none-eabi/lib/thumb/v7e-m/fpv4-sp/hard\libc_nano.a(lib_a-locale.o)
                0x20000070                __global_locale
                0x200001dc                . = ALIGN (0x4)
                0x200001dc                _edata = .
                0x0800783c                _siccmram = LOADADDR (.ccmram)

.igot.plt       0x200001dc        0x0 load address 0x0800783c
 .igot.plt      0x200001dc        0x0 c:/program files (x86)/gnu tools arm embedded/7 2017-q4-major/bin/../lib/gcc/arm-none-eabi/7.2.1/thumb/v7e-m/fpv4-sp/hard/crtbegin.o

.ccmram         0x10000000        0x0 load address 0x0800783c
                0x10000000                . = ALIGN (0x4)
                0x10000000                _sccmram = .
 *(.ccmram)
 *(.ccmram*)
                0x10000000                . = ALIGN (0x4)
                0x10000000                _eccmram = .
                0x10000000                . = ALIGN (0x4)

.bss            0x200001dc      0x3b4
                0x200001dc                _sbss = .
                0x200001dc                __bss_start__ = _sbss
 *(.bss)
 .bss           0x200001dc       0x1c c:/program files (x86)/gnu tools arm embedded/7 2017-q4-major/bin/../lib/gcc/arm-none-eabi/7.2.1/thumb/v7e-m/fpv4-sp/hard/crtbegin.o
 *(.bss*)
 .bss.heap_end.7234
                0x200001f8        0x4 build/syscalls.o
 .bss.__malloc_free_list
                0x200001fc        0x4 c:/program files (x86)/gnu tools arm embedded/7 2017-q4-major/bin/../lib/gcc/arm-none-eabi/7.2.1/../../../../arm-none-eabi/lib/thumb/v7e-m/fpv4-sp/hard\libc_nano.a(lib_a-nano-mallocr.o)
                0x200001fc                __malloc_free_list
 .bss.__malloc_sbrk_start
                0x20000200        0x4 c:/program files (x86)/gnu tools arm embedded/7 2017-q4-major/bin/../lib/gcc/arm-none-eabi/7.2.1/../../../../arm-none-eabi/lib/thumb/v7e-m/fpv4-sp/hard\libc_nano.a(lib_a-nano-mallocr.o)
                0x20000200                __malloc_sbrk_start
 *(COMMON)
 COMMON         0x20000204        0x4 build/stm32f4xx_hal.o
                0x20000204                uwTick
 COMMON         0x20000208       0xd8 build/adc.o
                0x20000208                hadc2
                0x20000250                hadc1
                0x20000298                hadc3
 COMMON         0x200002e0       0x40 build/usart.o
                0x200002e0                huart3
 COMMON         0x20000320      0x150 build/tim.o
                0x20000320                htim4
                0x2000035c                sMasterConfig
                0x20000364                htim5
                0x200003a0                htim3
                0x200003dc                sConfigOC
                0x200003f8                htim1
                0x20000434                htim2
 COMMON         0x20000470       0x58 build/spi.o
                0x20000470                hspi2
 COMMON         0x200004c8       0xc2 build/global.o
                0x200004c8                ms_count
                0x200004cc                batt_Vcc
                0x200004d0                accel_L
                0x200004d4                flag
                0x200004dc                decrease_L
                0x200004e0                batt_analog
                0x200004e4                sensor_count
                0x200004ec                enc
                0x2000050c                sensor_adc_off
                0x20000514                calc
                0x20000520                sensor_adc
                0x20000528                speed_count
                0x2000052c                gyro
                0x20000544                sensor_wall
                0x2000054c                s_count
                0x20000550                sensor_adc_on
                0x20000558                sensor
                0x2000057c                motor
                0x20000584                constant_L
                0x20000588                count_tim5
 *fill*         0x2000058a        0x2 
 COMMON         0x2000058c        0x4 c:/program files (x86)/gnu tools arm embedded/7 2017-q4-major/bin/../lib/gcc/arm-none-eabi/7.2.1/../../../../arm-none-eabi/lib/thumb/v7e-m/fpv4-sp/hard\libc_nano.a(lib_a-reent.o)
                0x2000058c                errno
                0x20000590                . = ALIGN (0x4)
                0x20000590                _ebss = .
                0x20000590                __bss_end__ = _ebss

._user_heap_stack
                0x20000590      0x600
                0x20000590                . = ALIGN (0x8)
                0x20000590                PROVIDE (end, .)
                [!provide]                PROVIDE (_end, .)
                0x20000790                . = (. + _Min_Heap_Size)
 *fill*         0x20000590      0x200 
                0x20000b90                . = (. + _Min_Stack_Size)
 *fill*         0x20000790      0x400 
                0x20000b90                . = ALIGN (0x8)

/DISCARD/
 libc.a(*)
 libm.a(*)
 libgcc.a(*)

.ARM.attributes
                0x00000000       0x30
 *(.ARM.attributes)
 .ARM.attributes
                0x00000000       0x22 c:/program files (x86)/gnu tools arm embedded/7 2017-q4-major/bin/../lib/gcc/arm-none-eabi/7.2.1/thumb/v7e-m/fpv4-sp/hard/crti.o
 .ARM.attributes
                0x00000022       0x34 c:/program files (x86)/gnu tools arm embedded/7 2017-q4-major/bin/../lib/gcc/arm-none-eabi/7.2.1/thumb/v7e-m/fpv4-sp/hard/crtbegin.o
 .ARM.attributes
                0x00000056       0x39 build/stm32f4xx_hal.o
 .ARM.attributes
                0x0000008f       0x39 build/system_stm32f4xx.o
 .ARM.attributes
                0x000000c8       0x39 build/stm32f4xx_hal_gpio.o
 .ARM.attributes
                0x00000101       0x39 build/adc.o
 .ARM.attributes
                0x0000013a       0x39 build/stm32f4xx_it.o
 .ARM.attributes
                0x00000173       0x39 build/stm32f4xx_hal_tim_ex.o
 .ARM.attributes
                0x000001ac       0x39 build/gpio.o
 .ARM.attributes
                0x000001e5       0x39 build/stm32f4xx_hal_spi.o
 .ARM.attributes
                0x0000021e       0x39 build/stm32f4xx_hal_rcc.o
 .ARM.attributes
                0x00000257       0x39 build/main.o
 .ARM.attributes
                0x00000290       0x39 build/usart.o
 .ARM.attributes
                0x000002c9       0x39 build/stm32f4xx_hal_uart.o
 .ARM.attributes
                0x00000302       0x39 build/tim.o
 .ARM.attributes
                0x0000033b       0x39 build/stm32f4xx_hal_cortex.o
 .ARM.attributes
                0x00000374       0x39 build/stm32f4xx_hal_adc.o
 .ARM.attributes
                0x000003ad       0x39 build/stm32f4xx_hal_msp.o
 .ARM.attributes
                0x000003e6       0x39 build/stm32f4xx_hal_tim.o
 .ARM.attributes
                0x0000041f       0x39 build/spi.o
 .ARM.attributes
                0x00000458       0x39 build/syscalls.o
 .ARM.attributes
                0x00000491       0x39 build/global.o
 .ARM.attributes
                0x000004ca       0x39 build/control.o
 .ARM.attributes
                0x00000503       0x21 build/startup_stm32f405xx.o
 .ARM.attributes
                0x00000524       0x34 c:/program files (x86)/gnu tools arm embedded/7 2017-q4-major/bin/../lib/gcc/arm-none-eabi/7.2.1/../../../../arm-none-eabi/lib/thumb/v7e-m/fpv4-sp/hard\libc_nano.a(lib_a-errno.o)
 .ARM.attributes
                0x00000558       0x34 c:/program files (x86)/gnu tools arm embedded/7 2017-q4-major/bin/../lib/gcc/arm-none-eabi/7.2.1/../../../../arm-none-eabi/lib/thumb/v7e-m/fpv4-sp/hard\libc_nano.a(lib_a-impure.o)
 .ARM.attributes
                0x0000058c       0x34 c:/program files (x86)/gnu tools arm embedded/7 2017-q4-major/bin/../lib/gcc/arm-none-eabi/7.2.1/../../../../arm-none-eabi/lib/thumb/v7e-m/fpv4-sp/hard\libc_nano.a(lib_a-init.o)
 .ARM.attributes
                0x000005c0       0x34 c:/program files (x86)/gnu tools arm embedded/7 2017-q4-major/bin/../lib/gcc/arm-none-eabi/7.2.1/../../../../arm-none-eabi/lib/thumb/v7e-m/fpv4-sp/hard\libc_nano.a(lib_a-memset.o)
 .ARM.attributes
                0x000005f4       0x34 c:/program files (x86)/gnu tools arm embedded/7 2017-q4-major/bin/../lib/gcc/arm-none-eabi/7.2.1/../../../../arm-none-eabi/lib/thumb/v7e-m/fpv4-sp/hard\libc_nano.a(lib_a-nano-vfprintf_float.o)
 .ARM.attributes
                0x00000628       0x34 c:/program files (x86)/gnu tools arm embedded/7 2017-q4-major/bin/../lib/gcc/arm-none-eabi/7.2.1/../../../../arm-none-eabi/lib/thumb/v7e-m/fpv4-sp/hard\libc_nano.a(lib_a-nano-vfprintf_i.o)
 .ARM.attributes
                0x0000065c       0x34 c:/program files (x86)/gnu tools arm embedded/7 2017-q4-major/bin/../lib/gcc/arm-none-eabi/7.2.1/../../../../arm-none-eabi/lib/thumb/v7e-m/fpv4-sp/hard\libc_nano.a(lib_a-printf.o)
 .ARM.attributes
                0x00000690       0x34 c:/program files (x86)/gnu tools arm embedded/7 2017-q4-major/bin/../lib/gcc/arm-none-eabi/7.2.1/../../../../arm-none-eabi/lib/thumb/v7e-m/fpv4-sp/hard\libc_nano.a(lib_a-setbuf.o)
 .ARM.attributes
                0x000006c4       0x34 c:/program files (x86)/gnu tools arm embedded/7 2017-q4-major/bin/../lib/gcc/arm-none-eabi/7.2.1/../../../../arm-none-eabi/lib/thumb/v7e-m/fpv4-sp/hard\libc_nano.a(lib_a-setvbuf.o)
 .ARM.attributes
                0x000006f8       0x1b c:/program files (x86)/gnu tools arm embedded/7 2017-q4-major/bin/../lib/gcc/arm-none-eabi/7.2.1/../../../../arm-none-eabi/lib/thumb/v7e-m/fpv4-sp/hard\libc_nano.a(lib_a-strlen.o)
 .ARM.attributes
                0x00000713       0x34 c:/program files (x86)/gnu tools arm embedded/7 2017-q4-major/bin/../lib/gcc/arm-none-eabi/7.2.1/../../../../arm-none-eabi/lib/thumb/v7e-m/fpv4-sp/hard\libc_nano.a(lib_a-dtoa.o)
 .ARM.attributes
                0x00000747       0x34 c:/program files (x86)/gnu tools arm embedded/7 2017-q4-major/bin/../lib/gcc/arm-none-eabi/7.2.1/../../../../arm-none-eabi/lib/thumb/v7e-m/fpv4-sp/hard\libc_nano.a(lib_a-fflush.o)
 .ARM.attributes
                0x0000077b       0x34 c:/program files (x86)/gnu tools arm embedded/7 2017-q4-major/bin/../lib/gcc/arm-none-eabi/7.2.1/../../../../arm-none-eabi/lib/thumb/v7e-m/fpv4-sp/hard\libc_nano.a(lib_a-findfp.o)
 .ARM.attributes
                0x000007af       0x34 c:/program files (x86)/gnu tools arm embedded/7 2017-q4-major/bin/../lib/gcc/arm-none-eabi/7.2.1/../../../../arm-none-eabi/lib/thumb/v7e-m/fpv4-sp/hard\libc_nano.a(lib_a-fwalk.o)
 .ARM.attributes
                0x000007e3       0x34 c:/program files (x86)/gnu tools arm embedded/7 2017-q4-major/bin/../lib/gcc/arm-none-eabi/7.2.1/../../../../arm-none-eabi/lib/thumb/v7e-m/fpv4-sp/hard\libc_nano.a(lib_a-localeconv.o)
 .ARM.attributes
                0x00000817       0x34 c:/program files (x86)/gnu tools arm embedded/7 2017-q4-major/bin/../lib/gcc/arm-none-eabi/7.2.1/../../../../arm-none-eabi/lib/thumb/v7e-m/fpv4-sp/hard\libc_nano.a(lib_a-makebuf.o)
 .ARM.attributes
                0x0000084b       0x34 c:/program files (x86)/gnu tools arm embedded/7 2017-q4-major/bin/../lib/gcc/arm-none-eabi/7.2.1/../../../../arm-none-eabi/lib/thumb/v7e-m/fpv4-sp/hard\libc_nano.a(lib_a-malloc.o)
 .ARM.attributes
                0x0000087f       0x20 c:/program files (x86)/gnu tools arm embedded/7 2017-q4-major/bin/../lib/gcc/arm-none-eabi/7.2.1/../../../../arm-none-eabi/lib/thumb/v7e-m/fpv4-sp/hard\libc_nano.a(lib_a-memchr.o)
 .ARM.attributes
                0x0000089f       0x34 c:/program files (x86)/gnu tools arm embedded/7 2017-q4-major/bin/../lib/gcc/arm-none-eabi/7.2.1/../../../../arm-none-eabi/lib/thumb/v7e-m/fpv4-sp/hard\libc_nano.a(lib_a-memcpy-stub.o)
 .ARM.attributes
                0x000008d3       0x34 c:/program files (x86)/gnu tools arm embedded/7 2017-q4-major/bin/../lib/gcc/arm-none-eabi/7.2.1/../../../../arm-none-eabi/lib/thumb/v7e-m/fpv4-sp/hard\libc_nano.a(lib_a-mprec.o)
 .ARM.attributes
                0x00000907       0x34 c:/program files (x86)/gnu tools arm embedded/7 2017-q4-major/bin/../lib/gcc/arm-none-eabi/7.2.1/../../../../arm-none-eabi/lib/thumb/v7e-m/fpv4-sp/hard\libc_nano.a(lib_a-nano-callocr.o)
 .ARM.attributes
                0x0000093b       0x34 c:/program files (x86)/gnu tools arm embedded/7 2017-q4-major/bin/../lib/gcc/arm-none-eabi/7.2.1/../../../../arm-none-eabi/lib/thumb/v7e-m/fpv4-sp/hard\libc_nano.a(lib_a-nano-freer.o)
 .ARM.attributes
                0x0000096f       0x34 c:/program files (x86)/gnu tools arm embedded/7 2017-q4-major/bin/../lib/gcc/arm-none-eabi/7.2.1/../../../../arm-none-eabi/lib/thumb/v7e-m/fpv4-sp/hard\libc_nano.a(lib_a-nano-mallocr.o)
 .ARM.attributes
                0x000009a3       0x34 c:/program files (x86)/gnu tools arm embedded/7 2017-q4-major/bin/../lib/gcc/arm-none-eabi/7.2.1/../../../../arm-none-eabi/lib/thumb/v7e-m/fpv4-sp/hard\libc_nano.a(lib_a-nano-vfprintf.o)
 .ARM.attributes
                0x000009d7       0x34 c:/program files (x86)/gnu tools arm embedded/7 2017-q4-major/bin/../lib/gcc/arm-none-eabi/7.2.1/../../../../arm-none-eabi/lib/thumb/v7e-m/fpv4-sp/hard\libc_nano.a(lib_a-sbrkr.o)
 .ARM.attributes
                0x00000a0b       0x34 c:/program files (x86)/gnu tools arm embedded/7 2017-q4-major/bin/../lib/gcc/arm-none-eabi/7.2.1/../../../../arm-none-eabi/lib/thumb/v7e-m/fpv4-sp/hard\libc_nano.a(lib_a-stdio.o)
 .ARM.attributes
                0x00000a3f       0x34 c:/program files (x86)/gnu tools arm embedded/7 2017-q4-major/bin/../lib/gcc/arm-none-eabi/7.2.1/../../../../arm-none-eabi/lib/thumb/v7e-m/fpv4-sp/hard\libc_nano.a(lib_a-wbuf.o)
 .ARM.attributes
                0x00000a73       0x34 c:/program files (x86)/gnu tools arm embedded/7 2017-q4-major/bin/../lib/gcc/arm-none-eabi/7.2.1/../../../../arm-none-eabi/lib/thumb/v7e-m/fpv4-sp/hard\libc_nano.a(lib_a-writer.o)
 .ARM.attributes
                0x00000aa7       0x34 c:/program files (x86)/gnu tools arm embedded/7 2017-q4-major/bin/../lib/gcc/arm-none-eabi/7.2.1/../../../../arm-none-eabi/lib/thumb/v7e-m/fpv4-sp/hard\libc_nano.a(lib_a-wsetup.o)
 .ARM.attributes
                0x00000adb       0x34 c:/program files (x86)/gnu tools arm embedded/7 2017-q4-major/bin/../lib/gcc/arm-none-eabi/7.2.1/../../../../arm-none-eabi/lib/thumb/v7e-m/fpv4-sp/hard\libc_nano.a(lib_a-closer.o)
 .ARM.attributes
                0x00000b0f       0x34 c:/program files (x86)/gnu tools arm embedded/7 2017-q4-major/bin/../lib/gcc/arm-none-eabi/7.2.1/../../../../arm-none-eabi/lib/thumb/v7e-m/fpv4-sp/hard\libc_nano.a(lib_a-fstatr.o)
 .ARM.attributes
                0x00000b43       0x34 c:/program files (x86)/gnu tools arm embedded/7 2017-q4-major/bin/../lib/gcc/arm-none-eabi/7.2.1/../../../../arm-none-eabi/lib/thumb/v7e-m/fpv4-sp/hard\libc_nano.a(lib_a-isattyr.o)
 .ARM.attributes
                0x00000b77       0x34 c:/program files (x86)/gnu tools arm embedded/7 2017-q4-major/bin/../lib/gcc/arm-none-eabi/7.2.1/../../../../arm-none-eabi/lib/thumb/v7e-m/fpv4-sp/hard\libc_nano.a(lib_a-locale.o)
 .ARM.attributes
                0x00000bab       0x34 c:/program files (x86)/gnu tools arm embedded/7 2017-q4-major/bin/../lib/gcc/arm-none-eabi/7.2.1/../../../../arm-none-eabi/lib/thumb/v7e-m/fpv4-sp/hard\libc_nano.a(lib_a-lseekr.o)
 .ARM.attributes
                0x00000bdf       0x34 c:/program files (x86)/gnu tools arm embedded/7 2017-q4-major/bin/../lib/gcc/arm-none-eabi/7.2.1/../../../../arm-none-eabi/lib/thumb/v7e-m/fpv4-sp/hard\libc_nano.a(lib_a-mbtowc_r.o)
 .ARM.attributes
                0x00000c13       0x34 c:/program files (x86)/gnu tools arm embedded/7 2017-q4-major/bin/../lib/gcc/arm-none-eabi/7.2.1/../../../../arm-none-eabi/lib/thumb/v7e-m/fpv4-sp/hard\libc_nano.a(lib_a-mlock.o)
 .ARM.attributes
                0x00000c47       0x34 c:/program files (x86)/gnu tools arm embedded/7 2017-q4-major/bin/../lib/gcc/arm-none-eabi/7.2.1/../../../../arm-none-eabi/lib/thumb/v7e-m/fpv4-sp/hard\libc_nano.a(lib_a-readr.o)
 .ARM.attributes
                0x00000c7b       0x34 c:/program files (x86)/gnu tools arm embedded/7 2017-q4-major/bin/../lib/gcc/arm-none-eabi/7.2.1/../../../../arm-none-eabi/lib/thumb/v7e-m/fpv4-sp/hard\libc_nano.a(lib_a-reent.o)
 .ARM.attributes
                0x00000caf       0x34 c:/program files (x86)/gnu tools arm embedded/7 2017-q4-major/bin/../lib/gcc/arm-none-eabi/7.2.1/../../../../arm-none-eabi/lib/thumb/v7e-m/fpv4-sp/hard\libc_nano.a(lib_a-wctomb_r.o)
 .ARM.attributes
                0x00000ce3       0x34 c:/program files (x86)/gnu tools arm embedded/7 2017-q4-major/bin/../lib/gcc/arm-none-eabi/7.2.1/../../../../arm-none-eabi/lib/thumb/v7e-m/fpv4-sp/hard\libc_nano.a(lib_a-ctype_.o)
 .ARM.attributes
                0x00000d17       0x22 c:/program files (x86)/gnu tools arm embedded/7 2017-q4-major/bin/../lib/gcc/arm-none-eabi/7.2.1/thumb/v7e-m/fpv4-sp/hard\libgcc.a(_arm_addsubdf3.o)
 .ARM.attributes
                0x00000d39       0x22 c:/program files (x86)/gnu tools arm embedded/7 2017-q4-major/bin/../lib/gcc/arm-none-eabi/7.2.1/thumb/v7e-m/fpv4-sp/hard\libgcc.a(_arm_muldivdf3.o)
 .ARM.attributes
                0x00000d5b       0x22 c:/program files (x86)/gnu tools arm embedded/7 2017-q4-major/bin/../lib/gcc/arm-none-eabi/7.2.1/thumb/v7e-m/fpv4-sp/hard\libgcc.a(_arm_cmpdf2.o)
 .ARM.attributes
                0x00000d7d       0x22 c:/program files (x86)/gnu tools arm embedded/7 2017-q4-major/bin/../lib/gcc/arm-none-eabi/7.2.1/thumb/v7e-m/fpv4-sp/hard\libgcc.a(_arm_unorddf2.o)
 .ARM.attributes
                0x00000d9f       0x22 c:/program files (x86)/gnu tools arm embedded/7 2017-q4-major/bin/../lib/gcc/arm-none-eabi/7.2.1/thumb/v7e-m/fpv4-sp/hard\libgcc.a(_arm_fixdfsi.o)
 .ARM.attributes
                0x00000dc1       0x22 c:/program files (x86)/gnu tools arm embedded/7 2017-q4-major/bin/../lib/gcc/arm-none-eabi/7.2.1/thumb/v7e-m/fpv4-sp/hard\libgcc.a(_arm_truncdfsf2.o)
 .ARM.attributes
                0x00000de3       0x22 c:/program files (x86)/gnu tools arm embedded/7 2017-q4-major/bin/../lib/gcc/arm-none-eabi/7.2.1/thumb/v7e-m/fpv4-sp/hard\libgcc.a(_aeabi_uldivmod.o)
 .ARM.attributes
                0x00000e05       0x34 c:/program files (x86)/gnu tools arm embedded/7 2017-q4-major/bin/../lib/gcc/arm-none-eabi/7.2.1/thumb/v7e-m/fpv4-sp/hard\libgcc.a(_udivmoddi4.o)
 .ARM.attributes
                0x00000e39       0x22 c:/program files (x86)/gnu tools arm embedded/7 2017-q4-major/bin/../lib/gcc/arm-none-eabi/7.2.1/thumb/v7e-m/fpv4-sp/hard\libgcc.a(_dvmd_tls.o)
 .ARM.attributes
                0x00000e5b       0x22 c:/program files (x86)/gnu tools arm embedded/7 2017-q4-major/bin/../lib/gcc/arm-none-eabi/7.2.1/thumb/v7e-m/fpv4-sp/hard/crtn.o
OUTPUT(build/mmc2018_ver1.elf elf32-littlearm)

.debug_info     0x00000000    0x2228c
 .debug_info    0x00000000     0x137d build/stm32f4xx_hal.o
 .debug_info    0x0000137d      0xe82 build/system_stm32f4xx.o
 .debug_info    0x000021ff     0x110f build/stm32f4xx_hal_gpio.o
 .debug_info    0x0000330e     0x1ddb build/adc.o
 .debug_info    0x000050e9     0x1b0a build/stm32f4xx_it.o
 .debug_info    0x00006bf3     0x1d71 build/stm32f4xx_hal_tim_ex.o
 .debug_info    0x00008964     0x14c2 build/gpio.o
 .debug_info    0x00009e26     0x2464 build/stm32f4xx_hal_spi.o
 .debug_info    0x0000c28a     0x1418 build/stm32f4xx_hal_rcc.o
 .debug_info    0x0000d6a2     0x24ac build/main.o
 .debug_info    0x0000fb4e     0x1367 build/usart.o
 .debug_info    0x00010eb5     0x2172 build/stm32f4xx_hal_uart.o
 .debug_info    0x00013027     0x2795 build/tim.o
 .debug_info    0x000157bc     0x1903 build/stm32f4xx_hal_cortex.o
 .debug_info    0x000170bf     0x17f4 build/stm32f4xx_hal_adc.o
 .debug_info    0x000188b3      0xd4e build/stm32f4xx_hal_msp.o
 .debug_info    0x00019601     0x3a39 build/stm32f4xx_hal_tim.o
 .debug_info    0x0001d03a     0x1ba4 build/spi.o
 .debug_info    0x0001ebde     0x114b build/syscalls.o
 .debug_info    0x0001fd29      0xdee build/global.o
 .debug_info    0x00020b17     0x1753 build/control.o
 .debug_info    0x0002226a       0x22 build/startup_stm32f405xx.o

.debug_abbrev   0x00000000     0x39f6
 .debug_abbrev  0x00000000      0x2e1 build/stm32f4xx_hal.o
 .debug_abbrev  0x000002e1      0x1e6 build/system_stm32f4xx.o
 .debug_abbrev  0x000004c7      0x2be build/stm32f4xx_hal_gpio.o
 .debug_abbrev  0x00000785      0x2a7 build/adc.o
 .debug_abbrev  0x00000a2c      0x264 build/stm32f4xx_it.o
 .debug_abbrev  0x00000c90      0x2f8 build/stm32f4xx_hal_tim_ex.o
 .debug_abbrev  0x00000f88      0x254 build/gpio.o
 .debug_abbrev  0x000011dc      0x323 build/stm32f4xx_hal_spi.o
 .debug_abbrev  0x000014ff      0x32f build/stm32f4xx_hal_rcc.o
 .debug_abbrev  0x0000182e      0x2fd build/main.o
 .debug_abbrev  0x00001b2b      0x23b build/usart.o
 .debug_abbrev  0x00001d66      0x375 build/stm32f4xx_hal_uart.o
 .debug_abbrev  0x000020db      0x2f4 build/tim.o
 .debug_abbrev  0x000023cf      0x3dc build/stm32f4xx_hal_cortex.o
 .debug_abbrev  0x000027ab      0x300 build/stm32f4xx_hal_adc.o
 .debug_abbrev  0x00002aab      0x1ed build/stm32f4xx_hal_msp.o
 .debug_abbrev  0x00002c98      0x310 build/stm32f4xx_hal_tim.o
 .debug_abbrev  0x00002fa8      0x2fd build/spi.o
 .debug_abbrev  0x000032a5      0x2d3 build/syscalls.o
 .debug_abbrev  0x00003578      0x19c build/global.o
 .debug_abbrev  0x00003714      0x2d0 build/control.o
 .debug_abbrev  0x000039e4       0x12 build/startup_stm32f405xx.o

.debug_loc      0x00000000     0xc50a
 .debug_loc     0x00000000      0x19d build/stm32f4xx_hal.o
 .debug_loc     0x0000019d      0x13e build/system_stm32f4xx.o
 .debug_loc     0x000002db      0x531 build/stm32f4xx_hal_gpio.o
 .debug_loc     0x0000080c      0x33f build/adc.o
 .debug_loc     0x00000b4b       0x64 build/stm32f4xx_it.o
 .debug_loc     0x00000baf     0x131e build/stm32f4xx_hal_tim_ex.o
 .debug_loc     0x00001ecd      0x146 build/gpio.o
 .debug_loc     0x00002013     0x1ffb build/stm32f4xx_hal_spi.o
 .debug_loc     0x0000400e      0x555 build/stm32f4xx_hal_rcc.o
 .debug_loc     0x00004563      0x159 build/main.o
 .debug_loc     0x000046bc       0xd3 build/usart.o
 .debug_loc     0x0000478f     0x1a3f build/stm32f4xx_hal_uart.o
 .debug_loc     0x000061ce      0x52c build/tim.o
 .debug_loc     0x000066fa      0x65e build/stm32f4xx_hal_cortex.o
 .debug_loc     0x00006d58      0xbd0 build/stm32f4xx_hal_adc.o
 .debug_loc     0x00007928       0x20 build/stm32f4xx_hal_msp.o
 .debug_loc     0x00007948     0x404a build/stm32f4xx_hal_tim.o
 .debug_loc     0x0000b992      0x2fb build/spi.o
 .debug_loc     0x0000bc8d      0x51b build/syscalls.o
 .debug_loc     0x0000c1a8      0x362 build/control.o

.debug_aranges  0x00000000      0xfa0
 .debug_aranges
                0x00000000       0xe0 build/stm32f4xx_hal.o
 .debug_aranges
                0x000000e0       0x28 build/system_stm32f4xx.o
 .debug_aranges
                0x00000108       0x58 build/stm32f4xx_hal_gpio.o
 .debug_aranges
                0x00000160       0x70 build/adc.o
 .debug_aranges
                0x000001d0       0x68 build/stm32f4xx_it.o
 .debug_aranges
                0x00000238      0x140 build/stm32f4xx_hal_tim_ex.o
 .debug_aranges
                0x00000378       0x50 build/gpio.o
 .debug_aranges
                0x000003c8      0x1c8 build/stm32f4xx_hal_spi.o
 .debug_aranges
                0x00000590       0x88 build/stm32f4xx_hal_rcc.o
 .debug_aranges
                0x00000618       0x40 build/main.o
 .debug_aranges
                0x00000658       0x30 build/usart.o
 .debug_aranges
                0x00000688      0x1d0 build/stm32f4xx_hal_uart.o
 .debug_aranges
                0x00000858       0x90 build/tim.o
 .debug_aranges
                0x000008e8       0xa8 build/stm32f4xx_hal_cortex.o
 .debug_aranges
                0x00000990       0xe8 build/stm32f4xx_hal_adc.o
 .debug_aranges
                0x00000a78       0x20 build/stm32f4xx_hal_msp.o
 .debug_aranges
                0x00000a98      0x368 build/stm32f4xx_hal_tim.o
 .debug_aranges
                0x00000e00       0x68 build/spi.o
 .debug_aranges
                0x00000e68       0xb0 build/syscalls.o
 .debug_aranges
                0x00000f18       0x18 build/global.o
 .debug_aranges
                0x00000f30       0x48 build/control.o
 .debug_aranges
                0x00000f78       0x28 build/startup_stm32f405xx.o

.debug_ranges   0x00000000      0xed0
 .debug_ranges  0x00000000       0xd0 build/stm32f4xx_hal.o
 .debug_ranges  0x000000d0       0x18 build/system_stm32f4xx.o
 .debug_ranges  0x000000e8       0x48 build/stm32f4xx_hal_gpio.o
 .debug_ranges  0x00000130       0x60 build/adc.o
 .debug_ranges  0x00000190       0x58 build/stm32f4xx_it.o
 .debug_ranges  0x000001e8      0x130 build/stm32f4xx_hal_tim_ex.o
 .debug_ranges  0x00000318       0x40 build/gpio.o
 .debug_ranges  0x00000358      0x1b8 build/stm32f4xx_hal_spi.o
 .debug_ranges  0x00000510       0x90 build/stm32f4xx_hal_rcc.o
 .debug_ranges  0x000005a0       0x48 build/main.o
 .debug_ranges  0x000005e8       0x20 build/usart.o
 .debug_ranges  0x00000608      0x1c0 build/stm32f4xx_hal_uart.o
 .debug_ranges  0x000007c8       0x80 build/tim.o
 .debug_ranges  0x00000848       0xf8 build/stm32f4xx_hal_cortex.o
 .debug_ranges  0x00000940       0xd8 build/stm32f4xx_hal_adc.o
 .debug_ranges  0x00000a18       0x10 build/stm32f4xx_hal_msp.o
 .debug_ranges  0x00000a28      0x358 build/stm32f4xx_hal_tim.o
 .debug_ranges  0x00000d80       0x58 build/spi.o
 .debug_ranges  0x00000dd8       0xa0 build/syscalls.o
 .debug_ranges  0x00000e78       0x38 build/control.o
 .debug_ranges  0x00000eb0       0x20 build/startup_stm32f405xx.o

.debug_line     0x00000000     0x788a
 .debug_line    0x00000000      0x482 build/stm32f4xx_hal.o
 .debug_line    0x00000482      0x255 build/system_stm32f4xx.o
 .debug_line    0x000006d7      0x410 build/stm32f4xx_hal_gpio.o
 .debug_line    0x00000ae7      0x46e build/adc.o
 .debug_line    0x00000f55      0x3ff build/stm32f4xx_it.o
 .debug_line    0x00001354      0x878 build/stm32f4xx_hal_tim_ex.o
 .debug_line    0x00001bcc      0x314 build/gpio.o
 .debug_line    0x00001ee0      0xca9 build/stm32f4xx_hal_spi.o
 .debug_line    0x00002b89      0x546 build/stm32f4xx_hal_rcc.o
 .debug_line    0x000030cf      0x468 build/main.o
 .debug_line    0x00003537      0x2e3 build/usart.o
 .debug_line    0x0000381a      0xbd9 build/stm32f4xx_hal_uart.o
 .debug_line    0x000043f3      0x571 build/tim.o
 .debug_line    0x00004964      0x4c2 build/stm32f4xx_hal_cortex.o
 .debug_line    0x00004e26      0x758 build/stm32f4xx_hal_adc.o
 .debug_line    0x0000557e      0x264 build/stm32f4xx_hal_msp.o
 .debug_line    0x000057e2     0x1332 build/stm32f4xx_hal_tim.o
 .debug_line    0x00006b14      0x40b build/spi.o
 .debug_line    0x00006f1f      0x3a7 build/syscalls.o
 .debug_line    0x000072c6      0x1a1 build/global.o
 .debug_line    0x00007467      0x3af build/control.o
 .debug_line    0x00007816       0x74 build/startup_stm32f405xx.o

.debug_str      0x00000000     0x4836
 .debug_str     0x00000000      0xe8b build/stm32f4xx_hal.o
                                0xf33 (size before relaxing)
 .debug_str     0x00000e8b       0xa7 build/system_stm32f4xx.o
                                0x765 (size before relaxing)
 .debug_str     0x00000f32      0x1db build/stm32f4xx_hal_gpio.o
                                0x901 (size before relaxing)
 .debug_str     0x0000110d      0x5fe build/adc.o
                                0xdf3 (size before relaxing)
 .debug_str     0x0000170b      0x539 build/stm32f4xx_it.o
                               0x1087 (size before relaxing)
 .debug_str     0x00001c44      0x64d build/stm32f4xx_hal_tim_ex.o
                               0x1086 (size before relaxing)
 .debug_str     0x00002291       0x46 build/gpio.o
                                0x917 (size before relaxing)
 .debug_str     0x000022d7      0x517 build/stm32f4xx_hal_spi.o
                                0xf8b (size before relaxing)
 .debug_str     0x000027ee      0x2c5 build/stm32f4xx_hal_rcc.o
                                0xad4 (size before relaxing)
 .debug_str     0x00002ab3      0x2d9 build/main.o
                               0x1980 (size before relaxing)
 .debug_str     0x00002d8c       0x49 build/usart.o
                                0xbdf (size before relaxing)
 .debug_str     0x00002dd5      0x4eb build/stm32f4xx_hal_uart.o
                               0x1003 (size before relaxing)
 .debug_str     0x000032c0      0x254 build/tim.o
                               0x16ed (size before relaxing)
 .debug_str     0x00003514      0x312 build/stm32f4xx_hal_cortex.o
                               0x100a (size before relaxing)
 .debug_str     0x00003826      0x24e build/stm32f4xx_hal_adc.o
                                0xd54 (size before relaxing)
 .debug_str     0x00003a74       0x18 build/stm32f4xx_hal_msp.o
                                0xae5 (size before relaxing)
 .debug_str     0x00003a8c      0xa1f build/stm32f4xx_hal_tim.o
                               0x17c6 (size before relaxing)
 .debug_str     0x000044ab       0x54 build/spi.o
                                0xe78 (size before relaxing)
 .debug_str     0x000044ff      0x256 build/syscalls.o
                                0x824 (size before relaxing)
 .debug_str     0x00004755       0x4e build/global.o
                                0x74b (size before relaxing)
 .debug_str     0x000047a3       0x6e build/control.o
                                0xce7 (size before relaxing)
 .debug_str     0x00004811       0x25 build/startup_stm32f405xx.o
                                 0x4c (size before relaxing)

.comment        0x00000000       0x7e
 .comment       0x00000000       0x7e build/stm32f4xx_hal.o
                                 0x7f (size before relaxing)
 .comment       0x0000007e       0x7f build/system_stm32f4xx.o
 .comment       0x0000007e       0x7f build/stm32f4xx_hal_gpio.o
 .comment       0x0000007e       0x7f build/adc.o
 .comment       0x0000007e       0x7f build/stm32f4xx_it.o
 .comment       0x0000007e       0x7f build/stm32f4xx_hal_tim_ex.o
 .comment       0x0000007e       0x7f build/gpio.o
 .comment       0x0000007e       0x7f build/stm32f4xx_hal_spi.o
 .comment       0x0000007e       0x7f build/stm32f4xx_hal_rcc.o
 .comment       0x0000007e       0x7f build/main.o
 .comment       0x0000007e       0x7f build/usart.o
 .comment       0x0000007e       0x7f build/stm32f4xx_hal_uart.o
 .comment       0x0000007e       0x7f build/tim.o
 .comment       0x0000007e       0x7f build/stm32f4xx_hal_cortex.o
 .comment       0x0000007e       0x7f build/stm32f4xx_hal_adc.o
 .comment       0x0000007e       0x7f build/stm32f4xx_hal_msp.o
 .comment       0x0000007e       0x7f build/stm32f4xx_hal_tim.o
 .comment       0x0000007e       0x7f build/spi.o
 .comment       0x0000007e       0x7f build/syscalls.o
 .comment       0x0000007e       0x7f build/global.o
 .comment       0x0000007e       0x7f build/control.o

.debug_frame    0x00000000     0x3c20
 .debug_frame   0x00000000      0x1e0 build/stm32f4xx_hal.o
 .debug_frame   0x000001e0       0x30 build/system_stm32f4xx.o
 .debug_frame   0x00000210       0xec build/stm32f4xx_hal_gpio.o
 .debug_frame   0x000002fc      0x15c build/adc.o
 .debug_frame   0x00000458       0xec build/stm32f4xx_it.o
 .debug_frame   0x00000544      0x3f0 build/stm32f4xx_hal_tim_ex.o
 .debug_frame   0x00000934       0xe4 build/gpio.o
 .debug_frame   0x00000a18      0x5ec build/stm32f4xx_hal_spi.o
 .debug_frame   0x00001004      0x1c4 build/stm32f4xx_hal_rcc.o
 .debug_frame   0x000011c8       0x98 build/main.o
 .debug_frame   0x00001260       0x64 build/usart.o
 .debug_frame   0x000012c4      0x57c build/stm32f4xx_hal_uart.o
 .debug_frame   0x00001840      0x1d0 build/tim.o
 .debug_frame   0x00001a10      0x16c build/stm32f4xx_hal_cortex.o
 .debug_frame   0x00001b7c      0x2b8 build/stm32f4xx_hal_adc.o
 .debug_frame   0x00001e34       0x2c build/stm32f4xx_hal_msp.o
 .debug_frame   0x00001e60      0xb0c build/stm32f4xx_hal_tim.o
 .debug_frame   0x0000296c      0x138 build/spi.o
 .debug_frame   0x00002aa4      0x1d8 build/syscalls.o
 .debug_frame   0x00002c7c       0xa0 build/control.o
 .debug_frame   0x00002d1c       0x20 c:/program files (x86)/gnu tools arm embedded/7 2017-q4-major/bin/../lib/gcc/arm-none-eabi/7.2.1/../../../../arm-none-eabi/lib/thumb/v7e-m/fpv4-sp/hard\libc_nano.a(lib_a-errno.o)
 .debug_frame   0x00002d3c       0x2c c:/program files (x86)/gnu tools arm embedded/7 2017-q4-major/bin/../lib/gcc/arm-none-eabi/7.2.1/../../../../arm-none-eabi/lib/thumb/v7e-m/fpv4-sp/hard\libc_nano.a(lib_a-init.o)
 .debug_frame   0x00002d68       0x20 c:/program files (x86)/gnu tools arm embedded/7 2017-q4-major/bin/../lib/gcc/arm-none-eabi/7.2.1/../../../../arm-none-eabi/lib/thumb/v7e-m/fpv4-sp/hard\libc_nano.a(lib_a-memset.o)
 .debug_frame   0x00002d88       0x8c c:/program files (x86)/gnu tools arm embedded/7 2017-q4-major/bin/../lib/gcc/arm-none-eabi/7.2.1/../../../../arm-none-eabi/lib/thumb/v7e-m/fpv4-sp/hard\libc_nano.a(lib_a-nano-vfprintf_float.o)
 .debug_frame   0x00002e14       0x60 c:/program files (x86)/gnu tools arm embedded/7 2017-q4-major/bin/../lib/gcc/arm-none-eabi/7.2.1/../../../../arm-none-eabi/lib/thumb/v7e-m/fpv4-sp/hard\libc_nano.a(lib_a-nano-vfprintf_i.o)
 .debug_frame   0x00002e74       0x74 c:/program files (x86)/gnu tools arm embedded/7 2017-q4-major/bin/../lib/gcc/arm-none-eabi/7.2.1/../../../../arm-none-eabi/lib/thumb/v7e-m/fpv4-sp/hard\libc_nano.a(lib_a-printf.o)
 .debug_frame   0x00002ee8       0x20 c:/program files (x86)/gnu tools arm embedded/7 2017-q4-major/bin/../lib/gcc/arm-none-eabi/7.2.1/../../../../arm-none-eabi/lib/thumb/v7e-m/fpv4-sp/hard\libc_nano.a(lib_a-setbuf.o)
 .debug_frame   0x00002f08       0x38 c:/program files (x86)/gnu tools arm embedded/7 2017-q4-major/bin/../lib/gcc/arm-none-eabi/7.2.1/../../../../arm-none-eabi/lib/thumb/v7e-m/fpv4-sp/hard\libc_nano.a(lib_a-setvbuf.o)
 .debug_frame   0x00002f40       0x70 c:/program files (x86)/gnu tools arm embedded/7 2017-q4-major/bin/../lib/gcc/arm-none-eabi/7.2.1/../../../../arm-none-eabi/lib/thumb/v7e-m/fpv4-sp/hard\libc_nano.a(lib_a-dtoa.o)
 .debug_frame   0x00002fb0       0x68 c:/program files (x86)/gnu tools arm embedded/7 2017-q4-major/bin/../lib/gcc/arm-none-eabi/7.2.1/../../../../arm-none-eabi/lib/thumb/v7e-m/fpv4-sp/hard\libc_nano.a(lib_a-fflush.o)
 .debug_frame   0x00003018      0x11c c:/program files (x86)/gnu tools arm embedded/7 2017-q4-major/bin/../lib/gcc/arm-none-eabi/7.2.1/../../../../arm-none-eabi/lib/thumb/v7e-m/fpv4-sp/hard\libc_nano.a(lib_a-findfp.o)
 .debug_frame   0x00003134       0x54 c:/program files (x86)/gnu tools arm embedded/7 2017-q4-major/bin/../lib/gcc/arm-none-eabi/7.2.1/../../../../arm-none-eabi/lib/thumb/v7e-m/fpv4-sp/hard\libc_nano.a(lib_a-fwalk.o)
 .debug_frame   0x00003188       0x40 c:/program files (x86)/gnu tools arm embedded/7 2017-q4-major/bin/../lib/gcc/arm-none-eabi/7.2.1/../../../../arm-none-eabi/lib/thumb/v7e-m/fpv4-sp/hard\libc_nano.a(lib_a-localeconv.o)
 .debug_frame   0x000031c8       0x58 c:/program files (x86)/gnu tools arm embedded/7 2017-q4-major/bin/../lib/gcc/arm-none-eabi/7.2.1/../../../../arm-none-eabi/lib/thumb/v7e-m/fpv4-sp/hard\libc_nano.a(lib_a-makebuf.o)
 .debug_frame   0x00003220       0x30 c:/program files (x86)/gnu tools arm embedded/7 2017-q4-major/bin/../lib/gcc/arm-none-eabi/7.2.1/../../../../arm-none-eabi/lib/thumb/v7e-m/fpv4-sp/hard\libc_nano.a(lib_a-malloc.o)
 .debug_frame   0x00003250       0x28 c:/program files (x86)/gnu tools arm embedded/7 2017-q4-major/bin/../lib/gcc/arm-none-eabi/7.2.1/../../../../arm-none-eabi/lib/thumb/v7e-m/fpv4-sp/hard\libc_nano.a(lib_a-memcpy-stub.o)
 .debug_frame   0x00003278      0x244 c:/program files (x86)/gnu tools arm embedded/7 2017-q4-major/bin/../lib/gcc/arm-none-eabi/7.2.1/../../../../arm-none-eabi/lib/thumb/v7e-m/fpv4-sp/hard\libc_nano.a(lib_a-mprec.o)
 .debug_frame   0x000034bc       0x2c c:/program files (x86)/gnu tools arm embedded/7 2017-q4-major/bin/../lib/gcc/arm-none-eabi/7.2.1/../../../../arm-none-eabi/lib/thumb/v7e-m/fpv4-sp/hard\libc_nano.a(lib_a-nano-callocr.o)
 .debug_frame   0x000034e8       0x38 c:/program files (x86)/gnu tools arm embedded/7 2017-q4-major/bin/../lib/gcc/arm-none-eabi/7.2.1/../../../../arm-none-eabi/lib/thumb/v7e-m/fpv4-sp/hard\libc_nano.a(lib_a-nano-freer.o)
 .debug_frame   0x00003520       0x2c c:/program files (x86)/gnu tools arm embedded/7 2017-q4-major/bin/../lib/gcc/arm-none-eabi/7.2.1/../../../../arm-none-eabi/lib/thumb/v7e-m/fpv4-sp/hard\libc_nano.a(lib_a-nano-mallocr.o)