Archive member included to satisfy reference by file (symbol)

c:/program files (x86)/gnu tools arm embedded/7 2017-q4-major/bin/../lib/gcc/arm-none-eabi/7.2.1/../../../../arm-none-eabi/lib/thumb/v7e-m/fpv4-sp/hard\libc_nano.a(lib_a-errno.o)
                              build/syscalls.o (__errno)
c:/program files (x86)/gnu tools arm embedded/7 2017-q4-major/bin/../lib/gcc/arm-none-eabi/7.2.1/../../../../arm-none-eabi/lib/thumb/v7e-m/fpv4-sp/hard\libc_nano.a(lib_a-exit.o)
                              c:/program files (x86)/gnu tools arm embedded/7 2017-q4-major/bin/../lib/gcc/arm-none-eabi/7.2.1/../../../../arm-none-eabi/lib/thumb/v7e-m/fpv4-sp/hard/crt0.o (exit)
c:/program files (x86)/gnu tools arm embedded/7 2017-q4-major/bin/../lib/gcc/arm-none-eabi/7.2.1/../../../../arm-none-eabi/lib/thumb/v7e-m/fpv4-sp/hard\libc_nano.a(lib_a-impure.o)
                              c:/program files (x86)/gnu tools arm embedded/7 2017-q4-major/bin/../lib/gcc/arm-none-eabi/7.2.1/../../../../arm-none-eabi/lib/thumb/v7e-m/fpv4-sp/hard\libc_nano.a(lib_a-exit.o) (_global_impure_ptr)
c:/program files (x86)/gnu tools arm embedded/7 2017-q4-major/bin/../lib/gcc/arm-none-eabi/7.2.1/../../../../arm-none-eabi/lib/thumb/v7e-m/fpv4-sp/hard\libc_nano.a(lib_a-init.o)
                              c:/program files (x86)/gnu tools arm embedded/7 2017-q4-major/bin/../lib/gcc/arm-none-eabi/7.2.1/../../../../arm-none-eabi/lib/thumb/v7e-m/fpv4-sp/hard/crt0.o (__libc_init_array)
c:/program files (x86)/gnu tools arm embedded/7 2017-q4-major/bin/../lib/gcc/arm-none-eabi/7.2.1/../../../../arm-none-eabi/lib/thumb/v7e-m/fpv4-sp/hard\libc_nano.a(lib_a-memcpy-stub.o)
                              build/flash.o (memcpy)
c:/program files (x86)/gnu tools arm embedded/7 2017-q4-major/bin/../lib/gcc/arm-none-eabi/7.2.1/../../../../arm-none-eabi/lib/thumb/v7e-m/fpv4-sp/hard\libc_nano.a(lib_a-memset.o)
                              c:/program files (x86)/gnu tools arm embedded/7 2017-q4-major/bin/../lib/gcc/arm-none-eabi/7.2.1/../../../../arm-none-eabi/lib/thumb/v7e-m/fpv4-sp/hard/crt0.o (memset)
c:/program files (x86)/gnu tools arm embedded/7 2017-q4-major/bin/../lib/gcc/arm-none-eabi/7.2.1/../../../../arm-none-eabi/lib/thumb/v7e-m/fpv4-sp/hard\libc_nano.a(lib_a-nano-vfprintf_float.o)
                              (_printf_float)
c:/program files (x86)/gnu tools arm embedded/7 2017-q4-major/bin/../lib/gcc/arm-none-eabi/7.2.1/../../../../arm-none-eabi/lib/thumb/v7e-m/fpv4-sp/hard\libc_nano.a(lib_a-nano-vfprintf_i.o)
                              c:/program files (x86)/gnu tools arm embedded/7 2017-q4-major/bin/../lib/gcc/arm-none-eabi/7.2.1/../../../../arm-none-eabi/lib/thumb/v7e-m/fpv4-sp/hard\libc_nano.a(lib_a-nano-vfprintf_float.o) (_printf_common)
c:/program files (x86)/gnu tools arm embedded/7 2017-q4-major/bin/../lib/gcc/arm-none-eabi/7.2.1/../../../../arm-none-eabi/lib/thumb/v7e-m/fpv4-sp/hard\libc_nano.a(lib_a-printf.o)
                              build/main.o (printf)
c:/program files (x86)/gnu tools arm embedded/7 2017-q4-major/bin/../lib/gcc/arm-none-eabi/7.2.1/../../../../arm-none-eabi/lib/thumb/v7e-m/fpv4-sp/hard\libc_nano.a(lib_a-setbuf.o)
                              build/main.o (setbuf)
c:/program files (x86)/gnu tools arm embedded/7 2017-q4-major/bin/../lib/gcc/arm-none-eabi/7.2.1/../../../../arm-none-eabi/lib/thumb/v7e-m/fpv4-sp/hard\libc_nano.a(lib_a-setvbuf.o)
                              c:/program files (x86)/gnu tools arm embedded/7 2017-q4-major/bin/../lib/gcc/arm-none-eabi/7.2.1/../../../../arm-none-eabi/lib/thumb/v7e-m/fpv4-sp/hard\libc_nano.a(lib_a-setbuf.o) (setvbuf)
c:/program files (x86)/gnu tools arm embedded/7 2017-q4-major/bin/../lib/gcc/arm-none-eabi/7.2.1/../../../../arm-none-eabi/lib/thumb/v7e-m/fpv4-sp/hard\libc_nano.a(lib_a-strlen.o)
                              c:/program files (x86)/gnu tools arm embedded/7 2017-q4-major/bin/../lib/gcc/arm-none-eabi/7.2.1/../../../../arm-none-eabi/lib/thumb/v7e-m/fpv4-sp/hard\libc_nano.a(lib_a-nano-vfprintf_float.o) (strlen)
c:/program files (x86)/gnu tools arm embedded/7 2017-q4-major/bin/../lib/gcc/arm-none-eabi/7.2.1/../../../../arm-none-eabi/lib/thumb/v7e-m/fpv4-sp/hard\libc_nano.a(lib_a-dtoa.o)
                              c:/program files (x86)/gnu tools arm embedded/7 2017-q4-major/bin/../lib/gcc/arm-none-eabi/7.2.1/../../../../arm-none-eabi/lib/thumb/v7e-m/fpv4-sp/hard\libc_nano.a(lib_a-nano-vfprintf_float.o) (_dtoa_r)
c:/program files (x86)/gnu tools arm embedded/7 2017-q4-major/bin/../lib/gcc/arm-none-eabi/7.2.1/../../../../arm-none-eabi/lib/thumb/v7e-m/fpv4-sp/hard\libc_nano.a(lib_a-fflush.o)
                              c:/program files (x86)/gnu tools arm embedded/7 2017-q4-major/bin/../lib/gcc/arm-none-eabi/7.2.1/../../../../arm-none-eabi/lib/thumb/v7e-m/fpv4-sp/hard\libc_nano.a(lib_a-setvbuf.o) (_fflush_r)
[...]
Memory Configuration

Name             Origin             Length             Attributes
RAM              0x20000000         0x00020000         xrw
CCMRAM           0x10000000         0x00010000         rw
FLASH            0x08000000         0x000e0000         xr
DATA             0x080e0000         0x00020000         xr
*default*        0x00000000         0xffffffff

Linker script and memory map

LOAD c:/program files (x86)/gnu tools arm embedded/7 2017-q4-major/bin/../lib/gcc/arm-none-eabi/7.2.1/thumb/v7e-m/fpv4-sp/hard/crti.o
LOAD c:/program files (x86)/gnu tools arm embedded/7 2017-q4-major/bin/../lib/gcc/arm-none-eabi/7.2.1/thumb/v7e-m/fpv4-sp/hard/crtbegin.o
LOAD c:/program files (x86)/gnu tools arm embedded/7 2017-q4-major/bin/../lib/gcc/arm-none-eabi/7.2.1/../../../../arm-none-eabi/lib/thumb/v7e-m/fpv4-sp/hard/crt0.o
LOAD build/stm32f4xx_hal_rcc_ex.o
LOAD build/stm32f4xx_hal_pwr.o
LOAD build/stm32f4xx_hal_dma_ex.o
LOAD build/stm32f4xx_hal_adc_ex.o
LOAD build/stm32f4xx_hal.o
LOAD build/system_stm32f4xx.o
LOAD build/stm32f4xx_hal_flash_ex.o
LOAD build/stm32f4xx_hal_gpio.o
LOAD build/adc.o
LOAD build/stm32f4xx_it.o
LOAD build/stm32f4xx_hal_tim_ex.o
LOAD build/gpio.o
LOAD build/stm32f4xx_hal_pwr_ex.o
LOAD build/stm32f4xx_hal_spi.o
LOAD build/stm32f4xx_hal_rcc.o
LOAD build/stm32f4xx_hal_flash.o
LOAD build/main.o
LOAD build/usart.o
LOAD build/stm32f4xx_hal_flash_ramfunc.o
LOAD build/stm32f4xx_hal_uart.o
LOAD build/tim.o
LOAD build/stm32f4xx_hal_cortex.o
LOAD build/stm32f4xx_hal_adc.o
LOAD build/stm32f4xx_hal_msp.o
LOAD build/stm32f4xx_hal_dma.o
LOAD build/stm32f4xx_hal_tim.o
LOAD build/spi.o
LOAD build/syscalls.o
LOAD build/global.o
LOAD build/control.o
LOAD build/flash.o
LOAD build/mode.o
LOAD build/startup_stm32f405xx.o
LOAD c:/program files (x86)/gnu tools arm embedded/7 2017-q4-major/bin/../lib/gcc/arm-none-eabi/7.2.1/../../../../arm-none-eabi/lib/thumb/v7e-m/fpv4-sp/hard\libc_nano.a
LOAD c:/program files (x86)/gnu tools arm embedded/7 2017-q4-major/bin/../lib/gcc/arm-none-eabi/7.2.1/../../../../arm-none-eabi/lib/thumb/v7e-m/fpv4-sp/hard\libm.a
LOAD c:/program files (x86)/gnu tools arm embedded/7 2017-q4-major/bin/../lib/gcc/arm-none-eabi/7.2.1/../../../../arm-none-eabi/lib/thumb/v7e-m/fpv4-sp/hard\libnosys.a
LOAD Drivers/CMSIS/Lib/GCC/\libarm_cortexM4lf_math.a
START GROUP
LOAD c:/program files (x86)/gnu tools arm embedded/7 2017-q4-major/bin/../lib/gcc/arm-none-eabi/7.2.1/thumb/v7e-m/fpv4-sp/hard\libgcc.a
LOAD c:/program files (x86)/gnu tools arm embedded/7 2017-q4-major/bin/../lib/gcc/arm-none-eabi/7.2.1/../../../../arm-none-eabi/lib/thumb/v7e-m/fpv4-sp/hard\libc_nano.a
END GROUP
START GROUP
LOAD c:/program files (x86)/gnu tools arm embedded/7 2017-q4-major/bin/../lib/gcc/arm-none-eabi/7.2.1/thumb/v7e-m/fpv4-sp/hard\libgcc.a
LOAD c:/program files (x86)/gnu tools arm embedded/7 2017-q4-major/bin/../lib/gcc/arm-none-eabi/7.2.1/../../../../arm-none-eabi/lib/thumb/v7e-m/fpv4-sp/hard\libc_nano.a
END GROUP
LOAD c:/program files (x86)/gnu tools arm embedded/7 2017-q4-major/bin/../lib/gcc/arm-none-eabi/7.2.1/thumb/v7e-m/fpv4-sp/hard/crtend.o
LOAD c:/program files (x86)/gnu tools arm embedded/7 2017-q4-major/bin/../lib/gcc/arm-none-eabi/7.2.1/thumb/v7e-m/fpv4-sp/hard/crtn.o
                0x20020000                _estack = 0x20020000
                0x00000200                _Min_Heap_Size = 0x200
                0x00000400                _Min_Stack_Size = 0x400

.isr_vector     0x08000000      0x188
                0x08000000                . = ALIGN (0x4)
 *(.isr_vector)
 .isr_vector    0x08000000      0x188 build/startup_stm32f405xx.o
                0x08000000                g_pfnVectors
                0x08000188                . = ALIGN (0x4)

.text           0x08000190     0x736c
                0x08000190                . = ALIGN (0x4)
 *(.text)
 .text          0x08000190       0x40 c:/program files (x86)/gnu tools arm embedded/7 2017-q4-major/bin/../lib/gcc/arm-none-eabi/7.2.1/thumb/v7e-m/fpv4-sp/hard/crtbegin.o
 .text          0x080001d0       0x10 c:/program files (x86)/gnu tools arm embedded/7 2017-q4-major/bin/../lib/gcc/arm-none-eabi/7.2.1/../../../../arm-none-eabi/lib/thumb/v7e-m/fpv4-sp/hard\libc_nano.a(lib_a-strlen.o)
                0x080001d0                strlen
 .text          0x080001e0       0xa0 c:/program files (x86)/gnu tools arm embedded/7 2017-q4-major/bin/../lib/gcc/arm-none-eabi/7.2.1/../../../../arm-none-eabi/lib/thumb/v7e-m/fpv4-sp/hard\libc_nano.a(lib_a-memchr.o)
                0x080001e0                memchr
 .text          0x08000280      0x378 c:/program files (x86)/gnu tools arm embedded/7 2017-q4-major/bin/../lib/gcc/arm-none-eabi/7.2.1/thumb/v7e-m/fpv4-sp/hard\libgcc.a(_arm_addsubdf3.o)
                0x08000280                __aeabi_drsub
                0x08000288                __aeabi_dsub
                0x08000288                __subdf3
                0x0800028c                __aeabi_dadd
                0x0800028c                __adddf3
                0x08000504                __floatunsidf
                0x08000504                __aeabi_ui2d
                0x08000524                __floatsidf
                0x08000524                __aeabi_i2d
                0x08000548                __aeabi_f2d
                0x08000548                __extendsfdf2
                0x0800058c                __floatundidf
                0x0800058c                __aeabi_ul2d
                0x0800059c                __floatdidf
                0x0800059c                __aeabi_l2d
 .text          0x080005f8      0x424 c:/program files (x86)/gnu tools arm embedded/7 2017-q4-major/bin/../lib/gcc/arm-none-eabi/7.2.1/thumb/v7e-m/fpv4-sp/hard\libgcc.a(_arm_muldivdf3.o)
                0x080005f8                __aeabi_dmul
                0x080005f8                __muldf3
                0x0800084c                __divdf3
                0x0800084c                __aeabi_ddiv
 .text          0x08000a1c      0x110 c:/program files (x86)/gnu tools arm embedded/7 2017-q4-major/bin/../lib/gcc/arm-none-eabi/7.2.1/thumb/v7e-m/fpv4-sp/hard\libgcc.a(_arm_cmpdf2.o)
                0x08000a1c                __gtdf2
                0x08000a1c                __gedf2
                0x08000a24                __ltdf2
                0x08000a24                __ledf2
                0x08000a2c                __nedf2
                0x08000a2c                __eqdf2
                0x08000a2c                __cmpdf2
                0x08000aa8                __aeabi_cdrcmple
                0x08000ab8                __aeabi_cdcmpeq
                0x08000ab8                __aeabi_cdcmple
                0x08000ac8                __aeabi_dcmpeq
                0x08000adc                __aeabi_dcmplt
                0x08000af0                __aeabi_dcmple
                0x08000b04                __aeabi_dcmpge
                0x08000b18                __aeabi_dcmpgt
 .text          0x08000b2c       0x2c c:/program files (x86)/gnu tools arm embedded/7 2017-q4-major/bin/../lib/gcc/arm-none-eabi/7.2.1/thumb/v7e-m/fpv4-sp/hard\libgcc.a(_arm_unorddf2.o)
                0x08000b2c                __unorddf2
                0x08000b2c                __aeabi_dcmpun
 .text          0x08000b58       0x50 c:/program files (x86)/gnu tools arm embedded/7 2017-q4-major/bin/../lib/gcc/arm-none-eabi/7.2.1/thumb/v7e-m/fpv4-sp/hard\libgcc.a(_arm_fixdfsi.o)
                0x08000b58                __aeabi_d2iz
                0x08000b58                __fixdfsi
 .text          0x08000ba8       0x30 c:/program files (x86)/gnu tools arm embedded/7 2017-q4-major/bin/../lib/gcc/arm-none-eabi/7.2.1/thumb/v7e-m/fpv4-sp/hard\libgcc.a(_aeabi_uldivmod.o)
                0x08000ba8                __aeabi_uldivmod
 .text          0x08000bd8      0x2cc c:/program files (x86)/gnu tools arm embedded/7 2017-q4-major/bin/../lib/gcc/arm-none-eabi/7.2.1/thumb/v7e-m/fpv4-sp/hard\libgcc.a(_udivmoddi4.o)
                0x08000bd8                __udivmoddi4
 .text          0x08000ea4        0x4 c:/program files (x86)/gnu tools arm embedded/7 2017-q4-major/bin/../lib/gcc/arm-none-eabi/7.2.1/thumb/v7e-m/fpv4-sp/hard\libgcc.a(_dvmd_tls.o)
                0x08000ea4                __aeabi_idiv0
                0x08000ea4                __aeabi_ldiv0
 *(.text*)
 .text.HAL_InitTick
                0x08000ea8       0x4c build/stm32f4xx_hal.o
                0x08000ea8                HAL_InitTick
 .text.HAL_Init
                0x08000ef4       0x34 build/stm32f4xx_hal.o
                0x08000ef4                HAL_Init
 .text.HAL_IncTick
                0x08000f28       0x18 build/stm32f4xx_hal.o
                0x08000f28                HAL_IncTick
 .text.HAL_GetTick
                0x08000f40        0xc build/stm32f4xx_hal.o
                0x08000f40                HAL_GetTick
 .text.HAL_Delay
                0x08000f4c       0x28 build/stm32f4xx_hal.o
                0x08000f4c                HAL_Delay
 .text.SystemInit
                0x08000f74       0x4c build/system_stm32f4xx.o
                0x08000f74                SystemInit
 .text.HAL_GPIO_Init
                0x08000fc0      0x1c8 build/stm32f4xx_hal_gpio.o
                0x08000fc0                HAL_GPIO_Init
 .text.HAL_GPIO_ReadPin
                0x08001188        0xe build/stm32f4xx_hal_gpio.o
                0x08001188                HAL_GPIO_ReadPin
 .text.HAL_GPIO_WritePin
                0x08001196        0xc build/stm32f4xx_hal_gpio.o
                0x08001196                HAL_GPIO_WritePin
 *fill*         0x080011a2        0x2 
 .text.MX_ADC1_Init
                0x080011a4       0x70 build/adc.o
                0x080011a4                MX_ADC1_Init
 .text.MX_ADC2_Init
                0x08001214       0x70 build/adc.o
                0x08001214                MX_ADC2_Init
 .text.MX_ADC3_Init
                0x08001284       0x70 build/adc.o
                0x08001284                MX_ADC3_Init
 .text.HAL_ADC_MspInit
                0x080012f4       0xb8 build/adc.o
                0x080012f4                HAL_ADC_MspInit
 .text.update_batt_date
                0x080013ac       0x4c build/adc.o
                0x080013ac                update_batt_date
 .text.update_fr_sen_on
                0x080013f8       0x80 build/adc.o
                0x080013f8                update_fr_sen_on
 .text.update_side_sen_on
                0x08001478       0x7c build/adc.o
                0x08001478                update_side_sen_on
 .text.update_fr_sen_off
                0x080014f4       0x80 build/adc.o
                0x080014f4                update_fr_sen_off
 .text.update_side_sen_off
                0x08001574       0x7c build/adc.o
                0x08001574                update_side_sen_off
 .text.update_wall
                0x080015f0       0xd8 build/adc.o
                0x080015f0                update_wall
 .text.NMI_Handler
                0x080016c8        0x2 build/stm32f4xx_it.o
                0x080016c8                NMI_Handler
 .text.HardFault_Handler
                0x080016ca        0x2 build/stm32f4xx_it.o
                0x080016ca                HardFault_Handler
 .text.MemManage_Handler
                0x080016cc        0x2 build/stm32f4xx_it.o
                0x080016cc                MemManage_Handler
 .text.BusFault_Handler
                0x080016ce        0x2 build/stm32f4xx_it.o
                0x080016ce                BusFault_Handler
 .text.UsageFault_Handler
                0x080016d0        0x2 build/stm32f4xx_it.o
                0x080016d0                UsageFault_Handler
 .text.SVC_Handler
                0x080016d2        0x2 build/stm32f4xx_it.o
                0x080016d2                SVC_Handler
 .text.DebugMon_Handler
                0x080016d4        0x2 build/stm32f4xx_it.o
                0x080016d4                DebugMon_Handler
 .text.PendSV_Handler
                0x080016d6        0x2 build/stm32f4xx_it.o
                0x080016d6                PendSV_Handler
 .text.SysTick_Handler
                0x080016d8       0xd8 build/stm32f4xx_it.o
                0x080016d8                SysTick_Handler
 .text.TIM5_IRQHandler
                0x080017b0       0x78 build/stm32f4xx_it.o
                0x080017b0                TIM5_IRQHandler
 .text.HAL_TIMEx_MasterConfigSynchronization
                0x08001828       0x52 build/stm32f4xx_hal_tim_ex.o
                0x08001828                HAL_TIMEx_MasterConfigSynchronization
 .text.HAL_TIMEx_ConfigBreakDeadTime
                0x0800187a       0x58 build/stm32f4xx_hal_tim_ex.o
                0x0800187a                HAL_TIMEx_ConfigBreakDeadTime
 .text.HAL_TIMEx_CommutationCallback
                0x080018d2        0x2 build/stm32f4xx_hal_tim_ex.o
                0x080018d2                HAL_TIMEx_CommutationCallback
 .text.HAL_TIMEx_BreakCallback
                0x080018d4        0x2 build/stm32f4xx_hal_tim_ex.o
                0x080018d4                HAL_TIMEx_BreakCallback
 *fill*         0x080018d6        0x2 
 .text.MX_GPIO_Init
                0x080018d8       0xc4 build/gpio.o
                0x080018d8                MX_GPIO_Init
 .text.Push     0x0800199c       0x24 build/gpio.o
                0x0800199c                Push
 .text.All_LED_ON
                0x080019c0       0x38 build/gpio.o
                0x080019c0                All_LED_ON
 .text.All_LED_OFF
                0x080019f8       0x38 build/gpio.o
                0x080019f8                All_LED_OFF
 .text.All_IR_OFF
                0x08001a30       0x34 build/gpio.o
                0x08001a30                All_IR_OFF
 .text.IR_Contoroll
                0x08001a64       0x90 build/gpio.o
                0x08001a64                IR_Contoroll
 .text.SPI_WaitFlagStateUntilTimeout
                0x08001af4       0x96 build/stm32f4xx_hal_spi.o
 .text.SPI_CheckFlag_BSY
                0x08001b8a       0x28 build/stm32f4xx_hal_spi.o
 .text.HAL_SPI_Init
                0x08001bb2       0x80 build/stm32f4xx_hal_spi.o
                0x08001bb2                HAL_SPI_Init
 .text.HAL_SPI_Transmit
                0x08001c32      0x1a6 build/stm32f4xx_hal_spi.o
                0x08001c32                HAL_SPI_Transmit
 .text.HAL_SPI_TransmitReceive
                0x08001dd8      0x238 build/stm32f4xx_hal_spi.o
                0x08001dd8                HAL_SPI_TransmitReceive
 .text.HAL_SPI_Receive
                0x08002010      0x168 build/stm32f4xx_hal_spi.o
                0x08002010                HAL_SPI_Receive
 .text.HAL_RCC_OscConfig
                0x08002178      0x398 build/stm32f4xx_hal_rcc.o
                0x08002178                HAL_RCC_OscConfig
 .text.HAL_RCC_GetSysClockFreq
                0x08002510       0xa8 build/stm32f4xx_hal_rcc.o
                0x08002510                HAL_RCC_GetSysClockFreq
 .text.HAL_RCC_ClockConfig
                0x080025b8      0x158 build/stm32f4xx_hal_rcc.o
                0x080025b8                HAL_RCC_ClockConfig
 .text.HAL_RCC_GetHCLKFreq
                0x08002710        0xc build/stm32f4xx_hal_rcc.o
                0x08002710                HAL_RCC_GetHCLKFreq
 .text.HAL_RCC_GetPCLK1Freq
                0x0800271c       0x20 build/stm32f4xx_hal_rcc.o
                0x0800271c                HAL_RCC_GetPCLK1Freq
 .text.HAL_RCC_GetPCLK2Freq
                0x0800273c       0x20 build/stm32f4xx_hal_rcc.o
                0x0800273c                HAL_RCC_GetPCLK2Freq
 .text.__io_putchar
                0x0800275c       0x20 build/main.o
                0x0800275c                __io_putchar
 .text.Batt_Check
                0x0800277c       0x88 build/main.o
                0x0800277c                Batt_Check
 .text.Init_Main
                0x08002804       0x54 build/main.o
                0x08002804                Init_Main
 .text._Error_Handler
                0x08002858        0x2 build/main.o
                0x08002858                _Error_Handler
 *fill*         0x0800285a        0x2 
 .text.SystemClock_Config
                0x0800285c       0xc0 build/main.o
                0x0800285c                SystemClock_Config
 .text.main     0x0800291c       0x44 build/main.o
                0x0800291c                main
 .text.MX_USART3_UART_Init
                0x08002960       0x3c build/usart.o
                0x08002960                MX_USART3_UART_Init
 .text.HAL_UART_MspInit
                0x0800299c       0x58 build/usart.o
                0x0800299c                HAL_UART_MspInit
 .text.UART_SetConfig
                0x080029f4      0x334 build/stm32f4xx_hal_uart.o
 .text.UART_WaitOnFlagUntilTimeout
                0x08002d28       0x62 build/stm32f4xx_hal_uart.o
 .text.HAL_UART_Init
                0x08002d8a       0x5e build/stm32f4xx_hal_uart.o
                0x08002d8a                HAL_UART_Init
 .text.HAL_UART_Transmit
                0x08002de8       0xe0 build/stm32f4xx_hal_uart.o
                0x08002de8                HAL_UART_Transmit
 .text.MX_TIM3_Init
                0x08002ec8       0x6c build/tim.o
                0x08002ec8                MX_TIM3_Init
 .text.MX_TIM4_Init
                0x08002f34       0x6c build/tim.o
                0x08002f34                MX_TIM4_Init
 .text.MX_TIM5_Init
                0x08002fa0       0x74 build/tim.o
                0x08002fa0                MX_TIM5_Init
 .text.HAL_TIM_PWM_MspInit
                0x08003014       0x50 build/tim.o
                0x08003014                HAL_TIM_PWM_MspInit
 .text.HAL_TIM_Encoder_MspInit
                0x08003064       0x8c build/tim.o
                0x08003064                HAL_TIM_Encoder_MspInit
 .text.HAL_TIM_Base_MspInit
                0x080030f0       0x40 build/tim.o
                0x080030f0                HAL_TIM_Base_MspInit
 .text.HAL_TIM_MspPostInit
                0x08003130       0x5c build/tim.o
                0x08003130                HAL_TIM_MspPostInit
 .text.MX_TIM1_Init
                0x0800318c       0xf8 build/tim.o
                0x0800318c                MX_TIM1_Init
 .text.MX_TIM2_Init
                0x08003284       0x7c build/tim.o
                0x08003284                MX_TIM2_Init
 .text.Buzzer_pwm
                0x08003300       0x7c build/tim.o
                0x08003300                Buzzer_pwm
 .text.Motor_pwm
                0x0800337c      0x1a8 build/tim.o
                0x0800337c                Motor_pwm
 .text.update_encoder
                0x08003524       0xa4 build/tim.o
                0x08003524                update_encoder
 .text.HAL_NVIC_SetPriorityGrouping
                0x080035c8       0x24 build/stm32f4xx_hal_cortex.o
                0x080035c8                HAL_NVIC_SetPriorityGrouping
 .text.HAL_NVIC_SetPriority
                0x080035ec       0x68 build/stm32f4xx_hal_cortex.o
                0x080035ec                HAL_NVIC_SetPriority
 .text.HAL_NVIC_EnableIRQ
                0x08003654       0x18 build/stm32f4xx_hal_cortex.o
                0x08003654                HAL_NVIC_EnableIRQ
 .text.HAL_SYSTICK_Config
                0x0800366c       0x2c build/stm32f4xx_hal_cortex.o
                0x0800366c                HAL_SYSTICK_Config
 .text.HAL_SYSTICK_CLKSourceConfig
                0x08003698       0x20 build/stm32f4xx_hal_cortex.o
                0x08003698                HAL_SYSTICK_CLKSourceConfig
 .text.HAL_SYSTICK_Callback
                0x080036b8        0x2 build/stm32f4xx_hal_cortex.o
                0x080036b8                HAL_SYSTICK_Callback
 .text.HAL_SYSTICK_IRQHandler
                0x080036ba        0x8 build/stm32f4xx_hal_cortex.o
                0x080036ba                HAL_SYSTICK_IRQHandler
 *fill*         0x080036c2        0x2 
 .text.ADC_Init
                0x080036c4      0x130 build/stm32f4xx_hal_adc.o
 .text.HAL_ADC_Init
                0x080037f4       0x54 build/stm32f4xx_hal_adc.o
                0x080037f4                HAL_ADC_Init
 .text.HAL_ADC_Start
                0x08003848       0xf8 build/stm32f4xx_hal_adc.o
                0x08003848                HAL_ADC_Start
 .text.HAL_ADC_Stop
                0x08003940       0x40 build/stm32f4xx_hal_adc.o
                0x08003940                HAL_ADC_Stop
 .text.HAL_ADC_PollForConversion
                0x08003980       0xb6 build/stm32f4xx_hal_adc.o
                0x08003980                HAL_ADC_PollForConversion
 .text.HAL_ADC_GetValue
                0x08003a36        0x6 build/stm32f4xx_hal_adc.o
                0x08003a36                HAL_ADC_GetValue
 .text.HAL_ADC_ConfigChannel
                0x08003a3c      0x190 build/stm32f4xx_hal_adc.o
                0x08003a3c                HAL_ADC_ConfigChannel
 .text.HAL_MspInit
                0x08003bcc       0x5e build/stm32f4xx_hal_msp.o
                0x08003bcc                HAL_MspInit
 *fill*         0x08003c2a        0x2 
 .text.TIM_OC1_SetConfig
                0x08003c2c       0x5c build/stm32f4xx_hal_tim.o
 .text.TIM_OC3_SetConfig
                0x08003c88       0x60 build/stm32f4xx_hal_tim.o
 .text.TIM_OC4_SetConfig
                0x08003ce8       0x50 build/stm32f4xx_hal_tim.o
 .text.TIM_TI1_ConfigInputStage
                0x08003d38       0x26 build/stm32f4xx_hal_tim.o
 .text.TIM_TI2_ConfigInputStage
                0x08003d5e       0x28 build/stm32f4xx_hal_tim.o
 .text.TIM_ITRx_SetConfig
                0x08003d86       0x10 build/stm32f4xx_hal_tim.o
 .text.TIM_ETR_SetConfig
                0x08003d96       0x18 build/stm32f4xx_hal_tim.o
 .text.HAL_TIM_Base_Start_IT
                0x08003dae       0x18 build/stm32f4xx_hal_tim.o
                0x08003dae                HAL_TIM_Base_Start_IT
 .text.HAL_TIM_ConfigClockSource
                0x08003dc6      0x108 build/stm32f4xx_hal_tim.o
                0x08003dc6                HAL_TIM_ConfigClockSource
 .text.HAL_TIM_PeriodElapsedCallback
                0x08003ece        0x2 build/stm32f4xx_hal_tim.o
                0x08003ece                HAL_TIM_PeriodElapsedCallback
 .text.HAL_TIM_OC_DelayElapsedCallback
                0x08003ed0        0x2 build/stm32f4xx_hal_tim.o
                0x08003ed0                HAL_TIM_OC_DelayElapsedCallback
 .text.HAL_TIM_IC_CaptureCallback
                0x08003ed2        0x2 build/stm32f4xx_hal_tim.o
                0x08003ed2                HAL_TIM_IC_CaptureCallback
 .text.HAL_TIM_PWM_PulseFinishedCallback
                0x08003ed4        0x2 build/stm32f4xx_hal_tim.o
                0x08003ed4                HAL_TIM_PWM_PulseFinishedCallback
 .text.HAL_TIM_TriggerCallback
                0x08003ed6        0x2 build/stm32f4xx_hal_tim.o
                0x08003ed6                HAL_TIM_TriggerCallback
 .text.HAL_TIM_IRQHandler
                0x08003ed8      0x17a build/stm32f4xx_hal_tim.o
                0x08003ed8                HAL_TIM_IRQHandler
 *fill*         0x08004052        0x2 
 .text.TIM_Base_SetConfig
                0x08004054       0xc0 build/stm32f4xx_hal_tim.o
                0x08004054                TIM_Base_SetConfig
 .text.HAL_TIM_Base_Init
                0x08004114       0x32 build/stm32f4xx_hal_tim.o
                0x08004114                HAL_TIM_Base_Init
 .text.HAL_TIM_PWM_Init
                0x08004146       0x32 build/stm32f4xx_hal_tim.o
                0x08004146                HAL_TIM_PWM_Init
 .text.HAL_TIM_Encoder_Init
                0x08004178       0x98 build/stm32f4xx_hal_tim.o
                0x08004178                HAL_TIM_Encoder_Init
 .text.TIM_OC2_SetConfig
                0x08004210       0x64 build/stm32f4xx_hal_tim.o
                0x08004210                TIM_OC2_SetConfig
 .text.HAL_TIM_PWM_ConfigChannel
                0x08004274       0xdc build/stm32f4xx_hal_tim.o
                0x08004274                HAL_TIM_PWM_ConfigChannel
 .text.TIM_CCxChannelCmd
                0x08004350       0x1e build/stm32f4xx_hal_tim.o
                0x08004350                TIM_CCxChannelCmd
 *fill*         0x0800436e        0x2 
 .text.HAL_TIM_PWM_Start
                0x08004370       0x38 build/stm32f4xx_hal_tim.o
                0x08004370                HAL_TIM_PWM_Start
 .text.HAL_TIM_Encoder_Start
                0x080043a8       0x44 build/stm32f4xx_hal_tim.o
                0x080043a8                HAL_TIM_Encoder_Start
 .text.MX_SPI2_Init
                0x080043ec       0x48 build/spi.o
                0x080043ec                MX_SPI2_Init
 .text.HAL_SPI_MspInit
                0x08004434       0x54 build/spi.o
                0x08004434                HAL_SPI_MspInit
 .text.read_byte
                0x08004488       0x54 build/spi.o
                0x08004488                read_byte
 .text.read_shift_byte
                0x080044dc       0x5c build/spi.o
                0x080044dc                read_shift_byte
 .text.write_byte
                0x08004538       0x54 build/spi.o
                0x08004538                write_byte
 .text.set_mpu6500
                0x0800458c       0x48 build/spi.o
                0x0800458c                set_mpu6500
 .text.get_gyro
                0x080045d4       0x24 build/spi.o
                0x080045d4                get_gyro
 .text.gyro_offset_calc_reset
                0x080045f8       0x1c build/spi.o
                0x080045f8                gyro_offset_calc_reset
 .text.gyro_offset_calc
                0x08004614       0x5c build/spi.o
                0x08004614                gyro_offset_calc
 .text._read    0x08004670       0x1c build/syscalls.o
                0x08004670                _read
 .text._write   0x0800468c       0x1c build/syscalls.o
                0x0800468c                _write
 .text._sbrk    0x080046a8       0x3c build/syscalls.o
                0x080046a8                _sbrk
 .text._close   0x080046e4        0x6 build/syscalls.o
                0x080046e4                _close
 .text._fstat   0x080046ea        0xa build/syscalls.o
                0x080046ea                _fstat
 .text._isatty  0x080046f4        0x4 build/syscalls.o
                0x080046f4                _isatty
 .text._lseek   0x080046f8        0x4 build/syscalls.o
                0x080046f8                _lseek
 .text.PID_value
                0x080046fc       0x48 build/control.o
                0x080046fc                PID_value
 .text.Calc_Palam
                0x08004744       0x38 build/control.o
                0x08004744                Calc_Palam
 .text.Straight_Calc_fb
                0x0800477c       0xf4 build/control.o
                0x0800477c                Straight_Calc_fb
 .text.Straight_SysTic_fb
                0x08004870      0x104 build/control.o
                0x08004870                Straight_SysTic_fb
 .text.Yawrate_Calc_fb
                0x08004974       0x2c build/control.o
                0x08004974                Yawrate_Calc_fb
 .text.Yawrate_SysTic_fb
                0x080049a0       0xc0 build/control.o
                0x080049a0                Yawrate_SysTic_fb
 .text.Output_Buzzer
                0x08004a60       0x1c build/control.o
                0x08004a60                Output_Buzzer
 .text.Mode_select
                0x08004a7c       0x74 build/mode.o
                0x08004a7c                Mode_select
 .text.Hallow   0x08004af0       0x3c build/mode.o
                0x08004af0                Hallow
 .text.Ennkai   0x08004b2c       0x48 build/mode.o
                0x08004b2c                Ennkai
 .text.Normal_Straight
                0x08004b74       0x3c build/mode.o
                0x08004b74                Normal_Straight
 .text.Show_log
                0x08004bb0       0x98 build/mode.o
                0x08004bb0                Show_log
 .text.Mode_mouse
                0x08004c48       0x28 build/mode.o
                0x08004c48                Mode_mouse
 .text.Reset_Handler
                0x08004c70       0x50 build/startup_stm32f405xx.o
                0x08004c70                Reset_Handler
 .text.Default_Handler
                0x08004cc0        0x2 build/startup_stm32f405xx.o
                0x08004cc0                RTC_Alarm_IRQHandler
                0x08004cc0                HASH_RNG_IRQHandler
                0x08004cc0                EXTI2_IRQHandler
                0x08004cc0                TIM8_CC_IRQHandler
                0x08004cc0                TIM1_CC_IRQHandler
                0x08004cc0                DMA2_Stream5_IRQHandler
                0x08004cc0                DMA1_Stream5_IRQHandler
                0x08004cc0                PVD_IRQHandler
                0x08004cc0                SDIO_IRQHandler
                0x08004cc0                TAMP_STAMP_IRQHandler
                0x08004cc0                CAN2_RX1_IRQHandler
                0x08004cc0                EXTI3_IRQHandler
                0x08004cc0                TIM8_TRG_COM_TIM14_IRQHandler
                0x08004cc0                TIM1_UP_TIM10_IRQHandler
                0x08004cc0                TIM8_UP_TIM13_IRQHandler
                0x08004cc0                I2C3_ER_IRQHandler
                0x08004cc0                EXTI0_IRQHandler
                0x08004cc0                I2C2_EV_IRQHandler
                0x08004cc0                DMA1_Stream2_IRQHandler
                0x08004cc0                CAN1_RX0_IRQHandler
                0x08004cc0                FPU_IRQHandler
                0x08004cc0                OTG_HS_WKUP_IRQHandler
                0x08004cc0                CAN2_SCE_IRQHandler
                0x08004cc0                DMA2_Stream2_IRQHandler
                0x08004cc0                SPI1_IRQHandler
                0x08004cc0                TIM6_DAC_IRQHandler
                0x08004cc0                TIM1_BRK_TIM9_IRQHandler
                0x08004cc0                CAN2_RX0_IRQHandler
                0x08004cc0                DMA2_Stream3_IRQHandler
                0x08004cc0                USART6_IRQHandler
                0x08004cc0                USART3_IRQHandler
                0x08004cc0                CAN1_RX1_IRQHandler
                0x08004cc0                UART5_IRQHandler
                0x08004cc0                DMA2_Stream0_IRQHandler
                0x08004cc0                TIM4_IRQHandler
                0x08004cc0                I2C1_EV_IRQHandler
                0x08004cc0                DMA1_Stream6_IRQHandler
                0x08004cc0                DMA1_Stream1_IRQHandler
                0x08004cc0                UART4_IRQHandler
                0x08004cc0                TIM3_IRQHandler
                0x08004cc0                RCC_IRQHandler
                0x08004cc0                TIM8_BRK_TIM12_IRQHandler
                0x08004cc0                Default_Handler
                0x08004cc0                EXTI15_10_IRQHandler
                0x08004cc0                ADC_IRQHandler
                0x08004cc0                DMA1_Stream7_IRQHandler
                0x08004cc0                TIM7_IRQHandler
                0x08004cc0                CAN2_TX_IRQHandler
                0x08004cc0                DMA2_Stream7_IRQHandler
                0x08004cc0                I2C3_EV_IRQHandler
                0x08004cc0                EXTI9_5_IRQHandler
                0x08004cc0                RTC_WKUP_IRQHandler
                0x08004cc0                SPI2_IRQHandler
                0x08004cc0                OTG_HS_EP1_IN_IRQHandler
                0x08004cc0                DMA1_Stream0_IRQHandler
                0x08004cc0                CAN1_TX_IRQHandler
                0x08004cc0                EXTI4_IRQHandler
                0x08004cc0                FSMC_IRQHandler
                0x08004cc0                OTG_HS_EP1_OUT_IRQHandler
                0x08004cc0                WWDG_IRQHandler
                0x08004cc0                TIM2_IRQHandler
                0x08004cc0                OTG_FS_WKUP_IRQHandler
                0x08004cc0                TIM1_TRG_COM_TIM11_IRQHandler
                0x08004cc0                OTG_HS_IRQHandler
                0x08004cc0                EXTI1_IRQHandler
                0x08004cc0                USART2_IRQHandler
                0x08004cc0                I2C2_ER_IRQHandler
                0x08004cc0                DMA2_Stream1_IRQHandler
                0x08004cc0                CAN1_SCE_IRQHandler
                0x08004cc0                FLASH_IRQHandler
                0x08004cc0                DMA2_Stream4_IRQHandler
                0x08004cc0                USART1_IRQHandler
                0x08004cc0                OTG_FS_IRQHandler
                0x08004cc0                SPI3_IRQHandler
                0x08004cc0                DMA1_Stream4_IRQHandler
                0x08004cc0                I2C1_ER_IRQHandler
                0x08004cc0                DMA2_Stream6_IRQHandler
                0x08004cc0                DMA1_Stream3_IRQHandler
 *fill*         0x08004cc2        0x2 
 .text.__errno  0x08004cc4        0xc c:/program files (x86)/gnu tools arm embedded/7 2017-q4-major/bin/../lib/gcc/arm-none-eabi/7.2.1/../../../../arm-none-eabi/lib/thumb/v7e-m/fpv4-sp/hard\libc_nano.a(lib_a-errno.o)
                0x08004cc4                __errno
 .text.__libc_init_array
                0x08004cd0       0x48 c:/program files (x86)/gnu tools arm embedded/7 2017-q4-major/bin/../lib/gcc/arm-none-eabi/7.2.1/../../../../arm-none-eabi/lib/thumb/v7e-m/fpv4-sp/hard\libc_nano.a(lib_a-init.o)
                0x08004cd0                __libc_init_array
 .text.memcpy   0x08004d18       0x16 c:/program files (x86)/gnu tools arm embedded/7 2017-q4-major/bin/../lib/gcc/arm-none-eabi/7.2.1/../../../../arm-none-eabi/lib/thumb/v7e-m/fpv4-sp/hard\libc_nano.a(lib_a-memcpy-stub.o)
                0x08004d18                memcpy
 .text.memset   0x08004d2e       0x10 c:/program files (x86)/gnu tools arm embedded/7 2017-q4-major/bin/../lib/gcc/arm-none-eabi/7.2.1/../../../../arm-none-eabi/lib/thumb/v7e-m/fpv4-sp/hard\libc_nano.a(lib_a-memset.o)
                0x08004d2e                memset
 .text.__cvt    0x08004d3e       0xc2 c:/program files (x86)/gnu tools arm embedded/7 2017-q4-major/bin/../lib/gcc/arm-none-eabi/7.2.1/../../../../arm-none-eabi/lib/thumb/v7e-m/fpv4-sp/hard\libc_nano.a(lib_a-nano-vfprintf_float.o)
                0x08004d3e                __cvt
 .text.__exponent
                0x08004e00       0x66 c:/program files (x86)/gnu tools arm embedded/7 2017-q4-major/bin/../lib/gcc/arm-none-eabi/7.2.1/../../../../arm-none-eabi/lib/thumb/v7e-m/fpv4-sp/hard\libc_nano.a(lib_a-nano-vfprintf_float.o)
                0x08004e00                __exponent
 *fill*         0x08004e66        0x2 
 .text._printf_float
                0x08004e68      0x480 c:/program files (x86)/gnu tools arm embedded/7 2017-q4-major/bin/../lib/gcc/arm-none-eabi/7.2.1/../../../../arm-none-eabi/lib/thumb/v7e-m/fpv4-sp/hard\libc_nano.a(lib_a-nano-vfprintf_float.o)
                0x08004e68                _printf_float
 .text._printf_common
                0x080052e8       0xea c:/program files (x86)/gnu tools arm embedded/7 2017-q4-major/bin/../lib/gcc/arm-none-eabi/7.2.1/../../../../arm-none-eabi/lib/thumb/v7e-m/fpv4-sp/hard\libc_nano.a(lib_a-nano-vfprintf_i.o)
                0x080052e8                _printf_common
 *fill*         0x080053d2        0x2 
 .text._printf_i
                0x080053d4      0x224 c:/program files (x86)/gnu tools arm embedded/7 2017-q4-major/bin/../lib/gcc/arm-none-eabi/7.2.1/../../../../arm-none-eabi/lib/thumb/v7e-m/fpv4-sp/hard\libc_nano.a(lib_a-nano-vfprintf_i.o)
                0x080053d4                _printf_i
 .text.printf   0x080055f8       0x30 c:/program files (x86)/gnu tools arm embedded/7 2017-q4-major/bin/../lib/gcc/arm-none-eabi/7.2.1/../../../../arm-none-eabi/lib/thumb/v7e-m/fpv4-sp/hard\libc_nano.a(lib_a-printf.o)
                0x080055f8                iprintf
                0x080055f8                printf
 .text.setbuf   0x08005628       0x10 c:/program files (x86)/gnu tools arm embedded/7 2017-q4-major/bin/../lib/gcc/arm-none-eabi/7.2.1/../../../../arm-none-eabi/lib/thumb/v7e-m/fpv4-sp/hard\libc_nano.a(lib_a-setbuf.o)
                0x08005628                setbuf
 .text.setvbuf  0x08005638      0x15c c:/program files (x86)/gnu tools arm embedded/7 2017-q4-major/bin/../lib/gcc/arm-none-eabi/7.2.1/../../../../arm-none-eabi/lib/thumb/v7e-m/fpv4-sp/hard\libc_nano.a(lib_a-setvbuf.o)
                0x08005638                setvbuf
 .text.quorem   0x08005794      0x118 c:/program files (x86)/gnu tools arm embedded/7 2017-q4-major/bin/../lib/gcc/arm-none-eabi/7.2.1/../../../../arm-none-eabi/lib/thumb/v7e-m/fpv4-sp/hard\libc_nano.a(lib_a-dtoa.o)
 *fill*         0x080058ac        0x4 
 .text._dtoa_r  0x080058b0      0xb70 c:/program files (x86)/gnu tools arm embedded/7 2017-q4-major/bin/../lib/gcc/arm-none-eabi/7.2.1/../../../../arm-none-eabi/lib/thumb/v7e-m/fpv4-sp/hard\libc_nano.a(lib_a-dtoa.o)
                0x080058b0                _dtoa_r
 .text.__sflush_r
                0x08006420      0x10c c:/program files (x86)/gnu tools arm embedded/7 2017-q4-major/bin/../lib/gcc/arm-none-eabi/7.2.1/../../../../arm-none-eabi/lib/thumb/v7e-m/fpv4-sp/hard\libc_nano.a(lib_a-fflush.o)
                0x08006420                __sflush_r
 .text._fflush_r
                0x0800652c       0x54 c:/program files (x86)/gnu tools arm embedded/7 2017-q4-major/bin/../lib/gcc/arm-none-eabi/7.2.1/../../../../arm-none-eabi/lib/thumb/v7e-m/fpv4-sp/hard\libc_nano.a(lib_a-fflush.o)
                0x0800652c                _fflush_r
 .text.std      0x08006580       0x48 c:/program files (x86)/gnu tools arm embedded/7 2017-q4-major/bin/../lib/gcc/arm-none-eabi/7.2.1/../../../../arm-none-eabi/lib/thumb/v7e-m/fpv4-sp/hard\libc_nano.a(lib_a-findfp.o)
 .text._cleanup_r
                0x080065c8        0xc c:/program files (x86)/gnu tools arm embedded/7 2017-q4-major/bin/../lib/gcc/arm-none-eabi/7.2.1/../../../../arm-none-eabi/lib/thumb/v7e-m/fpv4-sp/hard\libc_nano.a(lib_a-findfp.o)
                0x080065c8                _cleanup_r
 .text.__sfmoreglue
                0x080065d4       0x2c c:/program files (x86)/gnu tools arm embedded/7 2017-q4-major/bin/../lib/gcc/arm-none-eabi/7.2.1/../../../../arm-none-eabi/lib/thumb/v7e-m/fpv4-sp/hard\libc_nano.a(lib_a-findfp.o)
                0x080065d4                __sfmoreglue
 .text.__sinit  0x08006600       0x60 c:/program files (x86)/gnu tools arm embedded/7 2017-q4-major/bin/../lib/gcc/arm-none-eabi/7.2.1/../../../../arm-none-eabi/lib/thumb/v7e-m/fpv4-sp/hard\libc_nano.a(lib_a-findfp.o)
                0x08006600                __sinit
 .text.__sfp    0x08006660       0x78 c:/program files (x86)/gnu tools arm embedded/7 2017-q4-major/bin/../lib/gcc/arm-none-eabi/7.2.1/../../../../arm-none-eabi/lib/thumb/v7e-m/fpv4-sp/hard\libc_nano.a(lib_a-findfp.o)
                0x08006660                __sfp
 .text._fwalk_reent
                0x080066d8       0x3c c:/program files (x86)/gnu tools arm embedded/7 2017-q4-major/bin/../lib/gcc/arm-none-eabi/7.2.1/../../../../arm-none-eabi/lib/thumb/v7e-m/fpv4-sp/hard\libc_nano.a(lib_a-fwalk.o)
                0x080066d8                _fwalk_reent
 .text._localeconv_r
                0x08006714       0x1c c:/program files (x86)/gnu tools arm embedded/7 2017-q4-major/bin/../lib/gcc/arm-none-eabi/7.2.1/../../../../arm-none-eabi/lib/thumb/v7e-m/fpv4-sp/hard\libc_nano.a(lib_a-localeconv.o)
                0x08006714                _localeconv_r
 .text.__swhatbuf_r
                0x08006730       0x48 c:/program files (x86)/gnu tools arm embedded/7 2017-q4-major/bin/../lib/gcc/arm-none-eabi/7.2.1/../../../../arm-none-eabi/lib/thumb/v7e-m/fpv4-sp/hard\libc_nano.a(lib_a-makebuf.o)
                0x08006730                __swhatbuf_r
 .text.__smakebuf_r
                0x08006778       0x80 c:/program files (x86)/gnu tools arm embedded/7 2017-q4-major/bin/../lib/gcc/arm-none-eabi/7.2.1/../../../../arm-none-eabi/lib/thumb/v7e-m/fpv4-sp/hard\libc_nano.a(lib_a-makebuf.o)
                0x08006778                __smakebuf_r
 .text.malloc   0x080067f8       0x10 c:/program files (x86)/gnu tools arm embedded/7 2017-q4-major/bin/../lib/gcc/arm-none-eabi/7.2.1/../../../../arm-none-eabi/lib/thumb/v7e-m/fpv4-sp/hard\libc_nano.a(lib_a-malloc.o)
                0x080067f8                malloc
 .text._Balloc  0x08006808       0x68 c:/program files (x86)/gnu tools arm embedded/7 2017-q4-major/bin/../lib/gcc/arm-none-eabi/7.2.1/../../../../arm-none-eabi/lib/thumb/v7e-m/fpv4-sp/hard\libc_nano.a(lib_a-mprec.o)
                0x08006808                _Balloc
 .text._Bfree   0x08006870       0x2e c:/program files (x86)/gnu tools arm embedded/7 2017-q4-major/bin/../lib/gcc/arm-none-eabi/7.2.1/../../../../arm-none-eabi/lib/thumb/v7e-m/fpv4-sp/hard\libc_nano.a(lib_a-mprec.o)
                0x08006870                _Bfree
 .text.__multadd
                0x0800689e       0x76 c:/program files (x86)/gnu tools arm embedded/7 2017-q4-major/bin/../lib/gcc/arm-none-eabi/7.2.1/../../../../arm-none-eabi/lib/thumb/v7e-m/fpv4-sp/hard\libc_nano.a(lib_a-mprec.o)
                0x0800689e                __multadd
 .text.__hi0bits
                0x08006914       0x3e c:/program files (x86)/gnu tools arm embedded/7 2017-q4-major/bin/../lib/gcc/arm-none-eabi/7.2.1/../../../../arm-none-eabi/lib/thumb/v7e-m/fpv4-sp/hard\libc_nano.a(lib_a-mprec.o)
                0x08006914                __hi0bits
 .text.__lo0bits
                0x08006952       0x5e c:/program files (x86)/gnu tools arm embedded/7 2017-q4-major/bin/../lib/gcc/arm-none-eabi/7.2.1/../../../../arm-none-eabi/lib/thumb/v7e-m/fpv4-sp/hard\libc_nano.a(lib_a-mprec.o)
                0x08006952                __lo0bits
 .text.__i2b    0x080069b0       0x12 c:/program files (x86)/gnu tools arm embedded/7 2017-q4-major/bin/../lib/gcc/arm-none-eabi/7.2.1/../../../../arm-none-eabi/lib/thumb/v7e-m/fpv4-sp/hard\libc_nano.a(lib_a-mprec.o)
                0x080069b0                __i2b
 .text.__multiply
                0x080069c2      0x12c c:/program files (x86)/gnu tools arm embedded/7 2017-q4-major/bin/../lib/gcc/arm-none-eabi/7.2.1/../../../../arm-none-eabi/lib/thumb/v7e-m/fpv4-sp/hard\libc_nano.a(lib_a-mprec.o)
                0x080069c2                __multiply
 *fill*         0x08006aee        0x2 
 .text.__pow5mult
                0x08006af0       0x9c c:/program files (x86)/gnu tools arm embedded/7 2017-q4-major/bin/../lib/gcc/arm-none-eabi/7.2.1/../../../../arm-none-eabi/lib/thumb/v7e-m/fpv4-sp/hard\libc_nano.a(lib_a-mprec.o)
                0x08006af0                __pow5mult
 .text.__lshift
                0x08006b8c       0xa8 c:/program files (x86)/gnu tools arm embedded/7 2017-q4-major/bin/../lib/gcc/arm-none-eabi/7.2.1/../../../../arm-none-eabi/lib/thumb/v7e-m/fpv4-sp/hard\libc_nano.a(lib_a-mprec.o)
                0x08006b8c                __lshift
 .text.__mcmp   0x08006c34       0x34 c:/program files (x86)/gnu tools arm embedded/7 2017-q4-major/bin/../lib/gcc/arm-none-eabi/7.2.1/../../../../arm-none-eabi/lib/thumb/v7e-m/fpv4-sp/hard\libc_nano.a(lib_a-mprec.o)
                0x08006c34                __mcmp
 .text.__mdiff  0x08006c68       0xba c:/program files (x86)/gnu tools arm embedded/7 2017-q4-major/bin/../lib/gcc/arm-none-eabi/7.2.1/../../../../arm-none-eabi/lib/thumb/v7e-m/fpv4-sp/hard\libc_nano.a(lib_a-mprec.o)
                0x08006c68                __mdiff
 .text.__d2b    0x08006d22       0x9e c:/program files (x86)/gnu tools arm embedded/7 2017-q4-major/bin/../lib/gcc/arm-none-eabi/7.2.1/../../../../arm-none-eabi/lib/thumb/v7e-m/fpv4-sp/hard\libc_nano.a(lib_a-mprec.o)
                0x08006d22                __d2b
 .text._calloc_r
                0x08006dc0       0x1c c:/program files (x86)/gnu tools arm embedded/7 2017-q4-major/bin/../lib/gcc/arm-none-eabi/7.2.1/../../../../arm-none-eabi/lib/thumb/v7e-m/fpv4-sp/hard\libc_nano.a(lib_a-nano-callocr.o)
                0x08006dc0                _calloc_r
 .text._free_r  0x08006ddc       0x9c c:/program files (x86)/gnu tools arm embedded/7 2017-q4-major/bin/../lib/gcc/arm-none-eabi/7.2.1/../../../../arm-none-eabi/lib/thumb/v7e-m/fpv4-sp/hard\libc_nano.a(lib_a-nano-freer.o)
                0x08006ddc                _free_r
 .text._malloc_r
                0x08006e78       0xb4 c:/program files (x86)/gnu tools arm embedded/7 2017-q4-major/bin/../lib/gcc/arm-none-eabi/7.2.1/../../../../arm-none-eabi/lib/thumb/v7e-m/fpv4-sp/hard\libc_nano.a(lib_a-nano-mallocr.o)
                0x08006e78                _malloc_r
 .text.__sfputc_r
                0x08006f2c       0x2e c:/program files (x86)/gnu tools arm embedded/7 2017-q4-major/bin/../lib/gcc/arm-none-eabi/7.2.1/../../../../arm-none-eabi/lib/thumb/v7e-m/fpv4-sp/hard\libc_nano.a(lib_a-nano-vfprintf.o)
 .text.__sfputs_r
                0x08006f5a       0x24 c:/program files (x86)/gnu tools arm embedded/7 2017-q4-major/bin/../lib/gcc/arm-none-eabi/7.2.1/../../../../arm-none-eabi/lib/thumb/v7e-m/fpv4-sp/hard\libc_nano.a(lib_a-nano-vfprintf.o)
                0x08006f5a                __sfputs_r
 *fill*         0x08006f7e        0x2 
 .text._vfprintf_r
                0x08006f80      0x228 c:/program files (x86)/gnu tools arm embedded/7 2017-q4-major/bin/../lib/gcc/arm-none-eabi/7.2.1/../../../../arm-none-eabi/lib/thumb/v7e-m/fpv4-sp/hard\libc_nano.a(lib_a-nano-vfprintf.o)
                0x08006f80                _vfprintf_r
                0x08006f80                _vfiprintf_r
 .text._sbrk_r  0x080071a8       0x20 c:/program files (x86)/gnu tools arm embedded/7 2017-q4-major/bin/../lib/gcc/arm-none-eabi/7.2.1/../../../../arm-none-eabi/lib/thumb/v7e-m/fpv4-sp/hard\libc_nano.a(lib_a-sbrkr.o)
                0x080071a8                _sbrk_r
 .text.__sread  0x080071c8       0x22 c:/program files (x86)/gnu tools arm embedded/7 2017-q4-major/bin/../lib/gcc/arm-none-eabi/7.2.1/../../../../arm-none-eabi/lib/thumb/v7e-m/fpv4-sp/hard\libc_nano.a(lib_a-stdio.o)
                0x080071c8                __sread
 .text.__swrite
                0x080071ea       0x38 c:/program files (x86)/gnu tools arm embedded/7 2017-q4-major/bin/../lib/gcc/arm-none-eabi/7.2.1/../../../../arm-none-eabi/lib/thumb/v7e-m/fpv4-sp/hard\libc_nano.a(lib_a-stdio.o)
                0x080071ea                __swrite
 .text.__sseek  0x08007222       0x24 c:/program files (x86)/gnu tools arm embedded/7 2017-q4-major/bin/../lib/gcc/arm-none-eabi/7.2.1/../../../../arm-none-eabi/lib/thumb/v7e-m/fpv4-sp/hard\libc_nano.a(lib_a-stdio.o)
                0x08007222                __sseek
 .text.__sclose
                0x08007246        0x8 c:/program files (x86)/gnu tools arm embedded/7 2017-q4-major/bin/../lib/gcc/arm-none-eabi/7.2.1/../../../../arm-none-eabi/lib/thumb/v7e-m/fpv4-sp/hard\libc_nano.a(lib_a-stdio.o)
                0x08007246                __sclose
 *fill*         0x0800724e        0x2 
 .text.__swbuf_r
                0x08007250       0xa4 c:/program files (x86)/gnu tools arm embedded/7 2017-q4-major/bin/../lib/gcc/arm-none-eabi/7.2.1/../../../../arm-none-eabi/lib/thumb/v7e-m/fpv4-sp/hard\libc_nano.a(lib_a-wbuf.o)
                0x08007250                __swbuf_r
 .text._write_r
                0x080072f4       0x24 c:/program files (x86)/gnu tools arm embedded/7 2017-q4-major/bin/../lib/gcc/arm-none-eabi/7.2.1/../../../../arm-none-eabi/lib/thumb/v7e-m/fpv4-sp/hard\libc_nano.a(lib_a-writer.o)
                0x080072f4                _write_r
 .text.__swsetup_r
                0x08007318       0xdc c:/program files (x86)/gnu tools arm embedded/7 2017-q4-major/bin/../lib/gcc/arm-none-eabi/7.2.1/../../../../arm-none-eabi/lib/thumb/v7e-m/fpv4-sp/hard\libc_nano.a(lib_a-wsetup.o)
                0x08007318                __swsetup_r
 .text._close_r
                0x080073f4       0x20 c:/program files (x86)/gnu tools arm embedded/7 2017-q4-major/bin/../lib/gcc/arm-none-eabi/7.2.1/../../../../arm-none-eabi/lib/thumb/v7e-m/fpv4-sp/hard\libc_nano.a(lib_a-closer.o)
                0x080073f4                _close_r
 .text._fstat_r
                0x08007414       0x24 c:/program files (x86)/gnu tools arm embedded/7 2017-q4-major/bin/../lib/gcc/arm-none-eabi/7.2.1/../../../../arm-none-eabi/lib/thumb/v7e-m/fpv4-sp/hard\libc_nano.a(lib_a-fstatr.o)
                0x08007414                _fstat_r
 .text._isatty_r
                0x08007438       0x20 c:/program files (x86)/gnu tools arm embedded/7 2017-q4-major/bin/../lib/gcc/arm-none-eabi/7.2.1/../../../../arm-none-eabi/lib/thumb/v7e-m/fpv4-sp/hard\libc_nano.a(lib_a-isattyr.o)
                0x08007438                _isatty_r
 .text._lseek_r
                0x08007458       0x24 c:/program files (x86)/gnu tools arm embedded/7 2017-q4-major/bin/../lib/gcc/arm-none-eabi/7.2.1/../../../../arm-none-eabi/lib/thumb/v7e-m/fpv4-sp/hard\libc_nano.a(lib_a-lseekr.o)
                0x08007458                _lseek_r
 .text.__ascii_mbtowc
                0x0800747c       0x24 c:/program files (x86)/gnu tools arm embedded/7 2017-q4-major/bin/../lib/gcc/arm-none-eabi/7.2.1/../../../../arm-none-eabi/lib/thumb/v7e-m/fpv4-sp/hard\libc_nano.a(lib_a-mbtowc_r.o)
                0x0800747c                __ascii_mbtowc
 .text.__malloc_lock
                0x080074a0        0x2 c:/program files (x86)/gnu tools arm embedded/7 2017-q4-major/bin/../lib/gcc/arm-none-eabi/7.2.1/../../../../arm-none-eabi/lib/thumb/v7e-m/fpv4-sp/hard\libc_nano.a(lib_a-mlock.o)
                0x080074a0                __malloc_lock
 .text.__malloc_unlock
                0x080074a2        0x2 c:/program files (x86)/gnu tools arm embedded/7 2017-q4-major/bin/../lib/gcc/arm-none-eabi/7.2.1/../../../../arm-none-eabi/lib/thumb/v7e-m/fpv4-sp/hard\libc_nano.a(lib_a-mlock.o)
                0x080074a2                __malloc_unlock
 .text._read_r  0x080074a4       0x24 c:/program files (x86)/gnu tools arm embedded/7 2017-q4-major/bin/../lib/gcc/arm-none-eabi/7.2.1/../../../../arm-none-eabi/lib/thumb/v7e-m/fpv4-sp/hard\libc_nano.a(lib_a-readr.o)
                0x080074a4                _read_r
 .text.__ascii_wctomb
                0x080074c8       0x1a c:/program files (x86)/gnu tools arm embedded/7 2017-q4-major/bin/../lib/gcc/arm-none-eabi/7.2.1/../../../../arm-none-eabi/lib/thumb/v7e-m/fpv4-sp/hard\libc_nano.a(lib_a-wctomb_r.o)
                0x080074c8                __ascii_wctomb
 *(.glue_7)
 .glue_7        0x080074e2        0x0 linker stubs
 *(.glue_7t)
 .glue_7t       0x080074e2        0x0 linker stubs
 *(.eh_frame)
 *fill*         0x080074e2        0x2 
 .eh_frame      0x080074e4        0x0 c:/program files (x86)/gnu tools arm embedded/7 2017-q4-major/bin/../lib/gcc/arm-none-eabi/7.2.1/thumb/v7e-m/fpv4-sp/hard/crtbegin.o
 *(.init)
 .init          0x080074e4        0x4 c:/program files (x86)/gnu tools arm embedded/7 2017-q4-major/bin/../lib/gcc/arm-none-eabi/7.2.1/thumb/v7e-m/fpv4-sp/hard/crti.o
                0x080074e4                _init
 .init          0x080074e8        0x8 c:/program files (x86)/gnu tools arm embedded/7 2017-q4-major/bin/../lib/gcc/arm-none-eabi/7.2.1/thumb/v7e-m/fpv4-sp/hard/crtn.o
 *(.fini)
 .fini          0x080074f0        0x4 c:/program files (x86)/gnu tools arm embedded/7 2017-q4-major/bin/../lib/gcc/arm-none-eabi/7.2.1/thumb/v7e-m/fpv4-sp/hard/crti.o
                0x080074f0                _fini
 .fini          0x080074f4        0x8 c:/program files (x86)/gnu tools arm embedded/7 2017-q4-major/bin/../lib/gcc/arm-none-eabi/7.2.1/thumb/v7e-m/fpv4-sp/hard/crtn.o
                0x080074fc                . = ALIGN (0x4)
                0x080074fc                _etext = .

.vfp11_veneer   0x080074fc        0x0
 .vfp11_veneer  0x080074fc        0x0 linker stubs

.v4_bx          0x080074fc        0x0
 .v4_bx         0x080074fc        0x0 linker stubs

.iplt           0x080074fc        0x0
 .iplt          0x080074fc        0x0 c:/program files (x86)/gnu tools arm embedded/7 2017-q4-major/bin/../lib/gcc/arm-none-eabi/7.2.1/thumb/v7e-m/fpv4-sp/hard/crtbegin.o

.rodata         0x08007500      0x370
                0x08007500                . = ALIGN (0x4)
 *(.rodata)
 *(.rodata*)
 .rodata.AHBPrescTable
                0x08007500       0x10 build/system_stm32f4xx.o
                0x08007500                AHBPrescTable
 .rodata.APBPrescTable
                0x08007510        0x8 build/system_stm32f4xx.o
                0x08007510                APBPrescTable
 .rodata.MX_ADC1_Init.str1.4
                0x08007518        0xa build/adc.o
 *fill*         0x08007522        0x2 
 .rodata.Batt_Check.str1.4
                0x08007524        0xc build/main.o
 .rodata.SystemClock_Config.str1.4
                0x08007530        0xb build/main.o
 *fill*         0x0800753b        0x1 
 .rodata.MX_USART3_UART_Init.str1.4
                0x0800753c        0xc build/usart.o
 .rodata.MX_TIM3_Init.str1.4
                0x08007548        0xa build/tim.o
 *fill*         0x08007552        0x2 
 .rodata.MX_SPI2_Init.str1.4
                0x08007554        0xa build/spi.o
 *fill*         0x0800755e        0x2 
 .rodata.set_mpu6500.str1.4
                0x08007560        0xe build/spi.o
 *fill*         0x0800756e        0x2 
 .rodata.Straight_Calc_fb.str1.4
                0x08007570       0x14 build/control.o
 .rodata.Hallow.str1.4
                0x08007584        0x4 build/mode.o
 .rodata.Mode_select.str1.4
                0x08007588        0x4 build/mode.o
 .rodata.Show_log.str1.4
                0x0800758c       0x20 build/mode.o
                                 0x1f (size before relaxing)
 .rodata._global_impure_ptr
                0x080075ac        0x4 c:/program files (x86)/gnu tools arm embedded/7 2017-q4-major/bin/../lib/gcc/arm-none-eabi/7.2.1/../../../../arm-none-eabi/lib/thumb/v7e-m/fpv4-sp/hard\libc_nano.a(lib_a-impure.o)
                0x080075ac                _global_impure_ptr
 .rodata._printf_float.str1.1
                0x080075b0       0x12 c:/program files (x86)/gnu tools arm embedded/7 2017-q4-major/bin/../lib/gcc/arm-none-eabi/7.2.1/../../../../arm-none-eabi/lib/thumb/v7e-m/fpv4-sp/hard\libc_nano.a(lib_a-nano-vfprintf_float.o)
 .rodata._printf_i.str1.1
                0x080075c2       0x22 c:/program files (x86)/gnu tools arm embedded/7 2017-q4-major/bin/../lib/gcc/arm-none-eabi/7.2.1/../../../../arm-none-eabi/lib/thumb/v7e-m/fpv4-sp/hard\libc_nano.a(lib_a-nano-vfprintf_i.o)
 .rodata._dtoa_r.str1.1
                0x080075e4        0xd c:/program files (x86)/gnu tools arm embedded/7 2017-q4-major/bin/../lib/gcc/arm-none-eabi/7.2.1/../../../../arm-none-eabi/lib/thumb/v7e-m/fpv4-sp/hard\libc_nano.a(lib_a-dtoa.o)
                                  0xf (size before relaxing)
 *fill*         0x080075f1        0x3 
 .rodata.__sf_fake_stderr
                0x080075f4       0x20 c:/program files (x86)/gnu tools arm embedded/7 2017-q4-major/bin/../lib/gcc/arm-none-eabi/7.2.1/../../../../arm-none-eabi/lib/thumb/v7e-m/fpv4-sp/hard\libc_nano.a(lib_a-findfp.o)
                0x080075f4                __sf_fake_stderr
 .rodata.__sf_fake_stdin
                0x08007614       0x20 c:/program files (x86)/gnu tools arm embedded/7 2017-q4-major/bin/../lib/gcc/arm-none-eabi/7.2.1/../../../../arm-none-eabi/lib/thumb/v7e-m/fpv4-sp/hard\libc_nano.a(lib_a-findfp.o)
                0x08007614                __sf_fake_stdin
 .rodata.__sf_fake_stdout
                0x08007634       0x20 c:/program files (x86)/gnu tools arm embedded/7 2017-q4-major/bin/../lib/gcc/arm-none-eabi/7.2.1/../../../../arm-none-eabi/lib/thumb/v7e-m/fpv4-sp/hard\libc_nano.a(lib_a-findfp.o)
                0x08007634                __sf_fake_stdout
 *fill*         0x08007654        0x4 
 .rodata.__mprec_bigtens
                0x08007658       0x28 c:/program files (x86)/gnu tools arm embedded/7 2017-q4-major/bin/../lib/gcc/arm-none-eabi/7.2.1/../../../../arm-none-eabi/lib/thumb/v7e-m/fpv4-sp/hard\libc_nano.a(lib_a-mprec.o)
                0x08007658                __mprec_bigtens
 .rodata.__mprec_tens
                0x08007680       0xc8 c:/program files (x86)/gnu tools arm embedded/7 2017-q4-major/bin/../lib/gcc/arm-none-eabi/7.2.1/../../../../arm-none-eabi/lib/thumb/v7e-m/fpv4-sp/hard\libc_nano.a(lib_a-mprec.o)
                0x08007680                __mprec_tens
 .rodata.p05.7359
                0x08007748        0xc c:/program files (x86)/gnu tools arm embedded/7 2017-q4-major/bin/../lib/gcc/arm-none-eabi/7.2.1/../../../../arm-none-eabi/lib/thumb/v7e-m/fpv4-sp/hard\libc_nano.a(lib_a-mprec.o)
 .rodata._vfprintf_r.str1.1
                0x08007754       0x11 c:/program files (x86)/gnu tools arm embedded/7 2017-q4-major/bin/../lib/gcc/arm-none-eabi/7.2.1/../../../../arm-none-eabi/lib/thumb/v7e-m/fpv4-sp/hard\libc_nano.a(lib_a-nano-vfprintf.o)
 .rodata._setlocale_r.str1.1
                0x08007765        0x8 c:/program files (x86)/gnu tools arm embedded/7 2017-q4-major/bin/../lib/gcc/arm-none-eabi/7.2.1/../../../../arm-none-eabi/lib/thumb/v7e-m/fpv4-sp/hard\libc_nano.a(lib_a-locale.o)
                                  0x9 (size before relaxing)
 .rodata.str1.1
                0x0800776d        0x2 c:/program files (x86)/gnu tools arm embedded/7 2017-q4-major/bin/../lib/gcc/arm-none-eabi/7.2.1/../../../../arm-none-eabi/lib/thumb/v7e-m/fpv4-sp/hard\libc_nano.a(lib_a-locale.o)
 .rodata._ctype_
                0x0800776f      0x101 c:/program files (x86)/gnu tools arm embedded/7 2017-q4-major/bin/../lib/gcc/arm-none-eabi/7.2.1/../../../../arm-none-eabi/lib/thumb/v7e-m/fpv4-sp/hard\libc_nano.a(lib_a-ctype_.o)
                0x0800776f                _ctype_
                0x08007870                . = ALIGN (0x4)

.ARM.extab
 *(.ARM.extab* .gnu.linkonce.armextab.*)

.ARM            0x08007870        0x8
                0x08007870                __exidx_start = .
 *(.ARM.exidx*)
 .ARM.exidx     0x08007870        0x8 c:/program files (x86)/gnu tools arm embedded/7 2017-q4-major/bin/../lib/gcc/arm-none-eabi/7.2.1/thumb/v7e-m/fpv4-sp/hard\libgcc.a(_udivmoddi4.o)
                0x08007878                __exidx_end = .

.rel.dyn        0x08007878        0x0
 .rel.iplt      0x08007878        0x0 c:/program files (x86)/gnu tools arm embedded/7 2017-q4-major/bin/../lib/gcc/arm-none-eabi/7.2.1/thumb/v7e-m/fpv4-sp/hard/crtbegin.o

.preinit_array  0x08007878        0x0
                0x08007878                PROVIDE (__preinit_array_start, .)
 *(.preinit_array*)
                0x08007878                PROVIDE (__preinit_array_end, .)

.init_array     0x08007878        0x4
                0x08007878                PROVIDE (__init_array_start, .)
 *(SORT_BY_NAME(.init_array.*))
 *(.init_array*)
 .init_array    0x08007878        0x4 c:/program files (x86)/gnu tools arm embedded/7 2017-q4-major/bin/../lib/gcc/arm-none-eabi/7.2.1/thumb/v7e-m/fpv4-sp/hard/crtbegin.o
                0x0800787c                PROVIDE (__init_array_end, .)

.fini_array     0x0800787c        0x4
                [!provide]                PROVIDE (__fini_array_start, .)
 *(SORT_BY_NAME(.fini_array.*))
 *(.fini_array*)
 .fini_array    0x0800787c        0x4 c:/program files (x86)/gnu tools arm embedded/7 2017-q4-major/bin/../lib/gcc/arm-none-eabi/7.2.1/thumb/v7e-m/fpv4-sp/hard/crtbegin.o
                [!provide]                PROVIDE (__fini_array_end, .)
                0x08007880                _sidata = LOADADDR (.data)

.data           0x20000000      0x1dc load address 0x08007880
                0x20000000                . = ALIGN (0x4)
                0x20000000                _sdata = .
 *(.data)
 *(.data*)
 .data.uwTickFreq
                0x20000000        0x1 build/stm32f4xx_hal.o
                0x20000000                uwTickFreq
 *fill*         0x20000001        0x3 
 .data.uwTickPrio
                0x20000004        0x4 build/stm32f4xx_hal.o
                0x20000004                uwTickPrio
 .data.SystemCoreClock
                0x20000008        0x4 build/system_stm32f4xx.o
                0x20000008                SystemCoreClock
 .data._impure_ptr
                0x2000000c        0x4 c:/program files (x86)/gnu tools arm embedded/7 2017-q4-major/bin/../lib/gcc/arm-none-eabi/7.2.1/../../../../arm-none-eabi/lib/thumb/v7e-m/fpv4-sp/hard\libc_nano.a(lib_a-impure.o)
                0x2000000c                _impure_ptr
 .data.impure_data
                0x20000010       0x60 c:/program files (x86)/gnu tools arm embedded/7 2017-q4-major/bin/../lib/gcc/arm-none-eabi/7.2.1/../../../../arm-none-eabi/lib/thumb/v7e-m/fpv4-sp/hard\libc_nano.a(lib_a-impure.o)
 .data.__global_locale
                0x20000070      0x16c c:/program files (x86)/gnu tools arm embedded/7 2017-q4-major/bin/../lib/gcc/arm-none-eabi/7.2.1/../../../../arm-none-eabi/lib/thumb/v7e-m/fpv4-sp/hard\libc_nano.a(lib_a-locale.o)
                0x20000070                __global_locale
                0x200001dc                . = ALIGN (0x4)
                0x200001dc                _edata = .
                0x08007a5c                _siccmram = LOADADDR (.ccmram)

.igot.plt       0x200001dc        0x0 load address 0x08007a5c
 .igot.plt      0x200001dc        0x0 c:/program files (x86)/gnu tools arm embedded/7 2017-q4-major/bin/../lib/gcc/arm-none-eabi/7.2.1/thumb/v7e-m/fpv4-sp/hard/crtbegin.o

.ccmram         0x10000000        0x0 load address 0x08007a5c
                0x10000000                . = ALIGN (0x4)
                0x10000000                _sccmram = .
 *(.ccmram)
 *(.ccmram*)
                0x10000000                . = ALIGN (0x4)
                0x10000000                _eccmram = .
                0x10000000                . = ALIGN (0x4)

.bss            0x200001dc     0xbf68
                0x200001dc                _sbss = .
                0x200001dc                __bss_start__ = _sbss
 *(.bss)
 .bss           0x200001dc       0x1c c:/program files (x86)/gnu tools arm embedded/7 2017-q4-major/bin/../lib/gcc/arm-none-eabi/7.2.1/thumb/v7e-m/fpv4-sp/hard/crtbegin.o
 *(.bss*)
 .bss.heap_end.7234
                0x200001f8        0x4 build/syscalls.o
 .bss.__malloc_free_list
                0x200001fc        0x4 c:/program files (x86)/gnu tools arm embedded/7 2017-q4-major/bin/../lib/gcc/arm-none-eabi/7.2.1/../../../../arm-none-eabi/lib/thumb/v7e-m/fpv4-sp/hard\libc_nano.a(lib_a-nano-mallocr.o)
                0x200001fc                __malloc_free_list
 .bss.__malloc_sbrk_start
                0x20000200        0x4 c:/program files (x86)/gnu tools arm embedded/7 2017-q4-major/bin/../lib/gcc/arm-none-eabi/7.2.1/../../../../arm-none-eabi/lib/thumb/v7e-m/fpv4-sp/hard\libc_nano.a(lib_a-nano-mallocr.o)
                0x20000200                __malloc_sbrk_start
 *(COMMON)
 COMMON         0x20000204        0x4 build/stm32f4xx_hal.o
                0x20000204                uwTick
 COMMON         0x20000208       0xd8 build/adc.o
                0x20000208                hadc2
                0x20000250                hadc1
                0x20000298                hadc3
 COMMON         0x200002e0        0xc build/stm32f4xx_it.o
                0x200002e0                s_sum_l
                0x200002e4                y_sum
                0x200002e8                s_sum_r
 COMMON         0x200002ec       0x40 build/usart.o
                0x200002ec                huart3
 COMMON         0x2000032c      0x150 build/tim.o
                0x2000032c                htim4
                0x20000368                sMasterConfig
                0x20000370                htim5
                0x200003ac                htim3
                0x200003e8                sConfigOC
                0x20000404                htim1
                0x20000440                htim2
 COMMON         0x2000047c       0x58 build/spi.o
                0x2000047c                hspi2
 COMMON         0x200004d4     0xbc6c build/global.o
                0x200004d4                ms_count
                0x200004d8                batt_Vcc
                0x200004dc                constant_T
                0x200004e0                y_accel_T
                0x200004e4                accel_T
                0x200004e8                flag
                0x200004f4                position
                0x20000500                batt_analog
                0x20000502                decrease_T
                0x20000504                sensor_count
                0x2000050c                enc
                0x20000534                y_constant_T
                0x20000538                sensor_adc_off
                0x20000540                calc
                0x20000550                log_distance
                0x20003430                sensor_adc
                0x20003438                speed_count
                0x2000343c                s_accel
                0x20003440                gyro
                0x20003458                log_enc
                0x20009218                sensor_wall
                0x20009220                log_calc
                0x2000c100                s_count
                0x2000c104                sensor_adc_on
                0x2000c10c                sensor
                0x2000c130                motor
                0x2000c138                count_tim5
                0x2000c13c                y_decrease_T
 COMMON         0x2000c140        0x4 c:/program files (x86)/gnu tools arm embedded/7 2017-q4-major/bin/../lib/gcc/arm-none-eabi/7.2.1/../../../../arm-none-eabi/lib/thumb/v7e-m/fpv4-sp/hard\libc_nano.a(lib_a-reent.o)
                0x2000c140                errno
                0x2000c144                . = ALIGN (0x4)
                0x2000c144                _ebss = .
                0x2000c144                __bss_end__ = _ebss

._user_heap_stack
                0x2000c144      0x604
                0x2000c148                . = ALIGN (0x8)
 *fill*         0x2000c144        0x4 
                0x2000c148                PROVIDE (end, .)
                [!provide]                PROVIDE (_end, .)
                0x2000c348                . = (. + _Min_Heap_Size)
 *fill*         0x2000c148      0x200 
                0x2000c748                . = (. + _Min_Stack_Size)
 *fill*         0x2000c348      0x400 
                0x2000c748                . = ALIGN (0x8)

/DISCARD/
 libc.a(*)
 libm.a(*)
 libgcc.a(*)

.ARM.attributes
                0x00000000       0x30
 *(.ARM.attributes)
 .ARM.attributes
                0x00000000       0x22 c:/program files (x86)/gnu tools arm embedded/7 2017-q4-major/bin/../lib/gcc/arm-none-eabi/7.2.1/thumb/v7e-m/fpv4-sp/hard/crti.o
 .ARM.attributes
                0x00000022       0x34 c:/program files (x86)/gnu tools arm embedded/7 2017-q4-major/bin/../lib/gcc/arm-none-eabi/7.2.1/thumb/v7e-m/fpv4-sp/hard/crtbegin.o
 .ARM.attributes
                0x00000056       0x39 build/stm32f4xx_hal.o
 .ARM.attributes
                0x0000008f       0x39 build/system_stm32f4xx.o
 .ARM.attributes
                0x000000c8       0x39 build/stm32f4xx_hal_gpio.o
 .ARM.attributes
                0x00000101       0x39 build/adc.o
 .ARM.attributes
                0x0000013a       0x39 build/stm32f4xx_it.o
 .ARM.attributes
                0x00000173       0x39 build/stm32f4xx_hal_tim_ex.o
 .ARM.attributes
                0x000001ac       0x39 build/gpio.o
 .ARM.attributes
                0x000001e5       0x39 build/stm32f4xx_hal_spi.o
 .ARM.attributes
                0x0000021e       0x39 build/stm32f4xx_hal_rcc.o
 .ARM.attributes
                0x00000257       0x39 build/main.o
 .ARM.attributes
                0x00000290       0x39 build/usart.o
 .ARM.attributes
                0x000002c9       0x39 build/stm32f4xx_hal_uart.o
 .ARM.attributes
                0x00000302       0x39 build/tim.o
 .ARM.attributes
                0x0000033b       0x39 build/stm32f4xx_hal_cortex.o
 .ARM.attributes
                0x00000374       0x39 build/stm32f4xx_hal_adc.o
 .ARM.attributes
                0x000003ad       0x39 build/stm32f4xx_hal_msp.o
 .ARM.attributes
                0x000003e6       0x39 build/stm32f4xx_hal_tim.o
 .ARM.attributes
                0x0000041f       0x39 build/spi.o
 .ARM.attributes
                0x00000458       0x39 build/syscalls.o
 .ARM.attributes
                0x00000491       0x39 build/global.o
 .ARM.attributes
                0x000004ca       0x39 build/control.o
 .ARM.attributes
                0x00000503       0x39 build/mode.o
 .ARM.attributes
                0x0000053c       0x21 build/startup_stm32f405xx.o
 .ARM.attributes
                0x0000055d       0x34 c:/program files (x86)/gnu tools arm embedded/7 2017-q4-major/bin/../lib/gcc/arm-none-eabi/7.2.1/../../../../arm-none-eabi/lib/thumb/v7e-m/fpv4-sp/hard\libc_nano.a(lib_a-errno.o)
 .ARM.attributes
                0x00000591       0x34 c:/program files (x86)/gnu tools arm embedded/7 2017-q4-major/bin/../lib/gcc/arm-none-eabi/7.2.1/../../../../arm-none-eabi/lib/thumb/v7e-m/fpv4-sp/hard\libc_nano.a(lib_a-impure.o)
 .ARM.attributes
                0x000005c5       0x34 c:/program files (x86)/gnu tools arm embedded/7 2017-q4-major/bin/../lib/gcc/arm-none-eabi/7.2.1/../../../../arm-none-eabi/lib/thumb/v7e-m/fpv4-sp/hard\libc_nano.a(lib_a-init.o)
 .ARM.attributes
                0x000005f9       0x34 c:/program files (x86)/gnu tools arm embedded/7 2017-q4-major/bin/../lib/gcc/arm-none-eabi/7.2.1/../../../../arm-none-eabi/lib/thumb/v7e-m/fpv4-sp/hard\libc_nano.a(lib_a-memcpy-stub.o)
 .ARM.attributes
                0x0000062d       0x34 c:/program files (x86)/gnu tools arm embedded/7 2017-q4-major/bin/../lib/gcc/arm-none-eabi/7.2.1/../../../../arm-none-eabi/lib/thumb/v7e-m/fpv4-sp/hard\libc_nano.a(lib_a-memset.o)
 .ARM.attributes
                0x00000661       0x34 c:/program files (x86)/gnu tools arm embedded/7 2017-q4-major/bin/../lib/gcc/arm-none-eabi/7.2.1/../../../../arm-none-eabi/lib/thumb/v7e-m/fpv4-sp/hard\libc_nano.a(lib_a-nano-vfprintf_float.o)
 .ARM.attributes
                0x00000695       0x34 c:/program files (x86)/gnu tools arm embedded/7 2017-q4-major/bin/../lib/gcc/arm-none-eabi/7.2.1/../../../../arm-none-eabi/lib/thumb/v7e-m/fpv4-sp/hard\libc_nano.a(lib_a-nano-vfprintf_i.o)
 .ARM.attributes
                0x000006c9       0x34 c:/program files (x86)/gnu tools arm embedded/7 2017-q4-major/bin/../lib/gcc/arm-none-eabi/7.2.1/../../../../arm-none-eabi/lib/thumb/v7e-m/fpv4-sp/hard\libc_nano.a(lib_a-printf.o)
 .ARM.attributes
                0x000006fd       0x34 c:/program files (x86)/gnu tools arm embedded/7 2017-q4-major/bin/../lib/gcc/arm-none-eabi/7.2.1/../../../../arm-none-eabi/lib/thumb/v7e-m/fpv4-sp/hard\libc_nano.a(lib_a-setbuf.o)
 .ARM.attributes
                0x00000731       0x34 c:/program files (x86)/gnu tools arm embedded/7 2017-q4-major/bin/../lib/gcc/arm-none-eabi/7.2.1/../../../../arm-none-eabi/lib/thumb/v7e-m/fpv4-sp/hard\libc_nano.a(lib_a-setvbuf.o)
 .ARM.attributes
                0x00000765       0x1b c:/program files (x86)/gnu tools arm embedded/7 2017-q4-major/bin/../lib/gcc/arm-none-eabi/7.2.1/../../../../arm-none-eabi/lib/thumb/v7e-m/fpv4-sp/hard\libc_nano.a(lib_a-strlen.o)
 .ARM.attributes
                0x00000780       0x34 c:/program files (x86)/gnu tools arm embedded/7 2017-q4-major/bin/../lib/gcc/arm-none-eabi/7.2.1/../../../../arm-none-eabi/lib/thumb/v7e-m/fpv4-sp/hard\libc_nano.a(lib_a-dtoa.o)
 .ARM.attributes
                0x000007b4       0x34 c:/program files (x86)/gnu tools arm embedded/7 2017-q4-major/bin/../lib/gcc/arm-none-eabi/7.2.1/../../../../arm-none-eabi/lib/thumb/v7e-m/fpv4-sp/hard\libc_nano.a(lib_a-fflush.o)
 .ARM.attributes
                0x000007e8       0x34 c:/program files (x86)/gnu tools arm embedded/7 2017-q4-major/bin/../lib/gcc/arm-none-eabi/7.2.1/../../../../arm-none-eabi/lib/thumb/v7e-m/fpv4-sp/hard\libc_nano.a(lib_a-findfp.o)
 .ARM.attributes
                0x0000081c       0x34 c:/program files (x86)/gnu tools arm embedded/7 2017-q4-major/bin/../lib/gcc/arm-none-eabi/7.2.1/../../../../arm-none-eabi/lib/thumb/v7e-m/fpv4-sp/hard\libc_nano.a(lib_a-fwalk.o)
 .ARM.attributes
                0x00000850       0x34 c:/program files (x86)/gnu tools arm embedded/7 2017-q4-major/bin/../lib/gcc/arm-none-eabi/7.2.1/../../../../arm-none-eabi/lib/thumb/v7e-m/fpv4-sp/hard\libc_nano.a(lib_a-localeconv.o)
 .ARM.attributes
                0x00000884       0x34 c:/program files (x86)/gnu tools arm embedded/7 2017-q4-major/bin/../lib/gcc/arm-none-eabi/7.2.1/../../../../arm-none-eabi/lib/thumb/v7e-m/fpv4-sp/hard\libc_nano.a(lib_a-makebuf.o)
 .ARM.attributes
                0x000008b8       0x34 c:/program files (x86)/gnu tools arm embedded/7 2017-q4-major/bin/../lib/gcc/arm-none-eabi/7.2.1/../../../../arm-none-eabi/lib/thumb/v7e-m/fpv4-sp/hard\libc_nano.a(lib_a-malloc.o)
 .ARM.attributes
                0x000008ec       0x20 c:/program files (x86)/gnu tools arm embedded/7 2017-q4-major/bin/../lib/gcc/arm-none-eabi/7.2.1/../../../../arm-none-eabi/lib/thumb/v7e-m/fpv4-sp/hard\libc_nano.a(lib_a-memchr.o)
 .ARM.attributes
                0x0000090c       0x34 c:/program files (x86)/gnu tools arm embedded/7 2017-q4-major/bin/../lib/gcc/arm-none-eabi/7.2.1/../../../../arm-none-eabi/lib/thumb/v7e-m/fpv4-sp/hard\libc_nano.a(lib_a-mprec.o)
 .ARM.attributes
                0x00000940       0x34 c:/program files (x86)/gnu tools arm embedded/7 2017-q4-major/bin/../lib/gcc/arm-none-eabi/7.2.1/../../../../arm-none-eabi/lib/thumb/v7e-m/fpv4-sp/hard\libc_nano.a(lib_a-nano-callocr.o)
 .ARM.attributes
                0x00000974       0x34 c:/program files (x86)/gnu tools arm embedded/7 2017-q4-major/bin/../lib/gcc/arm-none-eabi/7.2.1/../../../../arm-none-eabi/lib/thumb/v7e-m/fpv4-sp/hard\libc_nano.a(lib_a-nano-freer.o)
 .ARM.attributes
                0x000009a8       0x34 c:/program files (x86)/gnu tools arm embedded/7 2017-q4-major/bin/../lib/gcc/arm-none-eabi/7.2.1/../../../../arm-none-eabi/lib/thumb/v7e-m/fpv4-sp/hard\libc_nano.a(lib_a-nano-mallocr.o)
 .ARM.attributes
                0x000009dc       0x34 c:/program files (x86)/gnu tools arm embedded/7 2017-q4-major/bin/../lib/gcc/arm-none-eabi/7.2.1/../../../../arm-none-eabi/lib/thumb/v7e-m/fpv4-sp/hard\libc_nano.a(lib_a-nano-vfprintf.o)
 .ARM.attributes
                0x00000a10       0x34 c:/program files (x86)/gnu tools arm embedded/7 2017-q4-major/bin/../lib/gcc/arm-none-eabi/7.2.1/../../../../arm-none-eabi/lib/thumb/v7e-m/fpv4-sp/hard\libc_nano.a(lib_a-sbrkr.o)
 .ARM.attributes
                0x00000a44       0x34 c:/program files (x86)/gnu tools arm embedded/7 2017-q4-major/bin/../lib/gcc/arm-none-eabi/7.2.1/../../../../arm-none-eabi/lib/thumb/v7e-m/fpv4-sp/hard\libc_nano.a(lib_a-stdio.o)
 .ARM.attributes
                0x00000a78       0x34 c:/program files (x86)/gnu tools arm embedded/7 2017-q4-major/bin/../lib/gcc/arm-none-eabi/7.2.1/../../../../arm-none-eabi/lib/thumb/v7e-m/fpv4-sp/hard\libc_nano.a(lib_a-wbuf.o)
 .ARM.attributes
                0x00000aac       0x34 c:/program files (x86)/gnu tools arm embedded/7 2017-q4-major/bin/../lib/gcc/arm-none-eabi/7.2.1/../../../../arm-none-eabi/lib/thumb/v7e-m/fpv4-sp/hard\libc_nano.a(lib_a-writer.o)
 .ARM.attributes
                0x00000ae0       0x34 c:/program files (x86)/gnu tools arm embedded/7 2017-q4-major/bin/../lib/gcc/arm-none-eabi/7.2.1/../../../../arm-none-eabi/lib/thumb/v7e-m/fpv4-sp/hard\libc_nano.a(lib_a-wsetup.o)
 .ARM.attributes
                0x00000b14       0x34 c:/program files (x86)/gnu tools arm embedded/7 2017-q4-major/bin/../lib/gcc/arm-none-eabi/7.2.1/../../../../arm-none-eabi/lib/thumb/v7e-m/fpv4-sp/hard\libc_nano.a(lib_a-closer.o)
 .ARM.attributes
                0x00000b48       0x34 c:/program files (x86)/gnu tools arm embedded/7 2017-q4-major/bin/../lib/gcc/arm-none-eabi/7.2.1/../../../../arm-none-eabi/lib/thumb/v7e-m/fpv4-sp/hard\libc_nano.a(lib_a-fstatr.o)
 .ARM.attributes
                0x00000b7c       0x34 c:/program files (x86)/gnu tools arm embedded/7 2017-q4-major/bin/../lib/gcc/arm-none-eabi/7.2.1/../../../../arm-none-eabi/lib/thumb/v7e-m/fpv4-sp/hard\libc_nano.a(lib_a-isattyr.o)
 .ARM.attributes
                0x00000bb0       0x34 c:/program files (x86)/gnu tools arm embedded/7 2017-q4-major/bin/../lib/gcc/arm-none-eabi/7.2.1/../../../../arm-none-eabi/lib/thumb/v7e-m/fpv4-sp/hard\libc_nano.a(lib_a-locale.o)
 .ARM.attributes
                0x00000be4       0x34 c:/program files (x86)/gnu tools arm embedded/7 2017-q4-major/bin/../lib/gcc/arm-none-eabi/7.2.1/../../../../arm-none-eabi/lib/thumb/v7e-m/fpv4-sp/hard\libc_nano.a(lib_a-lseekr.o)
 .ARM.attributes
                0x00000c18       0x34 c:/program files (x86)/gnu tools arm embedded/7 2017-q4-major/bin/../lib/gcc/arm-none-eabi/7.2.1/../../../../arm-none-eabi/lib/thumb/v7e-m/fpv4-sp/hard\libc_nano.a(lib_a-mbtowc_r.o)
 .ARM.attributes
                0x00000c4c       0x34 c:/program files (x86)/gnu tools arm embedded/7 2017-q4-major/bin/../lib/gcc/arm-none-eabi/7.2.1/../../../../arm-none-eabi/lib/thumb/v7e-m/fpv4-sp/hard\libc_nano.a(lib_a-mlock.o)
 .ARM.attributes
                0x00000c80       0x34 c:/program files (x86)/gnu tools arm embedded/7 2017-q4-major/bin/../lib/gcc/arm-none-eabi/7.2.1/../../../../arm-none-eabi/lib/thumb/v7e-m/fpv4-sp/hard\libc_nano.a(lib_a-readr.o)
 .ARM.attributes
                0x00000cb4       0x34 c:/program files (x86)/gnu tools arm embedded/7 2017-q4-major/bin/../lib/gcc/arm-none-eabi/7.2.1/../../../../arm-none-eabi/lib/thumb/v7e-m/fpv4-sp/hard\libc_nano.a(lib_a-reent.o)
 .ARM.attributes
                0x00000ce8       0x34 c:/program files (x86)/gnu tools arm embedded/7 2017-q4-major/bin/../lib/gcc/arm-none-eabi/7.2.1/../../../../arm-none-eabi/lib/thumb/v7e-m/fpv4-sp/hard\libc_nano.a(lib_a-wctomb_r.o)
 .ARM.attributes
                0x00000d1c       0x34 c:/program files (x86)/gnu tools arm embedded/7 2017-q4-major/bin/../lib/gcc/arm-none-eabi/7.2.1/../../../../arm-none-eabi/lib/thumb/v7e-m/fpv4-sp/hard\libc_nano.a(lib_a-ctype_.o)
 .ARM.attributes
                0x00000d50       0x22 c:/program files (x86)/gnu tools arm embedded/7 2017-q4-major/bin/../lib/gcc/arm-none-eabi/7.2.1/thumb/v7e-m/fpv4-sp/hard\libgcc.a(_arm_addsubdf3.o)
 .ARM.attributes
                0x00000d72       0x22 c:/program files (x86)/gnu tools arm embedded/7 2017-q4-major/bin/../lib/gcc/arm-none-eabi/7.2.1/thumb/v7e-m/fpv4-sp/hard\libgcc.a(_arm_muldivdf3.o)
 .ARM.attributes
                0x00000d94       0x22 c:/program files (x86)/gnu tools arm embedded/7 2017-q4-major/bin/../lib/gcc/arm-none-eabi/7.2.1/thumb/v7e-m/fpv4-sp/hard\libgcc.a(_arm_cmpdf2.o)
 .ARM.attributes
                0x00000db6       0x22 c:/program files (x86)/gnu tools arm embedded/7 2017-q4-major/bin/../lib/gcc/arm-none-eabi/7.2.1/thumb/v7e-m/fpv4-sp/hard\libgcc.a(_arm_unorddf2.o)
 .ARM.attributes
                0x00000dd8       0x22 c:/program files (x86)/gnu tools arm embedded/7 2017-q4-major/bin/../lib/gcc/arm-none-eabi/7.2.1/thumb/v7e-m/fpv4-sp/hard\libgcc.a(_arm_fixdfsi.o)
 .ARM.attributes
                0x00000dfa       0x22 c:/program files (x86)/gnu tools arm embedded/7 2017-q4-major/bin/../lib/gcc/arm-none-eabi/7.2.1/thumb/v7e-m/fpv4-sp/hard\libgcc.a(_aeabi_uldivmod.o)
 .ARM.attributes
                0x00000e1c       0x34 c:/program files (x86)/gnu tools arm embedded/7 2017-q4-major/bin/../lib/gcc/arm-none-eabi/7.2.1/thumb/v7e-m/fpv4-sp/hard\libgcc.a(_udivmoddi4.o)
 .ARM.attributes
                0x00000e50       0x22 c:/program files (x86)/gnu tools arm embedded/7 2017-q4-major/bin/../lib/gcc/arm-none-eabi/7.2.1/thumb/v7e-m/fpv4-sp/hard\libgcc.a(_dvmd_tls.o)
 .ARM.attributes
                0x00000e72       0x22 c:/program files (x86)/gnu tools arm embedded/7 2017-q4-major/bin/../lib/gcc/arm-none-eabi/7.2.1/thumb/v7e-m/fpv4-sp/hard/crtn.o
OUTPUT(build/mmc2018_ver1.elf elf32-littlearm)

.debug_info     0x00000000    0x24ecb
 .debug_info    0x00000000     0x137d build/stm32f4xx_hal.o
 .debug_info    0x0000137d      0xe82 build/system_stm32f4xx.o
 .debug_info    0x000021ff     0x110f build/stm32f4xx_hal_gpio.o
 .debug_info    0x0000330e     0x201f build/adc.o
 .debug_info    0x0000532d     0x1c57 build/stm32f4xx_it.o
 .debug_info    0x00006f84     0x1d71 build/stm32f4xx_hal_tim_ex.o
 .debug_info    0x00008cf5     0x172b build/gpio.o
 .debug_info    0x0000a420     0x2464 build/stm32f4xx_hal_spi.o
 .debug_info    0x0000c884     0x1418 build/stm32f4xx_hal_rcc.o
 .debug_info    0x0000dc9c     0x2640 build/main.o
 .debug_info    0x000102dc     0x1367 build/usart.o
 .debug_info    0x00011643     0x2172 build/stm32f4xx_hal_uart.o
 .debug_info    0x000137b5     0x291f build/tim.o
 .debug_info    0x000160d4     0x1903 build/stm32f4xx_hal_cortex.o
 .debug_info    0x000179d7     0x17f4 build/stm32f4xx_hal_adc.o
 .debug_info    0x000191cb      0xd4e build/stm32f4xx_hal_msp.o
 .debug_info    0x00019f19     0x3a39 build/stm32f4xx_hal_tim.o
 .debug_info    0x0001d952     0x1cf2 build/spi.o
 .debug_info    0x0001f644     0x114b build/syscalls.o
 .debug_info    0x0002078f      0xfd8 build/global.o
 .debug_info    0x00021767     0x1b81 build/control.o
 .debug_info    0x000232e8     0x1bc1 build/mode.o
 .debug_info    0x00024ea9       0x22 build/startup_stm32f405xx.o

.debug_abbrev   0x00000000     0x3d01
 .debug_abbrev  0x00000000      0x2e1 build/stm32f4xx_hal.o
 .debug_abbrev  0x000002e1      0x1e6 build/system_stm32f4xx.o
 .debug_abbrev  0x000004c7      0x2be build/stm32f4xx_hal_gpio.o
 .debug_abbrev  0x00000785      0x2b0 build/adc.o
 .debug_abbrev  0x00000a35      0x259 build/stm32f4xx_it.o
 .debug_abbrev  0x00000c8e      0x2f8 build/stm32f4xx_hal_tim_ex.o
 .debug_abbrev  0x00000f86      0x26c build/gpio.o
 .debug_abbrev  0x000011f2      0x323 build/stm32f4xx_hal_spi.o
 .debug_abbrev  0x00001515      0x32f build/stm32f4xx_hal_rcc.o
 .debug_abbrev  0x00001844      0x317 build/main.o
 .debug_abbrev  0x00001b5b      0x23b build/usart.o
 .debug_abbrev  0x00001d96      0x375 build/stm32f4xx_hal_uart.o
 .debug_abbrev  0x0000210b      0x30c build/tim.o
 .debug_abbrev  0x00002417      0x3dc build/stm32f4xx_hal_cortex.o
 .debug_abbrev  0x000027f3      0x300 build/stm32f4xx_hal_adc.o
 .debug_abbrev  0x00002af3      0x1ed build/stm32f4xx_hal_msp.o
 .debug_abbrev  0x00002ce0      0x310 build/stm32f4xx_hal_tim.o
 .debug_abbrev  0x00002ff0      0x2d0 build/spi.o
 .debug_abbrev  0x000032c0      0x2d3 build/syscalls.o
 .debug_abbrev  0x00003593      0x1a5 build/global.o
 .debug_abbrev  0x00003738      0x30f build/control.o
 .debug_abbrev  0x00003a47      0x2a8 build/mode.o
 .debug_abbrev  0x00003cef       0x12 build/startup_stm32f405xx.o

.debug_loc      0x00000000     0xc6c5
 .debug_loc     0x00000000      0x19d build/stm32f4xx_hal.o
 .debug_loc     0x0000019d      0x13e build/system_stm32f4xx.o
 .debug_loc     0x000002db      0x531 build/stm32f4xx_hal_gpio.o
 .debug_loc     0x0000080c      0x33f build/adc.o
 .debug_loc     0x00000b4b       0x40 build/stm32f4xx_it.o
 .debug_loc     0x00000b8b     0x131e build/stm32f4xx_hal_tim_ex.o
 .debug_loc     0x00001ea9      0x171 build/gpio.o
 .debug_loc     0x0000201a     0x1ffb build/stm32f4xx_hal_spi.o
 .debug_loc     0x00004015      0x555 build/stm32f4xx_hal_rcc.o
 .debug_loc     0x0000456a      0x158 build/main.o
 .debug_loc     0x000046c2       0xd3 build/usart.o
 .debug_loc     0x00004795     0x1a3f build/stm32f4xx_hal_uart.o
 .debug_loc     0x000061d4      0x53b build/tim.o
 .debug_loc     0x0000670f      0x65e build/stm32f4xx_hal_cortex.o
 .debug_loc     0x00006d6d      0xbd0 build/stm32f4xx_hal_adc.o
 .debug_loc     0x0000793d       0x20 build/stm32f4xx_hal_msp.o
 .debug_loc     0x0000795d     0x404a build/stm32f4xx_hal_tim.o
 .debug_loc     0x0000b9a7      0x2ac build/spi.o
 .debug_loc     0x0000bc53      0x51b build/syscalls.o
 .debug_loc     0x0000c16e      0x3ca build/control.o
 .debug_loc     0x0000c538      0x18d build/mode.o

.debug_aranges  0x00000000     0x1020
 .debug_aranges
                0x00000000       0xe0 build/stm32f4xx_hal.o
 .debug_aranges
                0x000000e0       0x28 build/system_stm32f4xx.o
 .debug_aranges
                0x00000108       0x58 build/stm32f4xx_hal_gpio.o
 .debug_aranges
                0x00000160       0x70 build/adc.o
 .debug_aranges
                0x000001d0       0x68 build/stm32f4xx_it.o
 .debug_aranges
                0x00000238      0x140 build/stm32f4xx_hal_tim_ex.o
 .debug_aranges
                0x00000378       0x50 build/gpio.o
 .debug_aranges
                0x000003c8      0x1c8 build/stm32f4xx_hal_spi.o
 .debug_aranges
                0x00000590       0x88 build/stm32f4xx_hal_rcc.o
 .debug_aranges
                0x00000618       0x48 build/main.o
 .debug_aranges
                0x00000660       0x30 build/usart.o
 .debug_aranges
                0x00000690      0x1d0 build/stm32f4xx_hal_uart.o
 .debug_aranges
                0x00000860       0x90 build/tim.o
 .debug_aranges
                0x000008f0       0xa8 build/stm32f4xx_hal_cortex.o
 .debug_aranges
                0x00000998       0xe8 build/stm32f4xx_hal_adc.o
 .debug_aranges
                0x00000a80       0x20 build/stm32f4xx_hal_msp.o
 .debug_aranges
                0x00000aa0      0x368 build/stm32f4xx_hal_tim.o
 .debug_aranges
                0x00000e08       0x68 build/spi.o
 .debug_aranges
                0x00000e70       0xb0 build/syscalls.o
 .debug_aranges
                0x00000f20       0x18 build/global.o
 .debug_aranges
                0x00000f38       0x68 build/control.o
 .debug_aranges
                0x00000fa0       0x58 build/mode.o
 .debug_aranges
                0x00000ff8       0x28 build/startup_stm32f405xx.o

.debug_ranges   0x00000000      0xf40
 .debug_ranges  0x00000000       0xd0 build/stm32f4xx_hal.o
 .debug_ranges  0x000000d0       0x18 build/system_stm32f4xx.o
 .debug_ranges  0x000000e8       0x48 build/stm32f4xx_hal_gpio.o
 .debug_ranges  0x00000130       0x60 build/adc.o
 .debug_ranges  0x00000190       0x58 build/stm32f4xx_it.o
 .debug_ranges  0x000001e8      0x130 build/stm32f4xx_hal_tim_ex.o
 .debug_ranges  0x00000318       0x40 build/gpio.o
 .debug_ranges  0x00000358      0x1b8 build/stm32f4xx_hal_spi.o
 .debug_ranges  0x00000510       0x90 build/stm32f4xx_hal_rcc.o
 .debug_ranges  0x000005a0       0x50 build/main.o
 .debug_ranges  0x000005f0       0x20 build/usart.o
 .debug_ranges  0x00000610      0x1c0 build/stm32f4xx_hal_uart.o
 .debug_ranges  0x000007d0       0x80 build/tim.o
 .debug_ranges  0x00000850       0xf8 build/stm32f4xx_hal_cortex.o
 .debug_ranges  0x00000948       0xd8 build/stm32f4xx_hal_adc.o
 .debug_ranges  0x00000a20       0x10 build/stm32f4xx_hal_msp.o
 .debug_ranges  0x00000a30      0x358 build/stm32f4xx_hal_tim.o
 .debug_ranges  0x00000d88       0x58 build/spi.o
 .debug_ranges  0x00000de0       0xa0 build/syscalls.o
 .debug_ranges  0x00000e80       0x58 build/control.o
 .debug_ranges  0x00000ed8       0x48 build/mode.o
 .debug_ranges  0x00000f20       0x20 build/startup_stm32f405xx.o

.debug_line     0x00000000     0x7d20
 .debug_line    0x00000000      0x482 build/stm32f4xx_hal.o
 .debug_line    0x00000482      0x255 build/system_stm32f4xx.o
 .debug_line    0x000006d7      0x410 build/stm32f4xx_hal_gpio.o
 .debug_line    0x00000ae7      0x46e build/adc.o
 .debug_line    0x00000f55      0x3e3 build/stm32f4xx_it.o
 .debug_line    0x00001338      0x878 build/stm32f4xx_hal_tim_ex.o
 .debug_line    0x00001bb0      0x314 build/gpio.o
 .debug_line    0x00001ec4      0xca9 build/stm32f4xx_hal_spi.o
 .debug_line    0x00002b6d      0x546 build/stm32f4xx_hal_rcc.o
 .debug_line    0x000030b3      0x48e build/main.o
 .debug_line    0x00003541      0x2e3 build/usart.o
 .debug_line    0x00003824      0xbd9 build/stm32f4xx_hal_uart.o
 .debug_line    0x000043fd      0x56e build/tim.o
 .debug_line    0x0000496b      0x4c2 build/stm32f4xx_hal_cortex.o
 .debug_line    0x00004e2d      0x758 build/stm32f4xx_hal_adc.o
 .debug_line    0x00005585      0x264 build/stm32f4xx_hal_msp.o
 .debug_line    0x000057e9     0x1332 build/stm32f4xx_hal_tim.o
 .debug_line    0x00006b1b      0x415 build/spi.o
 .debug_line    0x00006f30      0x3a7 build/syscalls.o
 .debug_line    0x000072d7      0x1a1 build/global.o
 .debug_line    0x00007478      0x436 build/control.o
 .debug_line    0x000078ae      0x3fe build/mode.o
 .debug_line    0x00007cac       0x74 build/startup_stm32f405xx.o

.debug_str      0x00000000     0x49a7
 .debug_str     0x00000000      0xe8b build/stm32f4xx_hal.o
                                0xf33 (size before relaxing)
 .debug_str     0x00000e8b       0xa7 build/system_stm32f4xx.o
                                0x765 (size before relaxing)
 .debug_str     0x00000f32      0x1db build/stm32f4xx_hal_gpio.o
                                0x901 (size before relaxing)
 .debug_str     0x0000110d      0x6cf build/adc.o
                                0xf1c (size before relaxing)
 .debug_str     0x000017dc      0x4ec build/stm32f4xx_it.o
                               0x116d (size before relaxing)
 .debug_str     0x00001cc8      0x64d build/stm32f4xx_hal_tim_ex.o
                               0x1086 (size before relaxing)
 .debug_str     0x00002315       0x4b build/gpio.o
                                0xa45 (size before relaxing)
 .debug_str     0x00002360      0x517 build/stm32f4xx_hal_spi.o
                                0xf8b (size before relaxing)
 .debug_str     0x00002877      0x2c5 build/stm32f4xx_hal_rcc.o
                                0xad4 (size before relaxing)
 .debug_str     0x00002b3c      0x300 build/main.o
                               0x1a77 (size before relaxing)
 .debug_str     0x00002e3c       0x49 build/usart.o
                                0xbdf (size before relaxing)
 .debug_str     0x00002e85      0x4eb build/stm32f4xx_hal_uart.o
                               0x1003 (size before relaxing)
 .debug_str     0x00003370      0x25f build/tim.o
                               0x17cb (size before relaxing)
 .debug_str     0x000035cf      0x312 build/stm32f4xx_hal_cortex.o
                               0x100a (size before relaxing)
 .debug_str     0x000038e1      0x24e build/stm32f4xx_hal_adc.o
                                0xd54 (size before relaxing)
 .debug_str     0x00003b2f       0x18 build/stm32f4xx_hal_msp.o
                                0xae5 (size before relaxing)
 .debug_str     0x00003b47      0xa09 build/stm32f4xx_hal_tim.o
                               0x17c6 (size before relaxing)
 .debug_str     0x00004550       0x63 build/spi.o
                                0xf41 (size before relaxing)
 .debug_str     0x000045b3      0x256 build/syscalls.o
                                0x824 (size before relaxing)
 .debug_str     0x00004809       0x4e build/global.o
                                0x826 (size before relaxing)
 .debug_str     0x00004857       0xe1 build/control.o
                                0xe5a (size before relaxing)
 .debug_str     0x00004938       0x4a build/mode.o
                                0xf0d (size before relaxing)
 .debug_str     0x00004982       0x25 build/startup_stm32f405xx.o
                                 0x4c (size before relaxing)

.comment        0x00000000       0x7e
 .comment       0x00000000       0x7e build/stm32f4xx_hal.o
                                 0x7f (size before relaxing)
 .comment       0x0000007e       0x7f build/system_stm32f4xx.o
 .comment       0x0000007e       0x7f build/stm32f4xx_hal_gpio.o
 .comment       0x0000007e       0x7f build/adc.o
 .comment       0x0000007e       0x7f build/stm32f4xx_it.o
 .comment       0x0000007e       0x7f build/stm32f4xx_hal_tim_ex.o
 .comment       0x0000007e       0x7f build/gpio.o
 .comment       0x0000007e       0x7f build/stm32f4xx_hal_spi.o
 .comment       0x0000007e       0x7f build/stm32f4xx_hal_rcc.o
 .comment       0x0000007e       0x7f build/main.o
 .comment       0x0000007e       0x7f build/usart.o
 .comment       0x0000007e       0x7f build/stm32f4xx_hal_uart.o
 .comment       0x0000007e       0x7f build/tim.o
 .comment       0x0000007e       0x7f build/stm32f4xx_hal_cortex.o
 .comment       0x0000007e       0x7f build/stm32f4xx_hal_adc.o
 .comment       0x0000007e       0x7f build/stm32f4xx_hal_msp.o
 .comment       0x0000007e       0x7f build/stm32f4xx_hal_tim.o
 .comment       0x0000007e       0x7f build/spi.o
 .comment       0x0000007e       0x7f build/syscalls.o
 .comment       0x0000007e       0x7f build/global.o
 .comment       0x0000007e       0x7f build/control.o
 .comment       0x0000007e       0x7f build/mode.o

.debug_frame    0x00000000     0x3d90
 .debug_frame   0x00000000      0x1e0 build/stm32f4xx_hal.o
 .debug_frame   0x000001e0       0x30 build/system_stm32f4xx.o
 .debug_frame   0x00000210       0xec build/stm32f4xx_hal_gpio.o
 .debug_frame   0x000002fc      0x15c build/adc.o
 .debug_frame   0x00000458       0xc8 build/stm32f4xx_it.o
 .debug_frame   0x00000520      0x3f0 build/stm32f4xx_hal_tim_ex.o
 .debug_frame   0x00000910       0xe4 build/gpio.o
 .debug_frame   0x000009f4      0x5ec build/stm32f4xx_hal_spi.o
 .debug_frame   0x00000fe0      0x1c4 build/stm32f4xx_hal_rcc.o
 .debug_frame   0x000011a4       0xb4 build/main.o
 .debug_frame   0x00001258       0x64 build/usart.o
 .debug_frame   0x000012bc      0x57c build/stm32f4xx_hal_uart.o
 .debug_frame   0x00001838      0x1cc build/tim.o
 .debug_frame   0x00001a04      0x16c build/stm32f4xx_hal_cortex.o
 .debug_frame   0x00001b70      0x2b8 build/stm32f4xx_hal_adc.o
 .debug_frame   0x00001e28       0x2c build/stm32f4xx_hal_msp.o
 .debug_frame   0x00001e54      0xb0c build/stm32f4xx_hal_tim.o
 .debug_frame   0x00002960      0x138 build/spi.o
 .debug_frame   0x00002a98      0x1d8 build/syscalls.o
 .debug_frame   0x00002c70      0x140 build/control.o
 .debug_frame   0x00002db0      0x100 build/mode.o
 .debug_frame   0x00002eb0       0x20 c:/program files (x86)/gnu tools arm embedded/7 2017-q4-major/bin/../lib/gcc/arm-none-eabi/7.2.1/../../../../arm-none-eabi/lib/thumb/v7e-m/fpv4-sp/hard\libc_nano.a(lib_a-errno.o)
 .debug_frame   0x00002ed0       0x2c c:/program files (x86)/gnu tools arm embedded/7 2017-q4-major/bin/../lib/gcc/arm-none-eabi/7.2.1/../../../../arm-none-eabi/lib/thumb/v7e-m/fpv4-sp/hard\libc_nano.a(lib_a-init.o)
 .debug_frame   0x00002efc       0x28 c:/program files (x86)/gnu tools arm embedded/7 2017-q4-major/bin/../lib/gcc/arm-none-eabi/7.2.1/../../../../arm-none-eabi/lib/thumb/v7e-m/fpv4-sp/hard\libc_nano.a(lib_a-memcpy-stub.o)
 .debug_frame   0x00002f24       0x20 c:/program files (x86)/gnu tools arm embedded/7 2017-q4-major/bin/../lib/gcc/arm-none-eabi/7.2.1/../../../../arm-none-eabi/lib/thumb/v7e-m/fpv4-sp/hard\libc_nano.a(lib_a-memset.o)
 .debug_frame   0x00002f44       0x8c c:/program files (x86)/gnu tools arm embedded/7 2017-q4-major/bin/../lib/gcc/arm-none-eabi/7.2.1/../../../../arm-none-eabi/lib/thumb/v7e-m/fpv4-sp/hard\libc_nano.a(lib_a-nano-vfprintf_float.o)